Archive member included because of file (symbol)

C:\Users\shiril\SimplicityStudio\v4_workspace\Assignment_3\platform\radio\rail_lib\autogen\librail_release\librail_efr32xg1_gcc_release.a(rail_pti.o)
                              ./pti.o (RAIL_ConfigPti)
C:\Users\shiril\SimplicityStudio\v4_workspace\Assignment_3\platform\radio\rail_lib\autogen\librail_release\librail_efr32xg1_gcc_release.a(rail_rf_hal.o)
                              C:\Users\shiril\SimplicityStudio\v4_workspace\Assignment_3\platform\radio\rail_lib\autogen\librail_release\librail_efr32xg1_gcc_release.a(rail_pti.o) (RFHAL_ConfigPti)
C:\Users\shiril\SimplicityStudio\v4_workspace\Assignment_3\platform\radio\rail_lib\autogen\librail_release\librail_efr32xg1_gcc_release.a(rail_singleprotocol.o)
                              C:\Users\shiril\SimplicityStudio\v4_workspace\Assignment_3\platform\radio\rail_lib\autogen\librail_release\librail_efr32xg1_gcc_release.a(rail_rf_hal.o) (RAIL_ActiveHandle)
C:\Users\shiril\SimplicityStudio\v4_workspace\Assignment_3\platform\radio\rail_lib\autogen\librail_release\librail_efr32xg1_gcc_release.a(rail_rf.o)
                              C:\Users\shiril\SimplicityStudio\v4_workspace\Assignment_3\platform\radio\rail_lib\autogen\librail_release\librail_efr32xg1_gcc_release.a(rail_singleprotocol.o) (RAILCore_Init)
C:\Users\shiril\SimplicityStudio\v4_workspace\Assignment_3\platform\radio\rail_lib\autogen\librail_release\librail_efr32xg1_gcc_release.a(rail_rx.o)
                              C:\Users\shiril\SimplicityStudio\v4_workspace\Assignment_3\platform\radio\rail_lib\autogen\librail_release\librail_efr32xg1_gcc_release.a(rail_rf_hal.o) (RAILCore_StartRx)
C:\Users\shiril\SimplicityStudio\v4_workspace\Assignment_3\platform\radio\rail_lib\autogen\librail_release\librail_efr32xg1_gcc_release.a(rail_tx.o)
                              C:\Users\shiril\SimplicityStudio\v4_workspace\Assignment_3\platform\radio\rail_lib\autogen\librail_release\librail_efr32xg1_gcc_release.a(rail_singleprotocol.o) (RAILCore_StartTx)
C:\Users\shiril\SimplicityStudio\v4_workspace\Assignment_3\platform\radio\rail_lib\autogen\librail_release\librail_efr32xg1_gcc_release.a(rail_calibration.o)
                              C:\Users\shiril\SimplicityStudio\v4_workspace\Assignment_3\platform\radio\rail_lib\autogen\librail_release\librail_efr32xg1_gcc_release.a(rail_rf_hal.o) (RAILInt_PendCal)
C:\Users\shiril\SimplicityStudio\v4_workspace\Assignment_3\platform\radio\rail_lib\autogen\librail_release\librail_efr32xg1_gcc_release.a(rail_assert.o)
                              C:\Users\shiril\SimplicityStudio\v4_workspace\Assignment_3\platform\radio\rail_lib\autogen\librail_release\librail_efr32xg1_gcc_release.a(rail_rf.o) (RAILInt_Assert)
C:\Users\shiril\SimplicityStudio\v4_workspace\Assignment_3\platform\radio\rail_lib\autogen\librail_release\librail_efr32xg1_gcc_release.a(rail_rssi.o)
                              C:\Users\shiril\SimplicityStudio\v4_workspace\Assignment_3\platform\radio\rail_lib\autogen\librail_release\librail_efr32xg1_gcc_release.a(rail_singleprotocol.o) (RAILCore_GetRssi)
C:\Users\shiril\SimplicityStudio\v4_workspace\Assignment_3\platform\radio\rail_lib\autogen\librail_release\librail_efr32xg1_gcc_release.a(bufc.o)
                              C:\Users\shiril\SimplicityStudio\v4_workspace\Assignment_3\platform\radio\rail_lib\autogen\librail_release\librail_efr32xg1_gcc_release.a(rail_rf_hal.o) (BUFC_SetTxBuffer)
C:\Users\shiril\SimplicityStudio\v4_workspace\Assignment_3\platform\radio\rail_lib\autogen\librail_release\librail_efr32xg1_gcc_release.a(ir_cal.o)
                              C:\Users\shiril\SimplicityStudio\v4_workspace\Assignment_3\platform\radio\rail_lib\autogen\librail_release\librail_efr32xg1_gcc_release.a(rail_rf_hal.o) (IRCAL_Set)
C:\Users\shiril\SimplicityStudio\v4_workspace\Assignment_3\platform\radio\rail_lib\autogen\librail_release\librail_efr32xg1_gcc_release.a(pa.o)
                              C:\Users\shiril\SimplicityStudio\v4_workspace\Assignment_3\platform\radio\rail_lib\autogen\librail_release\librail_efr32xg1_gcc_release.a(rail_rf_hal.o) (PA_GetTxPowerConfig)
C:\Users\shiril\SimplicityStudio\v4_workspace\Assignment_3\platform\radio\rail_lib\autogen\librail_release\librail_efr32xg1_gcc_release.a(protimer.o)
                              C:\Users\shiril\SimplicityStudio\v4_workspace\Assignment_3\platform\radio\rail_lib\autogen\librail_release\librail_efr32xg1_gcc_release.a(rail_rf_hal.o) (PROTIMER_Start)
C:\Users\shiril\SimplicityStudio\v4_workspace\Assignment_3\platform\radio\rail_lib\autogen\librail_release\librail_efr32xg1_gcc_release.a(pti.o)
                              C:\Users\shiril\SimplicityStudio\v4_workspace\Assignment_3\platform\radio\rail_lib\autogen\librail_release\librail_efr32xg1_gcc_release.a(rail_rf_hal.o) (PTI_Config)
[...]
Memory Configuration

Name             Origin             Length             Attributes
FLASH_BOOTLOADER 0x00000000         0x00004000         xr
FLASH            0x00004000         0x0003b000         xr
RAM              0x20000000         0x00007bfc         xrw
*default*        0x00000000         0xffffffff

Linker script and memory map

LOAD c:/siliconlabs/simplicitystudio/v4/developer/toolchains/gnu_arm/4.9_2015q3/bin/../lib/gcc/arm-none-eabi/4.9.3/armv7e-m/softfp/crti.o
LOAD c:/siliconlabs/simplicitystudio/v4/developer/toolchains/gnu_arm/4.9_2015q3/bin/../lib/gcc/arm-none-eabi/4.9.3/armv7e-m/softfp/crtbegin.o
LOAD c:/siliconlabs/simplicitystudio/v4/developer/toolchains/gnu_arm/4.9_2015q3/bin/../lib/gcc/arm-none-eabi/4.9.3/../../../../arm-none-eabi/lib/armv7e-m/softfp/crt0.o
START GROUP
LOAD ./application_properties.o
LOAD ./gatt_db.o
LOAD ./init_board.o
LOAD ./init_mcu.o
LOAD ./main.o
LOAD ./pti.o
LOAD ./hardware/kit/common/bsp/bsp_stk.o
LOAD ./hardware/kit/common/drivers/mx25flash_spi.o
LOAD ./platform/Device/SiliconLabs/EFR32BG1B/Source/GCC/startup_efr32bg1b.o
LOAD ./platform/Device/SiliconLabs/EFR32BG1B/Source/system_efr32bg1b.o
LOAD ./platform/emdrv/sleep/src/sleep.o
LOAD ./platform/emdrv/tempdrv/src/tempdrv.o
LOAD ./platform/emlib/src/em_cmu.o
LOAD ./platform/emlib/src/em_core.o
LOAD ./platform/emlib/src/em_cryotimer.o
LOAD ./platform/emlib/src/em_crypto.o
LOAD ./platform/emlib/src/em_emu.o
LOAD ./platform/emlib/src/em_gpio.o
LOAD ./platform/emlib/src/em_i2c.o
LOAD ./platform/emlib/src/em_int.o
LOAD ./platform/emlib/src/em_letimer.o
LOAD ./platform/emlib/src/em_msc.o
LOAD ./platform/emlib/src/em_rmu.o
LOAD ./platform/emlib/src/em_rtcc.o
LOAD ./platform/emlib/src/em_system.o
LOAD ./platform/emlib/src/em_usart.o
LOAD ./src/cmu.o
LOAD ./src/em_timer.o
LOAD ./src/gpio.o
LOAD ./src/i2c.o
LOAD ./src/ustimer.o
LOAD C:\Users\shiril\SimplicityStudio\v4_workspace\Assignment_3\protocol\bluetooth_2.7\lib\EFR32BG1B\GCC\libmbedtls.a
LOAD C:\Users\shiril\SimplicityStudio\v4_workspace\Assignment_3\platform\radio\rail_lib\autogen\librail_release\librail_efr32xg1_gcc_release.a
LOAD C:\Users\shiril\SimplicityStudio\v4_workspace\Assignment_3\protocol\bluetooth_2.7\lib\EFR32BG1B\GCC\libpsstore.a
LOAD C:\Users\shiril\SimplicityStudio\v4_workspace\Assignment_3\protocol\bluetooth_2.7\lib\EFR32BG1B\GCC\libbluetooth.a
LOAD C:\Users\shiril\SimplicityStudio\v4_workspace\Assignment_3\protocol\bluetooth_2.7\lib\EFR32BG1B\GCC\binapploader.o
LOAD c:/siliconlabs/simplicitystudio/v4/developer/toolchains/gnu_arm/4.9_2015q3/bin/../lib/gcc/arm-none-eabi/4.9.3/../../../../arm-none-eabi/lib/armv7e-m/softfp\libm.a
END GROUP
START GROUP
LOAD c:/siliconlabs/simplicitystudio/v4/developer/toolchains/gnu_arm/4.9_2015q3/bin/../lib/gcc/arm-none-eabi/4.9.3/armv7e-m/softfp\libgcc.a
LOAD c:/siliconlabs/simplicitystudio/v4/developer/toolchains/gnu_arm/4.9_2015q3/bin/../lib/gcc/arm-none-eabi/4.9.3/../../../../arm-none-eabi/lib/armv7e-m/softfp\libc_nano.a
LOAD c:/siliconlabs/simplicitystudio/v4/developer/toolchains/gnu_arm/4.9_2015q3/bin/../lib/gcc/arm-none-eabi/4.9.3/../../../../arm-none-eabi/lib/armv7e-m/softfp\libnosys.a
END GROUP
START GROUP
LOAD c:/siliconlabs/simplicitystudio/v4/developer/toolchains/gnu_arm/4.9_2015q3/bin/../lib/gcc/arm-none-eabi/4.9.3/armv7e-m/softfp\libgcc.a
LOAD c:/siliconlabs/simplicitystudio/v4/developer/toolchains/gnu_arm/4.9_2015q3/bin/../lib/gcc/arm-none-eabi/4.9.3/../../../../arm-none-eabi/lib/armv7e-m/softfp\libg_nano.a
LOAD c:/siliconlabs/simplicitystudio/v4/developer/toolchains/gnu_arm/4.9_2015q3/bin/../lib/gcc/arm-none-eabi/4.9.3/../../../../arm-none-eabi/lib/armv7e-m/softfp\libc_nano.a
END GROUP
START GROUP
LOAD c:/siliconlabs/simplicitystudio/v4/developer/toolchains/gnu_arm/4.9_2015q3/bin/../lib/gcc/arm-none-eabi/4.9.3/armv7e-m/softfp\libgcc.a
LOAD c:/siliconlabs/simplicitystudio/v4/developer/toolchains/gnu_arm/4.9_2015q3/bin/../lib/gcc/arm-none-eabi/4.9.3/../../../../arm-none-eabi/lib/armv7e-m/softfp\libc_nano.a
END GROUP
LOAD c:/siliconlabs/simplicitystudio/v4/developer/toolchains/gnu_arm/4.9_2015q3/bin/../lib/gcc/arm-none-eabi/4.9.3/armv7e-m/softfp/crtend.o
LOAD c:/siliconlabs/simplicitystudio/v4/developer/toolchains/gnu_arm/4.9_2015q3/bin/../lib/gcc/arm-none-eabi/4.9.3/armv7e-m/softfp/crtn.o

.text_bootloader
                0x00000000        0x0
 *(.binbootloader*)
                0x00000000                . = ALIGN (0x4000)

.text_apploader
                0x00004000     0x8fc0
 *(.binapploader*)
 .binapploader  0x00004000     0x8fc0 C:\Users\shiril\SimplicityStudio\v4_workspace\Assignment_3\protocol\bluetooth_2.7\lib\EFR32BG1B\GCC\binapploader.o

.text_signature
                0x0000cfc0       0x40
                0x0000d000                . = ALIGN (0x800)
 *fill*         0x0000cfc0       0x40 
                0x0000d000                __text_start__ = .

.text_application
                0x0000d000    0x202a4
 *(.vectors)
 .vectors       0x0000d000       0xc8 ./platform/Device/SiliconLabs/EFR32BG1B/Source/GCC/startup_efr32bg1b.o
                0x0000d000                __Vectors
                0x0000d0c8                __Vectors_End = .
                0x000000c8                __Vectors_Size = (__Vectors_End - __Vectors)
                0x0000d0c8                __end__ = .
 *(.application_properties)
 .application_properties
                0x0000d0c8       0x38 ./application_properties.o
                0x0000d0c8                applicationProperties
 *(.gecko_configuration)
 *(.xo_configuration)
 *(.gatt_header)
 .gatt_header   0x0000d100       0x34 ./gatt_db.o
                0x0000d100                bg_gattdb_data
 *(.gatt_data)
 .gatt_data     0x0000d134      0x1d5 ./gatt_db.o
                0x0000d134                bg_gattdb_data_uuidtable_16_map
                0x0000d150                bg_gattdb_data_uuidtable_128_map
                0x0000d170                bg_gattdb_data_attribute_field_18
                0x0000d178                bg_gattdb_data_attribute_field_17
                0x0000d190                bg_gattdb_data_attribute_field_16
                0x0000d1a4                bg_gattdb_data_attribute_field_15
                0x0000d1ac                bg_gattdb_data_attribute_field_14
                0x0000d1b4                bg_gattdb_data_attribute_field_13
                0x0000d1c0                bg_gattdb_data_attribute_field_12
                0x0000d1c8                bg_gattdb_data_attribute_field_11
                0x0000d1d8                bg_gattdb_data_attribute_field_10
                0x0000d1e0                bg_gattdb_data_attribute_field_9
                0x0000d1e4                bg_gattdb_data_attribute_field_8
                0x0000d1e8                bg_gattdb_data_attribute_field_7
                0x0000d1f0                bg_gattdb_data_attribute_field_6
                0x0000d1f8                bg_gattdb_data_attribute_field_5
                0x0000d200                bg_gattdb_data_attribute_field_4
                0x0000d204                bg_gattdb_data_attribute_field_2
                0x0000d20c                bg_gattdb_data_attribute_field_1
                0x0000d214                bg_gattdb_data_attribute_field_0
                0x0000d218                bg_gattdb_data_attributes_map
                0x0000d2fc                bg_gattdb_data_attributes_dynamic_mapping_map
                0x0000d304                bg_gattdb_data_adv_uuid16_map
                0x0000d308                bg_gattdb_data_adv_uuid128_map
 *(.text*)
 *fill*         0x0000d309        0x3 
 .text          0x0000d30c       0x5c c:/siliconlabs/simplicitystudio/v4/developer/toolchains/gnu_arm/4.9_2015q3/bin/../lib/gcc/arm-none-eabi/4.9.3/armv7e-m/softfp/crtbegin.o
 .text          0x0000d368       0x74 c:/siliconlabs/simplicitystudio/v4/developer/toolchains/gnu_arm/4.9_2015q3/bin/../lib/gcc/arm-none-eabi/4.9.3/../../../../arm-none-eabi/lib/armv7e-m/softfp/crt0.o
                0x0000d368                _start
                0x0000d368                _mainCRTStartup
 .text.initBoard
                0x0000d3dc       0x48 ./init_board.o
                0x0000d3dc                initBoard
 .text.BUS_RegBitWrite
                0x0000d424       0x2c ./init_mcu.o
 .text.SYSTEM_GetProdRev
                0x0000d450       0x1c ./init_mcu.o
 .text.CHIP_Init
                0x0000d46c       0xb4 ./init_mcu.o
 .text.initMcu  0x0000d520       0x70 ./init_mcu.o
                0x0000d520                initMcu
 .text.initMcu_clocks
                0x0000d590       0xa4 ./init_mcu.o
 .text.NVIC_EnableIRQ
                0x0000d634       0x30 ./main.o
 .text.BUS_RegMaskedSet
                0x0000d664       0x24 ./main.o
 .text.BUS_RegMaskedClear
                0x0000d688       0x24 ./main.o
 .text.GPIO_PinOutClear
                0x0000d6ac       0x58 ./main.o
 .text.GPIO_PinOutSet
                0x0000d704       0x58 ./main.o
 .text.gecko_initCoexHAL
                0x0000d75c        0xc ./main.o
 .text.gecko_init
                0x0000d768       0x48 ./main.o
 .text.EMU_EnterEM1
                0x0000d7b0       0x20 ./main.o
 .text.blockSleepMode
                0x0000d7d0       0x2c ./main.o
                0x0000d7d0                blockSleepMode
 .text.unblockSleepMode
                0x0000d7fc       0x44 ./main.o
                0x0000d7fc                unblockSleepMode
 .text.sleep    0x0000d840       0x40 ./main.o
                0x0000d840                sleep
 .text.LETIMER0_Setup
                0x0000d880       0x84 ./main.o
                0x0000d880                LETIMER0_Setup
 .text.LETIMER0_IRQHandler
                0x0000d904       0x30 ./main.o
                0x0000d904                LETIMER0_IRQHandler
 .text.LED_ON   0x0000d934       0x10 ./main.o
                0x0000d934                LED_ON
 .text.LED_OFF  0x0000d944       0x10 ./main.o
                0x0000d944                LED_OFF
 .text.I2C_read
                0x0000d954       0xe0 ./main.o
                0x0000d954                I2C_read
 .text.Si7021_enable
                0x0000da34       0x74 ./main.o
                0x0000da34                Si7021_enable
 .text.Si7021_disable
                0x0000daa8       0x2c ./main.o
                0x0000daa8                Si7021_disable
 *fill*         0x0000dad4        0x4 
 .text.main     0x0000dad8      0x128 ./main.o
                0x0000dad8                main
 .text.BUS_RegMaskedSet
                0x0000dc00       0x24 ./hardware/kit/common/drivers/mx25flash_spi.o
 .text.BUS_RegMaskedClear
                0x0000dc24       0x24 ./hardware/kit/common/drivers/mx25flash_spi.o
 .text.GPIO_PinOutClear
                0x0000dc48       0x58 ./hardware/kit/common/drivers/mx25flash_spi.o
 .text.GPIO_PinOutSet
                0x0000dca0       0x58 ./hardware/kit/common/drivers/mx25flash_spi.o
 .text.MX25_init
                0x0000dcf8       0x98 ./hardware/kit/common/drivers/mx25flash_spi.o
                0x0000dcf8                MX25_init
 .text.Wait_Flash_WarmUp
                0x0000dd90       0x24 ./hardware/kit/common/drivers/mx25flash_spi.o
                0x0000dd90                Wait_Flash_WarmUp
 .text.Initial_Spi
                0x0000ddb4        0xc ./hardware/kit/common/drivers/mx25flash_spi.o
                0x0000ddb4                Initial_Spi
 .text.CS_Low   0x0000ddc0       0x10 ./hardware/kit/common/drivers/mx25flash_spi.o
                0x0000ddc0                CS_Low
 .text.CS_High  0x0000ddd0       0x10 ./hardware/kit/common/drivers/mx25flash_spi.o
                0x0000ddd0                CS_High
 .text.InsertDummyCycle
                0x0000dde0       0x38 ./hardware/kit/common/drivers/mx25flash_spi.o
                0x0000dde0                InsertDummyCycle
 .text.SendByte
                0x0000de18       0x3c ./hardware/kit/common/drivers/mx25flash_spi.o
                0x0000de18                SendByte
 .text.MX25_DP  0x0000de54       0x34 ./hardware/kit/common/drivers/mx25flash_spi.o
                0x0000de54                MX25_DP
 .text.Reset_Handler
                0x0000de88       0x3c ./platform/Device/SiliconLabs/EFR32BG1B/Source/GCC/startup_efr32bg1b.o
                0x0000de88                Reset_Handler
 .text.Default_Handler
                0x0000dec4        0x8 ./platform/Device/SiliconLabs/EFR32BG1B/Source/GCC/startup_efr32bg1b.o
                0x0000dec4                DebugMon_Handler
                0x0000dec4                USART0_TX_IRQHandler
                0x0000dec4                I2C0_IRQHandler
                0x0000dec4                HardFault_Handler
                0x0000dec4                SysTick_Handler
                0x0000dec4                USART1_RX_IRQHandler
                0x0000dec4                PendSV_Handler
                0x0000dec4                NMI_Handler
                0x0000dec4                WDOG0_IRQHandler
                0x0000dec4                USART1_TX_IRQHandler
                0x0000dec4                MSC_IRQHandler
                0x0000dec4                ADC0_IRQHandler
                0x0000dec4                UsageFault_Handler
                0x0000dec4                LEUART0_IRQHandler
                0x0000dec4                FPUEH_IRQHandler
                0x0000dec4                GPIO_EVEN_IRQHandler
                0x0000dec4                LDMA_IRQHandler
                0x0000dec4                TIMER1_IRQHandler
                0x0000dec4                Default_Handler
                0x0000dec4                CRYOTIMER_IRQHandler
                0x0000dec4                PCNT0_IRQHandler
                0x0000dec4                ACMP0_IRQHandler
                0x0000dec4                USART0_RX_IRQHandler
                0x0000dec4                MemManage_Handler
                0x0000dec4                SVC_Handler
                0x0000dec4                RTCC_IRQHandler
                0x0000dec4                CRYPTO_IRQHandler
                0x0000dec4                CMU_IRQHandler
                0x0000dec4                GPIO_ODD_IRQHandler
                0x0000dec4                BusFault_Handler
                0x0000dec4                IDAC0_IRQHandler
 .text.SystemCoreClockGet
                0x0000decc       0x44 ./platform/Device/SiliconLabs/EFR32BG1B/Source/system_efr32bg1b.o
                0x0000decc                SystemCoreClockGet
 .text.SystemMaxCoreClockGet
                0x0000df10       0x14 ./platform/Device/SiliconLabs/EFR32BG1B/Source/system_efr32bg1b.o
                0x0000df10                SystemMaxCoreClockGet
 .text.SystemHFClockGet
                0x0000df24       0x70 ./platform/Device/SiliconLabs/EFR32BG1B/Source/system_efr32bg1b.o
                0x0000df24                SystemHFClockGet
 .text.SystemHFXOClockGet
                0x0000df94       0x18 ./platform/Device/SiliconLabs/EFR32BG1B/Source/system_efr32bg1b.o
                0x0000df94                SystemHFXOClockGet
 .text.SystemHFXOClockSet
                0x0000dfac       0x30 ./platform/Device/SiliconLabs/EFR32BG1B/Source/system_efr32bg1b.o
                0x0000dfac                SystemHFXOClockSet
 .text.SystemInit
                0x0000dfdc       0x5c ./platform/Device/SiliconLabs/EFR32BG1B/Source/system_efr32bg1b.o
                0x0000dfdc                SystemInit
 .text.SystemLFRCOClockGet
                0x0000e038       0x14 ./platform/Device/SiliconLabs/EFR32BG1B/Source/system_efr32bg1b.o
                0x0000e038                SystemLFRCOClockGet
 .text.SystemULFRCOClockGet
                0x0000e04c       0x14 ./platform/Device/SiliconLabs/EFR32BG1B/Source/system_efr32bg1b.o
                0x0000e04c                SystemULFRCOClockGet
 .text.SystemLFXOClockGet
                0x0000e060       0x18 ./platform/Device/SiliconLabs/EFR32BG1B/Source/system_efr32bg1b.o
                0x0000e060                SystemLFXOClockGet
 .text.SystemLFXOClockSet
                0x0000e078       0x30 ./platform/Device/SiliconLabs/EFR32BG1B/Source/system_efr32bg1b.o
                0x0000e078                SystemLFXOClockSet
 .text.BUS_RegBitWrite
                0x0000e0a8       0x2c ./platform/emdrv/sleep/src/sleep.o
 .text.EMU_EM2Block
                0x0000e0d4       0x14 ./platform/emdrv/sleep/src/sleep.o
 .text.sleepCallbackWrapper
                0x0000e0e8       0x2c ./platform/emdrv/sleep/src/sleep.o
 .text.SLEEP_Init
                0x0000e114       0x60 ./platform/emdrv/sleep/src/sleep.o
                0x0000e114                SLEEP_Init
 .text.SLEEP_SleepBlockBegin
                0x0000e174       0x48 ./platform/emdrv/sleep/src/sleep.o
                0x0000e174                SLEEP_SleepBlockBegin
 .text.NVIC_EnableIRQ
                0x0000e1bc       0x30 ./platform/emdrv/tempdrv/src/tempdrv.o
 .text.NVIC_ClearPendingIRQ
                0x0000e1ec       0x34 ./platform/emdrv/tempdrv/src/tempdrv.o
 .text.EMU_IntClear
                0x0000e220       0x1c ./platform/emdrv/tempdrv/src/tempdrv.o
 .text.EMU_IntDisable
                0x0000e23c       0x24 ./platform/emdrv/tempdrv/src/tempdrv.o
 .text.EMU_IntEnable
                0x0000e260       0x24 ./platform/emdrv/tempdrv/src/tempdrv.o
 .text.EMU_IntGetEnabled
                0x0000e284       0x24 ./platform/emdrv/tempdrv/src/tempdrv.o
 .text.EMU_IRQHandler
                0x0000e2a8        0xc ./platform/emdrv/tempdrv/src/tempdrv.o
                0x0000e2a8                EMU_IRQHandler
 .text.TEMPDRV_IRQHandler
                0x0000e2b4       0xa0 ./platform/emdrv/tempdrv/src/tempdrv.o
                0x0000e2b4                TEMPDRV_IRQHandler
 .text.errataCallback
                0x0000e354       0x20 ./platform/emdrv/tempdrv/src/tempdrv.o
 .text.errataStateUpdate
                0x0000e374       0xbc ./platform/emdrv/tempdrv/src/tempdrv.o
 .text.errataInit
                0x0000e430       0x8c ./platform/emdrv/tempdrv/src/tempdrv.o
 .text.convertToTemp
                0x0000e4bc       0x58 ./platform/emdrv/tempdrv/src/tempdrv.o
 .text.convertToEmu
                0x0000e514       0x48 ./platform/emdrv/tempdrv/src/tempdrv.o
 .text.disableInterrupts
                0x0000e55c       0x18 ./platform/emdrv/tempdrv/src/tempdrv.o
 .text.updateInterrupts
                0x0000e574      0x140 ./platform/emdrv/tempdrv/src/tempdrv.o
 .text.TEMPDRV_Init
                0x0000e6b4       0xd4 ./platform/emdrv/tempdrv/src/tempdrv.o
                0x0000e6b4                TEMPDRV_Init
 .text.TEMPDRV_GetTemp
                0x0000e788       0x1c ./platform/emdrv/tempdrv/src/tempdrv.o
                0x0000e788                TEMPDRV_GetTemp
 .text.BUS_RegBitWrite
                0x0000e7a4       0x2c ./platform/emlib/src/em_cmu.o
 .text.BUS_RegBitRead
                0x0000e7d0       0x2c ./platform/emlib/src/em_cmu.o
 .text.BUS_RegMaskedSet
                0x0000e7fc       0x24 ./platform/emlib/src/em_cmu.o
 .text.BUS_RegMaskedClear
                0x0000e820       0x24 ./platform/emlib/src/em_cmu.o
 .text.BUS_RegMaskedWrite
                0x0000e844       0x24 ./platform/emlib/src/em_cmu.o
 .text.CMU_Log2ToDiv
                0x0000e868       0x1c ./platform/emlib/src/em_cmu.o
 .text.setHfLeConfig
                0x0000e884       0x64 ./platform/emlib/src/em_cmu.o
 .text.auxClkGet
                0x0000e8e8       0x20 ./platform/emlib/src/em_cmu.o
 .text.hfSrcClkGet
                0x0000e908       0x2c ./platform/emlib/src/em_cmu.o
 .text.dbgClkGet
                0x0000e934       0x40 ./platform/emlib/src/em_cmu.o
 .text.adcAsyncClkGet
                0x0000e974       0x80 ./platform/emlib/src/em_cmu.o
 .text.flashWaitStateControl
                0x0000e9f4       0x7c ./platform/emlib/src/em_cmu.o
 .text.flashWaitStateMax
                0x0000ea70       0x14 ./platform/emlib/src/em_cmu.o
 .text.CMU_UpdateWaitStates
                0x0000ea84       0x18 ./platform/emlib/src/em_cmu.o
                0x0000ea84                CMU_UpdateWaitStates
 .text.getRegIshUpperVal
                0x0000ea9c       0x38 ./platform/emlib/src/em_cmu.o
 .text.getHfxoTuningMode
                0x0000ead4       0x1c ./platform/emlib/src/em_cmu.o
 .text.setHfxoTuningMode
                0x0000eaf0       0x28 ./platform/emlib/src/em_cmu.o
 .text.lfClkGet
                0x0000eb18       0xf4 ./platform/emlib/src/em_cmu.o
 .text.syncReg  0x0000ec0c       0x38 ./platform/emlib/src/em_cmu.o
 .text.CMU_ClockEnable
                0x0000ec44       0xcc ./platform/emlib/src/em_cmu.o
                0x0000ec44                CMU_ClockEnable
 .text.CMU_ClockFreqGet
                0x0000ed10      0x198 ./platform/emlib/src/em_cmu.o
                0x0000ed10                CMU_ClockFreqGet
 .text.CMU_ClockPrescGet
                0x0000eea8      0x120 ./platform/emlib/src/em_cmu.o
                0x0000eea8                CMU_ClockPrescGet
 .text.CMU_ClockSelectGet
                0x0000efc8      0x19c ./platform/emlib/src/em_cmu.o
                0x0000efc8                CMU_ClockSelectGet
 .text.CMU_ClockSelectSet
                0x0000f164      0x260 ./platform/emlib/src/em_cmu.o
                0x0000f164                CMU_ClockSelectSet
 .text.CMU_HFXOAutostartEnable
                0x0000f3c4       0x7c ./platform/emlib/src/em_cmu.o
                0x0000f3c4                CMU_HFXOAutostartEnable
 .text.CMU_HFXOInit
                0x0000f440       0xf4 ./platform/emlib/src/em_cmu.o
                0x0000f440                CMU_HFXOInit
 .text.CMU_LFXOInit
                0x0000f534       0x50 ./platform/emlib/src/em_cmu.o
                0x0000f534                CMU_LFXOInit
 .text.CMU_OscillatorEnable
                0x0000f584      0x174 ./platform/emlib/src/em_cmu.o
                0x0000f584                CMU_OscillatorEnable
 .text.CMU_OscillatorTuningGet
                0x0000f6f8       0x74 ./platform/emlib/src/em_cmu.o
                0x0000f6f8                CMU_OscillatorTuningGet
 .text.CMU_OscillatorTuningSet
                0x0000f76c      0x100 ./platform/emlib/src/em_cmu.o
                0x0000f76c                CMU_OscillatorTuningSet
 .text.CMU_OscillatorTuningWait
                0x0000f86c       0x94 ./platform/emlib/src/em_cmu.o
                0x0000f86c                CMU_OscillatorTuningWait
 .text.CMU_OscillatorTuningOptimize
                0x0000f900       0x58 ./platform/emlib/src/em_cmu.o
                0x0000f900                CMU_OscillatorTuningOptimize
 .text.CORE_EnterCritical
                0x0000f958       0x20 ./platform/emlib/src/em_core.o
                0x0000f958                CORE_EnterCritical
 .text.CORE_ExitCritical
                0x0000f978       0x1c ./platform/emlib/src/em_core.o
                0x0000f978                CORE_ExitCritical
 .text.CORE_AtomicDisableIrq
                0x0000f994       0x10 ./platform/emlib/src/em_core.o
                0x0000f994                CORE_AtomicDisableIrq
 .text.CORE_AtomicEnableIrq
                0x0000f9a4       0x10 ./platform/emlib/src/em_core.o
                0x0000f9a4                CORE_AtomicEnableIrq
 .text.CORE_EnterAtomic
                0x0000f9b4       0x20 ./platform/emlib/src/em_core.o
                0x0000f9b4                CORE_EnterAtomic
 .text.CORE_ExitAtomic
                0x0000f9d4       0x1c ./platform/emlib/src/em_core.o
                0x0000f9d4                CORE_ExitAtomic
 .text.CORE_SetNvicRamTableHandler
                0x0000f9f0       0x44 ./platform/emlib/src/em_core.o
                0x0000f9f0                CORE_SetNvicRamTableHandler
 .text.CORE_InitNvicVectorTable
                0x0000fa34       0xc8 ./platform/emlib/src/em_core.o
                0x0000fa34                CORE_InitNvicVectorTable
 .text.CRYPTO_BurstFromCrypto
                0x0000fafc       0x40 ./platform/emlib/src/em_crypto.o
 .text.CRYPTO_ModulusSet
                0x0000fb3c       0x88 ./platform/emlib/src/em_crypto.o
                0x0000fb3c                CRYPTO_ModulusSet
 .text.CRYPTO_KeyRead
                0x0000fbc4       0x38 ./platform/emlib/src/em_crypto.o
                0x0000fbc4                CRYPTO_KeyRead
 .text.SystemCoreClockUpdate
                0x0000fbfc        0xc ./platform/emlib/src/em_emu.o
 .text.BUS_RegBitWrite
                0x0000fc08       0x2c ./platform/emlib/src/em_emu.o
 .text.BUS_RegBitRead
                0x0000fc34       0x2c ./platform/emlib/src/em_emu.o
 .text.CMU_Lock
                0x0000fc60       0x18 ./platform/emlib/src/em_emu.o
 .text.CMU_Unlock
                0x0000fc78       0x1c ./platform/emlib/src/em_emu.o
 .text.SYSTEM_GetDevinfoRev
                0x0000fc94       0x18 ./platform/emlib/src/em_emu.o
 .text.emState  0x0000fcac       0xcc ./platform/emlib/src/em_emu.o
 .text.dcdcFetCntSet
                0x0000fd78       0x50 ./platform/emlib/src/em_emu.o
 .text.dcdcHsFixLnBlock
                0x0000fdc8       0x48 ./platform/emlib/src/em_emu.o
 .text.EMU_EnterEM2
                0x0000fe10       0x50 ./platform/emlib/src/em_emu.o
                0x0000fe10                EMU_EnterEM2
 .text.EMU_EnterEM3
                0x0000fe60       0x78 ./platform/emlib/src/em_emu.o
                0x0000fe60                EMU_EnterEM3
 .text.dcdcConstCalibrationLoad
                0x0000fed8       0xc4 ./platform/emlib/src/em_emu.o
 .text.dcdcValidatedConfigSet
                0x0000ff9c       0xb0 ./platform/emlib/src/em_emu.o
 .text.currentLimitersUpdate
                0x0001004c       0xe4 ./platform/emlib/src/em_emu.o
 .text.userCurrentLimitsSet
                0x00010130       0x2c ./platform/emlib/src/em_emu.o
 .text.compCtrlSet
                0x0001015c       0x3c ./platform/emlib/src/em_emu.o
 .text.lpCmpHystCalibrationLoad
                0x00010198       0xd0 ./platform/emlib/src/em_emu.o
 .text.lpGetDevinfoVrefLowHigh
                0x00010268      0x164 ./platform/emlib/src/em_emu.o
 .text.EMU_DCDCModeSet
                0x000103cc       0xb8 ./platform/emlib/src/em_emu.o
                0x000103cc                EMU_DCDCModeSet
 .text.EMU_DCDCInit
                0x00010484      0x114 ./platform/emlib/src/em_emu.o
                0x00010484                EMU_DCDCInit
 .text.EMU_DCDCOutputVoltageSet
                0x00010598      0x20c ./platform/emlib/src/em_emu.o
                0x00010598                EMU_DCDCOutputVoltageSet
 .text.EMU_DCDCOptimizeSlice
                0x000107a4       0xd8 ./platform/emlib/src/em_emu.o
                0x000107a4                EMU_DCDCOptimizeSlice
 .text.EMU_DCDCLnRcoBandSet
                0x0001087c       0x54 ./platform/emlib/src/em_emu.o
                0x0001087c                EMU_DCDCLnRcoBandSet
 .text.EMU_SetBiasMode
                0x000108d0       0xa4 ./platform/emlib/src/em_emu.o
                0x000108d0                EMU_SetBiasMode
 .text.BUS_RegMaskedSet
                0x00010974       0x24 ./platform/emlib/src/em_gpio.o
 .text.BUS_RegMaskedClear
                0x00010998       0x24 ./platform/emlib/src/em_gpio.o
 .text.BUS_RegMaskedWrite
                0x000109bc       0x24 ./platform/emlib/src/em_gpio.o
 .text.GPIO_PinOutClear
                0x000109e0       0x58 ./platform/emlib/src/em_gpio.o
 .text.GPIO_PinOutSet
                0x00010a38       0x58 ./platform/emlib/src/em_gpio.o
 .text.GPIO_DriveStrengthSet
                0x00010a90       0x60 ./platform/emlib/src/em_gpio.o
                0x00010a90                GPIO_DriveStrengthSet
 .text.GPIO_PinModeSet
                0x00010af0      0x10c ./platform/emlib/src/em_gpio.o
                0x00010af0                GPIO_PinModeSet
 .text.BUS_RegBitWrite
                0x00010bfc       0x2c ./platform/emlib/src/em_i2c.o
 .text.BUS_RegMaskedSet
                0x00010c28       0x24 ./platform/emlib/src/em_i2c.o
 .text.BUS_RegMaskedClear
                0x00010c4c       0x24 ./platform/emlib/src/em_i2c.o
 .text.BUS_RegMaskedWrite
                0x00010c70       0x24 ./platform/emlib/src/em_i2c.o
 .text.I2C_BusFreqSet
                0x00010c94       0xf8 ./platform/emlib/src/em_i2c.o
                0x00010c94                I2C_BusFreqSet
 .text.I2C_Init
                0x00010d8c       0x5c ./platform/emlib/src/em_i2c.o
                0x00010d8c                I2C_Init
 .text.LETIMER_CompareSet
                0x00010de8       0x58 ./platform/emlib/src/em_letimer.o
                0x00010de8                LETIMER_CompareSet
 .text.LETIMER_Enable
                0x00010e40       0x2c ./platform/emlib/src/em_letimer.o
                0x00010e40                LETIMER_Enable
 .text.LETIMER_Init
                0x00010e6c       0xd0 ./platform/emlib/src/em_letimer.o
                0x00010e6c                LETIMER_Init
 .text.MSC_Init
                0x00010f3c       0x24 ./platform/emlib/src/em_msc.o
                0x00010f3c                MSC_Init
 .text.MSC_Deinit
                0x00010f60       0x24 ./platform/emlib/src/em_msc.o
                0x00010f60                MSC_Deinit
 .text.RMU_ResetCauseClear
                0x00010f84       0x18 ./platform/emlib/src/em_rmu.o
                0x00010f84                RMU_ResetCauseClear
 .text.RMU_ResetCauseGet
                0x00010f9c       0xdc ./platform/emlib/src/em_rmu.o
                0x00010f9c                RMU_ResetCauseGet
 .text.RTCC_ChannelInit
                0x00011078       0x5c ./platform/emlib/src/em_rtcc.o
                0x00011078                RTCC_ChannelInit
 .text.RTCC_Init
                0x000110d4       0x94 ./platform/emlib/src/em_rtcc.o
                0x000110d4                RTCC_Init
 .text.SYSTEM_ChipRevisionGet
                0x00011168       0x78 ./platform/emlib/src/em_system.o
                0x00011168                SYSTEM_ChipRevisionGet
 .text.USART_BaudrateSyncSet
                0x000111e0       0x40 ./platform/emlib/src/em_usart.o
                0x000111e0                USART_BaudrateSyncSet
 .text.USART_InitSync
                0x00011220       0xf0 ./platform/emlib/src/em_usart.o
                0x00011220                USART_InitSync
 .text.USART_Reset
                0x00011310       0x9c ./platform/emlib/src/em_usart.o
                0x00011310                USART_Reset
 .text.USART_SpiTransfer
                0x000113ac       0x40 ./platform/emlib/src/em_usart.o
                0x000113ac                USART_SpiTransfer
 .text.cmu_init
                0x000113ec       0x64 ./src/cmu.o
                0x000113ec                cmu_init
 .text.TIMER_Valid
                0x00011450       0x38 ./src/em_timer.o
 .text.TIMER_Init
                0x00011488       0xdc ./src/em_timer.o
                0x00011488                TIMER_Init
 .text.TIMER_InitCC
                0x00011564       0x9c ./src/em_timer.o
                0x00011564                TIMER_InitCC
 .text.gpio_init
                0x00011600       0x34 ./src/gpio.o
                0x00011600                gpio_init
 .text.BUS_RegMaskedSet
                0x00011634       0x24 ./src/i2c.o
 .text.BUS_RegMaskedClear
                0x00011658       0x24 ./src/i2c.o
 .text.GPIO_PinOutClear
                0x0001167c       0x58 ./src/i2c.o
 .text.GPIO_PinOutSet
                0x000116d4       0x58 ./src/i2c.o
 .text.I2C_initialize
                0x0001172c       0x8c ./src/i2c.o
                0x0001172c                I2C_initialize
 .text.NVIC_EnableIRQ
                0x000117b8       0x30 ./src/ustimer.o
 .text.NVIC_ClearPendingIRQ
                0x000117e8       0x34 ./src/ustimer.o
 .text.EMU_EnterEM1
                0x0001181c       0x20 ./src/ustimer.o
 .text.TIMER_MaxCount
                0x0001183c       0x18 ./src/ustimer.o
 .text.TIMER_CompareSet
                0x00011854       0x28 ./src/ustimer.o
 .text.TIMER_CounterGet
                0x0001187c       0x18 ./src/ustimer.o
 .text.TIMER_IntClear
                0x00011894       0x1c ./src/ustimer.o
 .text.TIMER_IntDisable
                0x000118b0       0x24 ./src/ustimer.o
 .text.TIMER_IntEnable
                0x000118d4       0x20 ./src/ustimer.o
 .text.TIMER_IntGet
                0x000118f4       0x18 ./src/ustimer.o
 .text.TIMER_TopSet
                0x0001190c       0x1c ./src/ustimer.o
 .text.USTIMER_Init
                0x00011928      0x170 ./src/ustimer.o
                0x00011928                USTIMER_Init
 .text.USTIMER_Delay
                0x00011a98       0xa4 ./src/ustimer.o
                0x00011a98                USTIMER_Delay
 .text.TIMER0_IRQHandler
                0x00011b3c       0x34 ./src/ustimer.o
                0x00011b3c                TIMER0_IRQHandler
 .text.DelayTicksEM1
                0x00011b70       0x90 ./src/ustimer.o
 .text.eventDefault
                0x00011c00        0x2 C:\Users\shiril\SimplicityStudio\v4_workspace\Assignment_3\platform\radio\rail_lib\autogen\librail_release\librail_efr32xg1_gcc_release.a(rail_rf_hal.o)
 *fill*         0x00011c02        0x2 
 .text.setRssiPeriod
                0x00011c04       0x18 C:\Users\shiril\SimplicityStudio\v4_workspace\Assignment_3\platform\radio\rail_lib\autogen\librail_release\librail_efr32xg1_gcc_release.a(rail_rf_hal.o)
 .text.RFHAL_NotifyUserOfIrCal
                0x00011c1c       0x80 C:\Users\shiril\SimplicityStudio\v4_workspace\Assignment_3\platform\radio\rail_lib\autogen\librail_release\librail_efr32xg1_gcc_release.a(rail_rf_hal.o)
 *fill*         0x00011c9c        0x4 
 .text.GENERIC_PHY_EventCallback
                0x00011ca0      0x19c C:\Users\shiril\SimplicityStudio\v4_workspace\Assignment_3\platform\radio\rail_lib\autogen\librail_release\librail_efr32xg1_gcc_release.a(rail_rf_hal.o)
                0x00011ca0                GENERIC_PHY_EventCallback
 .text.RFHAL_IntEnable
                0x00011e3c       0x56 C:\Users\shiril\SimplicityStudio\v4_workspace\Assignment_3\platform\radio\rail_lib\autogen\librail_release\librail_efr32xg1_gcc_release.a(rail_rf_hal.o)
                0x00011e3c                RFHAL_IntEnable
 *fill*         0x00011e92        0x2 
 .text.RFHAL_SetEventCallback
                0x00011e94       0x18 C:\Users\shiril\SimplicityStudio\v4_workspace\Assignment_3\platform\radio\rail_lib\autogen\librail_release\librail_efr32xg1_gcc_release.a(rail_rf_hal.o)
                0x00011e94                RFHAL_SetEventCallback
 .text.RFHAL_SetPtiProtocol
                0x00011eac       0x20 C:\Users\shiril\SimplicityStudio\v4_workspace\Assignment_3\platform\radio\rail_lib\autogen\librail_release\librail_efr32xg1_gcc_release.a(rail_rf_hal.o)
                0x00011eac                RFHAL_SetPtiProtocol
 .text.RFHAL_Idle
                0x00011ecc       0x40 C:\Users\shiril\SimplicityStudio\v4_workspace\Assignment_3\platform\radio\rail_lib\autogen\librail_release\librail_efr32xg1_gcc_release.a(rail_rf_hal.o)
                0x00011ecc                RFHAL_Idle
 .text.RFHAL_GetRadioState
                0x00011f0c       0x7c C:\Users\shiril\SimplicityStudio\v4_workspace\Assignment_3\platform\radio\rail_lib\autogen\librail_release\librail_efr32xg1_gcc_release.a(rail_rf_hal.o)
                0x00011f0c                RFHAL_GetRadioState
 .text.RFHAL_OkToTransmit
                0x00011f88       0x14 C:\Users\shiril\SimplicityStudio\v4_workspace\Assignment_3\platform\radio\rail_lib\autogen\librail_release\librail_efr32xg1_gcc_release.a(rail_rf_hal.o)
                0x00011f88                RFHAL_OkToTransmit
 .text.RFHAL_ScheduleRx
                0x00011f9c       0x74 C:\Users\shiril\SimplicityStudio\v4_workspace\Assignment_3\platform\radio\rail_lib\autogen\librail_release\librail_efr32xg1_gcc_release.a(rail_rf_hal.o)
                0x00011f9c                RFHAL_ScheduleRx
 .text.RFHAL_EnableRxRawCapture
                0x00012010       0x5c C:\Users\shiril\SimplicityStudio\v4_workspace\Assignment_3\platform\radio\rail_lib\autogen\librail_release\librail_efr32xg1_gcc_release.a(rail_rf_hal.o)
                0x00012010                RFHAL_EnableRxRawCapture
 .text.RFHAL_DisableRxRawCapture
                0x0001206c       0x38 C:\Users\shiril\SimplicityStudio\v4_workspace\Assignment_3\platform\radio\rail_lib\autogen\librail_release\librail_efr32xg1_gcc_release.a(rail_rf_hal.o)
                0x0001206c                RFHAL_DisableRxRawCapture
 .text.RFHAL_AcceptCrcErrors
                0x000120a4       0x18 C:\Users\shiril\SimplicityStudio\v4_workspace\Assignment_3\platform\radio\rail_lib\autogen\librail_release\librail_efr32xg1_gcc_release.a(rail_rf_hal.o)
                0x000120a4                RFHAL_AcceptCrcErrors
 .text.RFHAL_ConfigRxOptions
                0x000120bc       0x74 C:\Users\shiril\SimplicityStudio\v4_workspace\Assignment_3\platform\radio\rail_lib\autogen\librail_release\librail_efr32xg1_gcc_release.a(rail_rf_hal.o)
                0x000120bc                RFHAL_ConfigRxOptions
 .text.RFHAL_CancelTimer
                0x00012130       0x28 C:\Users\shiril\SimplicityStudio\v4_workspace\Assignment_3\platform\radio\rail_lib\autogen\librail_release\librail_efr32xg1_gcc_release.a(rail_rf_hal.o)
                0x00012130                RFHAL_CancelTimer
 .text.RFHAL_SetTimer
                0x00012158       0x80 C:\Users\shiril\SimplicityStudio\v4_workspace\Assignment_3\platform\radio\rail_lib\autogen\librail_release\librail_efr32xg1_gcc_release.a(rail_rf_hal.o)
                0x00012158                RFHAL_SetTimer
 .text.RFHAL_SetTxTransitions
                0x000121d8       0x1c C:\Users\shiril\SimplicityStudio\v4_workspace\Assignment_3\platform\radio\rail_lib\autogen\librail_release\librail_efr32xg1_gcc_release.a(rail_rf_hal.o)
                0x000121d8                RFHAL_SetTxTransitions
 .text.RFHAL_SetRxTransitions
                0x000121f4       0x1c C:\Users\shiril\SimplicityStudio\v4_workspace\Assignment_3\platform\radio\rail_lib\autogen\librail_release\librail_efr32xg1_gcc_release.a(rail_rf_hal.o)
                0x000121f4                RFHAL_SetRxTransitions
 .text.RFHAL_SetCRCInitVal
                0x00012210        0x4 C:\Users\shiril\SimplicityStudio\v4_workspace\Assignment_3\platform\radio\rail_lib\autogen\librail_release\librail_efr32xg1_gcc_release.a(rail_rf_hal.o)
                0x00012210                RFHAL_SetCRCInitVal
 .text.RFHAL_ConfigTxPower
                0x00012214        0xc C:\Users\shiril\SimplicityStudio\v4_workspace\Assignment_3\platform\radio\rail_lib\autogen\librail_release\librail_efr32xg1_gcc_release.a(rail_rf_hal.o)
                0x00012214                RFHAL_ConfigTxPower
 .text.RFHAL_SetTxPowerUnchecked
                0x00012220       0x18 C:\Users\shiril\SimplicityStudio\v4_workspace\Assignment_3\platform\radio\rail_lib\autogen\librail_release\librail_efr32xg1_gcc_release.a(rail_rf_hal.o)
                0x00012220                RFHAL_SetTxPowerUnchecked
 .text.RFHAL_SetTxPower
                0x00012238       0x3c C:\Users\shiril\SimplicityStudio\v4_workspace\Assignment_3\platform\radio\rail_lib\autogen\librail_release\librail_efr32xg1_gcc_release.a(rail_rf_hal.o)
                0x00012238                RFHAL_SetTxPower
 .text.RFHAL_GetTxPowerConfig
                0x00012274        0xc C:\Users\shiril\SimplicityStudio\v4_workspace\Assignment_3\platform\radio\rail_lib\autogen\librail_release\librail_efr32xg1_gcc_release.a(rail_rf_hal.o)
                0x00012274                RFHAL_GetTxPowerConfig
 .text.RFHAL_GetTxPower
                0x00012280        0x4 C:\Users\shiril\SimplicityStudio\v4_workspace\Assignment_3\platform\radio\rail_lib\autogen\librail_release\librail_efr32xg1_gcc_release.a(rail_rf_hal.o)
                0x00012280                RFHAL_GetTxPower
 .text.RFHAL_SetChannel
                0x00012284       0x98 C:\Users\shiril\SimplicityStudio\v4_workspace\Assignment_3\platform\radio\rail_lib\autogen\librail_release\librail_efr32xg1_gcc_release.a(rail_rf_hal.o)
                0x00012284                RFHAL_SetChannel
 .text.RFHAL_IsAutoAckEnabled
                0x0001231c        0x6 C:\Users\shiril\SimplicityStudio\v4_workspace\Assignment_3\platform\radio\rail_lib\autogen\librail_release\librail_efr32xg1_gcc_release.a(rail_rf_hal.o)
                0x0001231c                RFHAL_IsAutoAckEnabled
 *fill*         0x00012322        0x2 
 .text.RFHAL_AutoAckWaitForAck
                0x00012324       0x18 C:\Users\shiril\SimplicityStudio\v4_workspace\Assignment_3\platform\radio\rail_lib\autogen\librail_release\librail_efr32xg1_gcc_release.a(rail_rf_hal.o)
                0x00012324                RFHAL_AutoAckWaitForAck
 .text.preTxOps
                0x0001233c       0xc4 C:\Users\shiril\SimplicityStudio\v4_workspace\Assignment_3\platform\radio\rail_lib\autogen\librail_release\librail_efr32xg1_gcc_release.a(rail_rf_hal.o)
 .text.RFHAL_StartTx
                0x00012400       0x12 C:\Users\shiril\SimplicityStudio\v4_workspace\Assignment_3\platform\radio\rail_lib\autogen\librail_release\librail_efr32xg1_gcc_release.a(rail_rf_hal.o)
                0x00012400                RFHAL_StartTx
 .text.RFHAL_StartScheduledTx
                0x00012412       0x3a C:\Users\shiril\SimplicityStudio\v4_workspace\Assignment_3\platform\radio\rail_lib\autogen\librail_release\librail_efr32xg1_gcc_release.a(rail_rf_hal.o)
                0x00012412                RFHAL_StartScheduledTx
 .text.RFHAL_GetRxPacketInfo
                0x0001244c       0x48 C:\Users\shiril\SimplicityStudio\v4_workspace\Assignment_3\platform\radio\rail_lib\autogen\librail_release\librail_efr32xg1_gcc_release.a(rail_rf_hal.o)
                0x0001244c                RFHAL_GetRxPacketInfo
 .text.RFHAL_GetRxPacketDetails
                0x00012494       0xcc C:\Users\shiril\SimplicityStudio\v4_workspace\Assignment_3\platform\radio\rail_lib\autogen\librail_release\librail_efr32xg1_gcc_release.a(rail_rf_hal.o)
                0x00012494                RFHAL_GetRxPacketDetails
 .text.RFHAL_SetTxBuffer
                0x00012560       0x3a C:\Users\shiril\SimplicityStudio\v4_workspace\Assignment_3\platform\radio\rail_lib\autogen\librail_release\librail_efr32xg1_gcc_release.a(rail_rf_hal.o)
                0x00012560                RFHAL_SetTxBuffer
 *fill*         0x0001259a        0x2 
 .text.RFHAL_ResetTxFifo
                0x0001259c       0x2c C:\Users\shiril\SimplicityStudio\v4_workspace\Assignment_3\platform\radio\rail_lib\autogen\librail_release\librail_efr32xg1_gcc_release.a(rail_rf_hal.o)
                0x0001259c                RFHAL_ResetTxFifo
 .text.RFHAL_WriteTxFifo
                0x000125c8       0x28 C:\Users\shiril\SimplicityStudio\v4_workspace\Assignment_3\platform\radio\rail_lib\autogen\librail_release\librail_efr32xg1_gcc_release.a(rail_rf_hal.o)
                0x000125c8                RFHAL_WriteTxFifo
 .text.RFHAL_ResetRxFifo
                0x000125f0       0x40 C:\Users\shiril\SimplicityStudio\v4_workspace\Assignment_3\platform\radio\rail_lib\autogen\librail_release\librail_efr32xg1_gcc_release.a(rail_rf_hal.o)
                0x000125f0                RFHAL_ResetRxFifo
 .text.RFHAL_ConfigData
                0x00012630       0x7c C:\Users\shiril\SimplicityStudio\v4_workspace\Assignment_3\platform\radio\rail_lib\autogen\librail_release\librail_efr32xg1_gcc_release.a(rail_rf_hal.o)
                0x00012630                RFHAL_ConfigData
 .text.RFHAL_Init
                0x000126ac       0xa0 C:\Users\shiril\SimplicityStudio\v4_workspace\Assignment_3\platform\radio\rail_lib\autogen\librail_release\librail_efr32xg1_gcc_release.a(rail_rf_hal.o)
                0x000126ac                RFHAL_Init
 .text.RFHAL_SetFixedLength
                0x0001274c       0x8c C:\Users\shiril\SimplicityStudio\v4_workspace\Assignment_3\platform\radio\rail_lib\autogen\librail_release\librail_efr32xg1_gcc_release.a(rail_rf_hal.o)
                0x0001274c                RFHAL_SetFixedLength
 .text.RFHAL_SetAbortScheduledTxDuringRx
                0x000127d8       0x18 C:\Users\shiril\SimplicityStudio\v4_workspace\Assignment_3\platform\radio\rail_lib\autogen\librail_release\librail_efr32xg1_gcc_release.a(rail_rf_hal.o)
                0x000127d8                RFHAL_SetAbortScheduledTxDuringRx
 .text.RFHAL_ConfigRadio
                0x000127f0       0xe0 C:\Users\shiril\SimplicityStudio\v4_workspace\Assignment_3\platform\radio\rail_lib\autogen\librail_release\librail_efr32xg1_gcc_release.a(rail_rf_hal.o)
                0x000127f0                RFHAL_ConfigRadio
 .text.RFHAL_GetTime
                0x000128d0        0xe C:\Users\shiril\SimplicityStudio\v4_workspace\Assignment_3\platform\radio\rail_lib\autogen\librail_release\librail_efr32xg1_gcc_release.a(rail_rf_hal.o)
                0x000128d0                RFHAL_GetTime
 .text.RFHAL_GetRadioEntropy
                0x000128de        0x4 C:\Users\shiril\SimplicityStudio\v4_workspace\Assignment_3\platform\radio\rail_lib\autogen\librail_release\librail_efr32xg1_gcc_release.a(rail_rf_hal.o)
                0x000128de                RFHAL_GetRadioEntropy
 .text.RFHAL_SetStateTiming
                0x000128e2       0x4e C:\Users\shiril\SimplicityStudio\v4_workspace\Assignment_3\platform\radio\rail_lib\autogen\librail_release\librail_efr32xg1_gcc_release.a(rail_rf_hal.o)
                0x000128e2                RFHAL_SetStateTiming
 .text.RAIL_Init
                0x00012930       0x20 C:\Users\shiril\SimplicityStudio\v4_workspace\Assignment_3\platform\radio\rail_lib\autogen\librail_release\librail_efr32xg1_gcc_release.a(rail_singleprotocol.o)
                0x00012930                RAIL_Init
 .text.RAIL_GetSchedulerStatus
                0x00012950        0x4 C:\Users\shiril\SimplicityStudio\v4_workspace\Assignment_3\platform\radio\rail_lib\autogen\librail_release\librail_efr32xg1_gcc_release.a(rail_singleprotocol.o)
                0x00012950                RAIL_GetSchedulerStatus
 .text.RAIL_Idle
                0x00012954        0x8 C:\Users\shiril\SimplicityStudio\v4_workspace\Assignment_3\platform\radio\rail_lib\autogen\librail_release\librail_efr32xg1_gcc_release.a(rail_singleprotocol.o)
                0x00012954                RAIL_Idle
 .text.RAIL_YieldRadio
                0x0001295c        0x2 C:\Users\shiril\SimplicityStudio\v4_workspace\Assignment_3\platform\radio\rail_lib\autogen\librail_release\librail_efr32xg1_gcc_release.a(rail_singleprotocol.o)
                0x0001295c                RAIL_YieldRadio
 .text.RAIL_GetRadioEntropy
                0x0001295e        0x8 C:\Users\shiril\SimplicityStudio\v4_workspace\Assignment_3\platform\radio\rail_lib\autogen\librail_release\librail_efr32xg1_gcc_release.a(rail_singleprotocol.o)
                0x0001295e                RAIL_GetRadioEntropy
 .text.RAIL_SetTimer
                0x00012966       0x14 C:\Users\shiril\SimplicityStudio\v4_workspace\Assignment_3\platform\radio\rail_lib\autogen\librail_release\librail_efr32xg1_gcc_release.a(rail_singleprotocol.o)
                0x00012966                RAIL_SetTimer
 .text.RAIL_CancelTimer
                0x0001297a        0x4 C:\Users\shiril\SimplicityStudio\v4_workspace\Assignment_3\platform\radio\rail_lib\autogen\librail_release\librail_efr32xg1_gcc_release.a(rail_singleprotocol.o)
                0x0001297a                RAIL_CancelTimer
 .text.RAIL_StartTx
                0x0001297e        0xa C:\Users\shiril\SimplicityStudio\v4_workspace\Assignment_3\platform\radio\rail_lib\autogen\librail_release\librail_efr32xg1_gcc_release.a(rail_singleprotocol.o)
                0x0001297e                RAIL_StartTx
 .text.RAIL_StartScheduledTx
                0x00012988        0xa C:\Users\shiril\SimplicityStudio\v4_workspace\Assignment_3\platform\radio\rail_lib\autogen\librail_release\librail_efr32xg1_gcc_release.a(rail_singleprotocol.o)
                0x00012988                RAIL_StartScheduledTx
 .text.RAIL_ScheduleRx
                0x00012992        0xa C:\Users\shiril\SimplicityStudio\v4_workspace\Assignment_3\platform\radio\rail_lib\autogen\librail_release\librail_efr32xg1_gcc_release.a(rail_singleprotocol.o)
                0x00012992                RAIL_ScheduleRx
 .text.radioConfigChangedDefault
                0x0001299c        0x2 C:\Users\shiril\SimplicityStudio\v4_workspace\Assignment_3\platform\radio\rail_lib\autogen\librail_release\librail_efr32xg1_gcc_release.a(rail_rf.o)
 .text.isTransitionState
                0x0001299e       0x12 C:\Users\shiril\SimplicityStudio\v4_workspace\Assignment_3\platform\radio\rail_lib\autogen\librail_release\librail_efr32xg1_gcc_release.a(rail_rf.o)
 .text.RAILCore_Init
                0x000129b0       0x12 C:\Users\shiril\SimplicityStudio\v4_workspace\Assignment_3\platform\radio\rail_lib\autogen\librail_release\librail_efr32xg1_gcc_release.a(rail_rf.o)
                0x000129b0                RAILCore_Init
 *fill*         0x000129c2        0x2 
 .text.RAILInt_SetCallbackConfig
                0x000129c4       0x20 C:\Users\shiril\SimplicityStudio\v4_workspace\Assignment_3\platform\radio\rail_lib\autogen\librail_release\librail_efr32xg1_gcc_release.a(rail_rf.o)
                0x000129c4                RAILInt_SetCallbackConfig
 .text.RAILCore_Idle
                0x000129e4       0x14 C:\Users\shiril\SimplicityStudio\v4_workspace\Assignment_3\platform\radio\rail_lib\autogen\librail_release\librail_efr32xg1_gcc_release.a(rail_rf.o)
                0x000129e4                RAILCore_Idle
 .text.RAILCore_GetRadioState
                0x000129f8        0x4 C:\Users\shiril\SimplicityStudio\v4_workspace\Assignment_3\platform\radio\rail_lib\autogen\librail_release\librail_efr32xg1_gcc_release.a(rail_rf.o)
                0x000129f8                RAILCore_GetRadioState
 .text.RAIL_SetStateTiming
                0x000129fc        0xa C:\Users\shiril\SimplicityStudio\v4_workspace\Assignment_3\platform\radio\rail_lib\autogen\librail_release\librail_efr32xg1_gcc_release.a(rail_rf.o)
                0x000129fc                RAIL_SetStateTiming
 *fill*         0x00012a06        0x2 
 .text.RAILInt_IsPowerInRange
                0x00012a08       0x3c C:\Users\shiril\SimplicityStudio\v4_workspace\Assignment_3\platform\radio\rail_lib\autogen\librail_release\librail_efr32xg1_gcc_release.a(rail_rf.o)
                0x00012a08                RAILInt_IsPowerInRange
 .text.RAILInt_SetChannel
                0x00012a44      0x1d8 C:\Users\shiril\SimplicityStudio\v4_workspace\Assignment_3\platform\radio\rail_lib\autogen\librail_release\librail_efr32xg1_gcc_release.a(rail_rf.o)
                0x00012a44                RAILInt_SetChannel
 .text.RAILCore_ConfigChannels
                0x00012c1c       0x58 C:\Users\shiril\SimplicityStudio\v4_workspace\Assignment_3\platform\radio\rail_lib\autogen\librail_release\librail_efr32xg1_gcc_release.a(rail_rf.o)
                0x00012c1c                RAILCore_ConfigChannels
 .text.RAILInt_GetChannel
                0x00012c74        0x4 C:\Users\shiril\SimplicityStudio\v4_workspace\Assignment_3\platform\radio\rail_lib\autogen\librail_release\librail_efr32xg1_gcc_release.a(rail_rf.o)
                0x00012c74                RAILInt_GetChannel
 .text.RAILCore_SetTxTransitions
                0x00012c78       0x3c C:\Users\shiril\SimplicityStudio\v4_workspace\Assignment_3\platform\radio\rail_lib\autogen\librail_release\librail_efr32xg1_gcc_release.a(rail_rf.o)
                0x00012c78                RAILCore_SetTxTransitions
 .text.RAIL_SetTxTransitions
                0x00012cb4        0xa C:\Users\shiril\SimplicityStudio\v4_workspace\Assignment_3\platform\radio\rail_lib\autogen\librail_release\librail_efr32xg1_gcc_release.a(rail_rf.o)
                0x00012cb4                RAIL_SetTxTransitions
 .text.RAILCore_SetRxTransitions
                0x00012cbe       0x38 C:\Users\shiril\SimplicityStudio\v4_workspace\Assignment_3\platform\radio\rail_lib\autogen\librail_release\librail_efr32xg1_gcc_release.a(rail_rf.o)
                0x00012cbe                RAILCore_SetRxTransitions
 .text.RAIL_SetRxTransitions
                0x00012cf6        0xa C:\Users\shiril\SimplicityStudio\v4_workspace\Assignment_3\platform\radio\rail_lib\autogen\librail_release\librail_efr32xg1_gcc_release.a(rail_rf.o)
                0x00012cf6                RAIL_SetRxTransitions
 .text.RAIL_ConfigEvents
                0x00012d00       0x14 C:\Users\shiril\SimplicityStudio\v4_workspace\Assignment_3\platform\radio\rail_lib\autogen\librail_release\librail_efr32xg1_gcc_release.a(rail_rf.o)
                0x00012d00                RAIL_ConfigEvents
 .text.RAIL_ConfigRxOptions
                0x00012d14        0xa C:\Users\shiril\SimplicityStudio\v4_workspace\Assignment_3\platform\radio\rail_lib\autogen\librail_release\librail_efr32xg1_gcc_release.a(rail_rx.o)
                0x00012d14                RAIL_ConfigRxOptions
 .text.RAILCore_ScheduleRx
                0x00012d1e       0x2c C:\Users\shiril\SimplicityStudio\v4_workspace\Assignment_3\platform\radio\rail_lib\autogen\librail_release\librail_efr32xg1_gcc_release.a(rail_rx.o)
                0x00012d1e                RAILCore_ScheduleRx
 .text.RAILInt_PreTxOps
                0x00012d4a       0x1c C:\Users\shiril\SimplicityStudio\v4_workspace\Assignment_3\platform\radio\rail_lib\autogen\librail_release\librail_efr32xg1_gcc_release.a(rail_tx.o)
                0x00012d4a                RAILInt_PreTxOps
 .text.RAILCore_StartTx
                0x00012d66       0x1a C:\Users\shiril\SimplicityStudio\v4_workspace\Assignment_3\platform\radio\rail_lib\autogen\librail_release\librail_efr32xg1_gcc_release.a(rail_tx.o)
                0x00012d66                RAILCore_StartTx
 .text.RAILCore_StartScheduledTx
                0x00012d80       0x1e C:\Users\shiril\SimplicityStudio\v4_workspace\Assignment_3\platform\radio\rail_lib\autogen\librail_release\librail_efr32xg1_gcc_release.a(rail_tx.o)
                0x00012d80                RAILCore_StartScheduledTx
 .text.RAIL_SetTxPower
                0x00012d9e        0xa C:\Users\shiril\SimplicityStudio\v4_workspace\Assignment_3\platform\radio\rail_lib\autogen\librail_release\librail_efr32xg1_gcc_release.a(rail_tx.o)
                0x00012d9e                RAIL_SetTxPower
 .text.RAIL_GetTxPower
                0x00012da8        0xa C:\Users\shiril\SimplicityStudio\v4_workspace\Assignment_3\platform\radio\rail_lib\autogen\librail_release\librail_efr32xg1_gcc_release.a(rail_tx.o)
                0x00012da8                RAIL_GetTxPower
 .text.RAIL_ConfigTxPower
                0x00012db2       0x1a C:\Users\shiril\SimplicityStudio\v4_workspace\Assignment_3\platform\radio\rail_lib\autogen\librail_release\librail_efr32xg1_gcc_release.a(rail_tx.o)
                0x00012db2                RAIL_ConfigTxPower
 .text.RAILInt_PendCal
                0x00012dcc       0x24 C:\Users\shiril\SimplicityStudio\v4_workspace\Assignment_3\platform\radio\rail_lib\autogen\librail_release\librail_efr32xg1_gcc_release.a(rail_calibration.o)
                0x00012dcc                RAILInt_PendCal
 .text.RAILCb_AssertFailed
                0x00012df0       0x14 C:\Users\shiril\SimplicityStudio\v4_workspace\Assignment_3\platform\radio\rail_lib\autogen\librail_release\librail_efr32xg1_gcc_release.a(rail_assert.o)
                0x00012df0                RAILCb_AssertFailed
 .text.RAILInt_Assert
                0x00012e04       0x1c C:\Users\shiril\SimplicityStudio\v4_workspace\Assignment_3\platform\radio\rail_lib\autogen\librail_release\librail_efr32xg1_gcc_release.a(rail_assert.o)
                0x00012e04                RAILInt_Assert
 .text.RAILCore_GetRadioEntropy
                0x00012e20        0x4 C:\Users\shiril\SimplicityStudio\v4_workspace\Assignment_3\platform\radio\rail_lib\autogen\librail_release\librail_efr32xg1_gcc_release.a(rail_rssi.o)
                0x00012e20                RAILCore_GetRadioEntropy
 .text.BUFC_ReadHelper
                0x00012e24       0x7c C:\Users\shiril\SimplicityStudio\v4_workspace\Assignment_3\platform\radio\rail_lib\autogen\librail_release\librail_efr32xg1_gcc_release.a(bufc.o)
 .text.checkAndAddRxLenOverflowEntry
                0x00012ea0       0x3c C:\Users\shiril\SimplicityStudio\v4_workspace\Assignment_3\platform\radio\rail_lib\autogen\librail_release\librail_efr32xg1_gcc_release.a(bufc.o)
 .text.BUFC_SetTxBuffer
                0x00012edc       0x38 C:\Users\shiril\SimplicityStudio\v4_workspace\Assignment_3\platform\radio\rail_lib\autogen\librail_release\librail_efr32xg1_gcc_release.a(bufc.o)
                0x00012edc                BUFC_SetTxBuffer
 .text.BUFC_WriteBuffer
                0x00012f14       0xa8 C:\Users\shiril\SimplicityStudio\v4_workspace\Assignment_3\platform\radio\rail_lib\autogen\librail_release\librail_efr32xg1_gcc_release.a(bufc.o)
                0x00012f14                BUFC_WriteBuffer
 .text.BUFC_Peek
                0x00012fbc       0x12 C:\Users\shiril\SimplicityStudio\v4_workspace\Assignment_3\platform\radio\rail_lib\autogen\librail_release\librail_efr32xg1_gcc_release.a(bufc.o)
                0x00012fbc                BUFC_Peek
 .text.BUFC_PeekByte
                0x00012fce       0x34 C:\Users\shiril\SimplicityStudio\v4_workspace\Assignment_3\platform\radio\rail_lib\autogen\librail_release\librail_efr32xg1_gcc_release.a(bufc.o)
                0x00012fce                BUFC_PeekByte
 *fill*         0x00013002        0x2 
 .text.BUFC_GetSpaceAvailable
                0x00013004       0x28 C:\Users\shiril\SimplicityStudio\v4_workspace\Assignment_3\platform\radio\rail_lib\autogen\librail_release\librail_efr32xg1_gcc_release.a(bufc.o)
                0x00013004                BUFC_GetSpaceAvailable
 .text.BUFC_GetBytesAvailable
                0x0001302c       0x14 C:\Users\shiril\SimplicityStudio\v4_workspace\Assignment_3\platform\radio\rail_lib\autogen\librail_release\librail_efr32xg1_gcc_release.a(bufc.o)
                0x0001302c                BUFC_GetBytesAvailable
 .text.BUFC_TxAckBufferSet
                0x00013040       0x38 C:\Users\shiril\SimplicityStudio\v4_workspace\Assignment_3\platform\radio\rail_lib\autogen\librail_release\librail_efr32xg1_gcc_release.a(bufc.o)
                0x00013040                BUFC_TxAckBufferSet
 .text.BUFC_TxAckBufferReset
                0x00013078        0x8 C:\Users\shiril\SimplicityStudio\v4_workspace\Assignment_3\platform\radio\rail_lib\autogen\librail_release\librail_efr32xg1_gcc_release.a(bufc.o)
                0x00013078                BUFC_TxAckBufferReset
 .text.BUFC_RxBufferReset
                0x00013080       0x5c C:\Users\shiril\SimplicityStudio\v4_workspace\Assignment_3\platform\radio\rail_lib\autogen\librail_release\librail_efr32xg1_gcc_release.a(bufc.o)
                0x00013080                BUFC_RxBufferReset
 .text.BUFC_Init
                0x000130dc       0x98 C:\Users\shiril\SimplicityStudio\v4_workspace\Assignment_3\platform\radio\rail_lib\autogen\librail_release\librail_efr32xg1_gcc_release.a(bufc.o)
                0x000130dc                BUFC_Init
 .text.BUFC_RxBufferBytesAvailable
                0x00013174       0x10 C:\Users\shiril\SimplicityStudio\v4_workspace\Assignment_3\platform\radio\rail_lib\autogen\librail_release\librail_efr32xg1_gcc_release.a(bufc.o)
                0x00013174                BUFC_RxBufferBytesAvailable
 .text.BUFC_ReleaseRxPacket
                0x00013184      0x10c C:\Users\shiril\SimplicityStudio\v4_workspace\Assignment_3\platform\radio\rail_lib\autogen\librail_release\librail_efr32xg1_gcc_release.a(bufc.o)
                0x00013184                BUFC_ReleaseRxPacket
 .text.BUFC_StartRxLenThrEvent
                0x00013290       0x8c C:\Users\shiril\SimplicityStudio\v4_workspace\Assignment_3\platform\radio\rail_lib\autogen\librail_release\librail_efr32xg1_gcc_release.a(bufc.o)
                0x00013290                BUFC_StartRxLenThrEvent
 .text.BUFC_EndRxLenThrEvent
                0x0001331c       0x1c C:\Users\shiril\SimplicityStudio\v4_workspace\Assignment_3\platform\radio\rail_lib\autogen\librail_release\librail_efr32xg1_gcc_release.a(bufc.o)
                0x0001331c                BUFC_EndRxLenThrEvent
 .text.BUFC_HandleRxLenOvfEvent
                0x00013338       0x28 C:\Users\shiril\SimplicityStudio\v4_workspace\Assignment_3\platform\radio\rail_lib\autogen\librail_release\librail_efr32xg1_gcc_release.a(bufc.o)
                0x00013338                BUFC_HandleRxLenOvfEvent
 .text.BUFC_GetRxPacketInfo
                0x00013360      0x138 C:\Users\shiril\SimplicityStudio\v4_workspace\Assignment_3\platform\radio\rail_lib\autogen\librail_release\librail_efr32xg1_gcc_release.a(bufc.o)
                0x00013360                BUFC_GetRxPacketInfo
 .text.IRCAL_Set
                0x00013498       0x1c C:\Users\shiril\SimplicityStudio\v4_workspace\Assignment_3\platform\radio\rail_lib\autogen\librail_release\librail_efr32xg1_gcc_release.a(ir_cal.o)
                0x00013498                IRCAL_Set
 .text.IRCAL_Init
                0x000134b4       0xa8 C:\Users\shiril\SimplicityStudio\v4_workspace\Assignment_3\platform\radio\rail_lib\autogen\librail_release\librail_efr32xg1_gcc_release.a(ir_cal.o)
                0x000134b4                IRCAL_Init
 .text.PA_ProtectPa
                0x0001355c       0xbc C:\Users\shiril\SimplicityStudio\v4_workspace\Assignment_3\platform\radio\rail_lib\autogen\librail_release\librail_efr32xg1_gcc_release.a(pa.o)
 .text.getRampTimeFromLevelAndRate
                0x00013618       0x20 C:\Users\shiril\SimplicityStudio\v4_workspace\Assignment_3\platform\radio\rail_lib\autogen\librail_release\librail_efr32xg1_gcc_release.a(pa.o)
 .text.PA_GetTxPowerConfig
                0x00013638       0x14 C:\Users\shiril\SimplicityStudio\v4_workspace\Assignment_3\platform\radio\rail_lib\autogen\librail_release\librail_efr32xg1_gcc_release.a(pa.o)
                0x00013638                PA_GetTxPowerConfig
 .text.PA_GetPowerLevel
                0x0001364c        0xc C:\Users\shiril\SimplicityStudio\v4_workspace\Assignment_3\platform\radio\rail_lib\autogen\librail_release\librail_efr32xg1_gcc_release.a(pa.o)
                0x0001364c                PA_GetPowerLevel
 .text.PA_SetPowerLevel
                0x00013658      0x194 C:\Users\shiril\SimplicityStudio\v4_workspace\Assignment_3\platform\radio\rail_lib\autogen\librail_release\librail_efr32xg1_gcc_release.a(pa.o)
                0x00013658                PA_SetPowerLevel
 .text.PA_RunPeakDetectorHigh
                0x000137ec       0x4c C:\Users\shiril\SimplicityStudio\v4_workspace\Assignment_3\platform\radio\rail_lib\autogen\librail_release\librail_efr32xg1_gcc_release.a(pa.o)
                0x000137ec                PA_RunPeakDetectorHigh
 .text.PA_RunPeakDetectorLow
                0x00013838        0x2 C:\Users\shiril\SimplicityStudio\v4_workspace\Assignment_3\platform\radio\rail_lib\autogen\librail_release\librail_efr32xg1_gcc_release.a(pa.o)
                0x00013838                PA_RunPeakDetectorLow
 *fill*         0x0001383a        0x2 
 .text.PA_RunBatHigh
                0x0001383c       0x2c C:\Users\shiril\SimplicityStudio\v4_workspace\Assignment_3\platform\radio\rail_lib\autogen\librail_release\librail_efr32xg1_gcc_release.a(pa.o)
                0x0001383c                PA_RunBatHigh
 .text.PA_GetRampTime
                0x00013868        0xc C:\Users\shiril\SimplicityStudio\v4_workspace\Assignment_3\platform\radio\rail_lib\autogen\librail_release\librail_efr32xg1_gcc_release.a(pa.o)
                0x00013868                PA_GetRampTime
 .text.PA_ConfigRamp
                0x00013874       0x20 C:\Users\shiril\SimplicityStudio\v4_workspace\Assignment_3\platform\radio\rail_lib\autogen\librail_release\librail_efr32xg1_gcc_release.a(pa.o)
                0x00013874                PA_ConfigRamp
 .text.PA_CalcRampTime
                0x00013894       0x44 C:\Users\shiril\SimplicityStudio\v4_workspace\Assignment_3\platform\radio\rail_lib\autogen\librail_release\librail_efr32xg1_gcc_release.a(pa.o)
                0x00013894                PA_CalcRampTime
 .text.PA_SetRampTime
                0x000138d8       0xac C:\Users\shiril\SimplicityStudio\v4_workspace\Assignment_3\platform\radio\rail_lib\autogen\librail_release\librail_efr32xg1_gcc_release.a(pa.o)
                0x000138d8                PA_SetRampTime
 .text.PA_SelectBand
                0x00013984       0x50 C:\Users\shiril\SimplicityStudio\v4_workspace\Assignment_3\platform\radio\rail_lib\autogen\librail_release\librail_efr32xg1_gcc_release.a(pa.o)
                0x00013984                PA_SelectBand
 .text.PA_Config
                0x000139d4      0x15c C:\Users\shiril\SimplicityStudio\v4_workspace\Assignment_3\platform\radio\rail_lib\autogen\librail_release\librail_efr32xg1_gcc_release.a(pa.o)
                0x000139d4                PA_Config
 .text.PA_UpdateConfig
                0x00013b30       0x38 C:\Users\shiril\SimplicityStudio\v4_workspace\Assignment_3\platform\radio\rail_lib\autogen\librail_release\librail_efr32xg1_gcc_release.a(pa.o)
                0x00013b30                PA_UpdateConfig
 .text.PROTIMER_Init
                0x00013b68      0x108 C:\Users\shiril\SimplicityStudio\v4_workspace\Assignment_3\platform\radio\rail_lib\autogen\librail_release\librail_efr32xg1_gcc_release.a(protimer.o)
                0x00013b68                PROTIMER_Init
 .text.PROTIMER_Start
                0x00013c70       0x1c C:\Users\shiril\SimplicityStudio\v4_workspace\Assignment_3\platform\radio\rail_lib\autogen\librail_release\librail_efr32xg1_gcc_release.a(protimer.o)
                0x00013c70                PROTIMER_Start
 .text.PROTIMER_IsRunning
                0x00013c8c       0x10 C:\Users\shiril\SimplicityStudio\v4_workspace\Assignment_3\platform\radio\rail_lib\autogen\librail_release\librail_efr32xg1_gcc_release.a(protimer.o)
                0x00013c8c                PROTIMER_IsRunning
 .text.PROTIMER_ElapsedTime
                0x00013c9c       0x18 C:\Users\shiril\SimplicityStudio\v4_workspace\Assignment_3\platform\radio\rail_lib\autogen\librail_release\librail_efr32xg1_gcc_release.a(protimer.o)
                0x00013c9c                PROTIMER_ElapsedTime
 .text.PROTIMER_CCTimerStop
                0x00013cb4       0x20 C:\Users\shiril\SimplicityStudio\v4_workspace\Assignment_3\platform\radio\rail_lib\autogen\librail_release\librail_efr32xg1_gcc_release.a(protimer.o)
                0x00013cb4                PROTIMER_CCTimerStop
 .text.PROTIMER_CCTimerStart
                0x00013cd4      0x164 C:\Users\shiril\SimplicityStudio\v4_workspace\Assignment_3\platform\radio\rail_lib\autogen\librail_release\librail_efr32xg1_gcc_release.a(protimer.o)
                0x00013cd4                PROTIMER_CCTimerStart
 .text.PROTIMER_WrapMultiple
                0x00013e38       0x12 C:\Users\shiril\SimplicityStudio\v4_workspace\Assignment_3\platform\radio\rail_lib\autogen\librail_release\librail_efr32xg1_gcc_release.a(protimer.o)
                0x00013e38                PROTIMER_WrapMultiple
 *fill*         0x00013e4a        0x2 
 .text.PROTIMER_CCTimerIsEnabled
                0x00013e4c       0x10 C:\Users\shiril\SimplicityStudio\v4_workspace\Assignment_3\platform\radio\rail_lib\autogen\librail_release\librail_efr32xg1_gcc_release.a(protimer.o)
                0x00013e4c                PROTIMER_CCTimerIsEnabled
 .text.PROTIMER_CCTimerCapture
                0x00013e5c       0x14 C:\Users\shiril\SimplicityStudio\v4_workspace\Assignment_3\platform\radio\rail_lib\autogen\librail_release\librail_efr32xg1_gcc_release.a(protimer.o)
                0x00013e5c                PROTIMER_CCTimerCapture
 .text.PROTIMER_ScheduleTxEnable
                0x00013e70       0x2c C:\Users\shiril\SimplicityStudio\v4_workspace\Assignment_3\platform\radio\rail_lib\autogen\librail_release\librail_efr32xg1_gcc_release.a(protimer.o)
                0x00013e70                PROTIMER_ScheduleTxEnable
 .text.PROTIMER_ClearTxEnable
                0x00013e9c        0xc C:\Users\shiril\SimplicityStudio\v4_workspace\Assignment_3\platform\radio\rail_lib\autogen\librail_release\librail_efr32xg1_gcc_release.a(protimer.o)
                0x00013e9c                PROTIMER_ClearTxEnable
 .text.PROTIMER_ScheduleRxEnable
                0x00013ea8       0x2c C:\Users\shiril\SimplicityStudio\v4_workspace\Assignment_3\platform\radio\rail_lib\autogen\librail_release\librail_efr32xg1_gcc_release.a(protimer.o)
                0x00013ea8                PROTIMER_ScheduleRxEnable
 .text.PROTIMER_ScheduleRxDisable
                0x00013ed4       0x38 C:\Users\shiril\SimplicityStudio\v4_workspace\Assignment_3\platform\radio\rail_lib\autogen\librail_release\librail_efr32xg1_gcc_release.a(protimer.o)
                0x00013ed4                PROTIMER_ScheduleRxDisable
 .text.PROTIMER_ClearRxEnable
                0x00013f0c       0x10 C:\Users\shiril\SimplicityStudio\v4_workspace\Assignment_3\platform\radio\rail_lib\autogen\librail_release\librail_efr32xg1_gcc_release.a(protimer.o)
                0x00013f0c                PROTIMER_ClearRxEnable
 .text.PROTIMER_GetTime
                0x00013f1c        0xc C:\Users\shiril\SimplicityStudio\v4_workspace\Assignment_3\platform\radio\rail_lib\autogen\librail_release\librail_efr32xg1_gcc_release.a(protimer.o)
                0x00013f1c                PROTIMER_GetTime
 .text.PROTIMER_LBTStop
                0x00013f28       0x18 C:\Users\shiril\SimplicityStudio\v4_workspace\Assignment_3\platform\radio\rail_lib\autogen\librail_release\librail_efr32xg1_gcc_release.a(protimer.o)
                0x00013f28                PROTIMER_LBTStop
 .text.PROTIMER_PrecntOverflowToUs
                0x00013f40       0x38 C:\Users\shiril\SimplicityStudio\v4_workspace\Assignment_3\platform\radio\rail_lib\autogen\librail_release\librail_efr32xg1_gcc_release.a(protimer.o)
                0x00013f40                PROTIMER_PrecntOverflowToUs
 .text.PROTIMER_UsToPrecntOverflow
                0x00013f78       0x2c C:\Users\shiril\SimplicityStudio\v4_workspace\Assignment_3\platform\radio\rail_lib\autogen\librail_release\librail_efr32xg1_gcc_release.a(protimer.o)
                0x00013f78                PROTIMER_UsToPrecntOverflow
 .text.PROTIMER_DelayUs
                0x00013fa4       0x44 C:\Users\shiril\SimplicityStudio\v4_workspace\Assignment_3\platform\radio\rail_lib\autogen\librail_release\librail_efr32xg1_gcc_release.a(protimer.o)
                0x00013fa4                PROTIMER_DelayUs
 .text.PROTIMER_CheckCcaReallyFailed
                0x00013fe8       0xbc C:\Users\shiril\SimplicityStudio\v4_workspace\Assignment_3\platform\radio\rail_lib\autogen\librail_release\librail_efr32xg1_gcc_release.a(protimer.o)
                0x00013fe8                PROTIMER_CheckCcaReallyFailed
 .text.PTI_EnableAppendedInfo
                0x000140a4       0x18 C:\Users\shiril\SimplicityStudio\v4_workspace\Assignment_3\platform\radio\rail_lib\autogen\librail_release\librail_efr32xg1_gcc_release.a(pti.o)
                0x000140a4                PTI_EnableAppendedInfo
 .text.PTI_Enable
                0x000140bc       0x58 C:\Users\shiril\SimplicityStudio\v4_workspace\Assignment_3\platform\radio\rail_lib\autogen\librail_release\librail_efr32xg1_gcc_release.a(pti.o)
                0x000140bc                PTI_Enable
 .text.PTI_AuxdataOutput
                0x00014114       0x1c C:\Users\shiril\SimplicityStudio\v4_workspace\Assignment_3\platform\radio\rail_lib\autogen\librail_release\librail_efr32xg1_gcc_release.a(pti.o)
                0x00014114                PTI_AuxdataOutput
 .text.PTI_EnableSyncword
                0x00014130       0x18 C:\Users\shiril\SimplicityStudio\v4_workspace\Assignment_3\platform\radio\rail_lib\autogen\librail_release\librail_efr32xg1_gcc_release.a(pti.o)
                0x00014130                PTI_EnableSyncword
 .text.RADIO_SetAndForgetWrite
                0x00014148       0x8c C:\Users\shiril\SimplicityStudio\v4_workspace\Assignment_3\platform\radio\rail_lib\autogen\librail_release\librail_efr32xg1_gcc_release.a(radio.o)
                0x00014148                RADIO_SetAndForgetWrite
 .text.RADIO_SeqInit
                0x000141d4       0x68 C:\Users\shiril\SimplicityStudio\v4_workspace\Assignment_3\platform\radio\rail_lib\autogen\librail_release\librail_efr32xg1_gcc_release.a(radio.o)
                0x000141d4                RADIO_SeqInit
 .text.RADIO_CLKEnable
                0x0001423c       0x68 C:\Users\shiril\SimplicityStudio\v4_workspace\Assignment_3\platform\radio\rail_lib\autogen\librail_release\librail_efr32xg1_gcc_release.a(radio.o)
                0x0001423c                RADIO_CLKEnable
 .text.RADIO_Init
                0x000142a4       0x40 C:\Users\shiril\SimplicityStudio\v4_workspace\Assignment_3\platform\radio\rail_lib\autogen\librail_release\librail_efr32xg1_gcc_release.a(radio.o)
                0x000142a4                RADIO_Init
 .text.RADIO_Config
                0x000142e4       0xa8 C:\Users\shiril\SimplicityStudio\v4_workspace\Assignment_3\platform\radio\rail_lib\autogen\librail_release\librail_efr32xg1_gcc_release.a(radio.o)
                0x000142e4                RADIO_Config
 .text.RADIO_IsRxOnForRssi
                0x0001438c       0x18 C:\Users\shiril\SimplicityStudio\v4_workspace\Assignment_3\platform\radio\rail_lib\autogen\librail_release\librail_efr32xg1_gcc_release.a(radio.o)
                0x0001438c                RADIO_IsRxOnForRssi
 .text.RADIO_RxTrailDataLength
                0x000143a4       0x3c C:\Users\shiril\SimplicityStudio\v4_workspace\Assignment_3\platform\radio\rail_lib\autogen\librail_release\librail_efr32xg1_gcc_release.a(radio.o)
                0x000143a4                RADIO_RxTrailDataLength
 .text.RADIO_FrameControlDescrBufferIdSet
                0x000143e0       0x20 C:\Users\shiril\SimplicityStudio\v4_workspace\Assignment_3\platform\radio\rail_lib\autogen\librail_release\librail_efr32xg1_gcc_release.a(radio.o)
                0x000143e0                RADIO_FrameControlDescrBufferIdSet
 .text.RADIO_ComputeTxBaudrate
                0x00014400       0x28 C:\Users\shiril\SimplicityStudio\v4_workspace\Assignment_3\platform\radio\rail_lib\autogen\librail_release\librail_efr32xg1_gcc_release.a(radio.o)
                0x00014400                RADIO_ComputeTxBaudrate
 .text.RADIO_ComputeTxSymbolRate
                0x00014428       0x2c C:\Users\shiril\SimplicityStudio\v4_workspace\Assignment_3\platform\radio\rail_lib\autogen\librail_release\librail_efr32xg1_gcc_release.a(radio.o)
                0x00014428                RADIO_ComputeTxSymbolRate
 .text.RADIO_ComputeTxBitRate
                0x00014454       0x50 C:\Users\shiril\SimplicityStudio\v4_workspace\Assignment_3\platform\radio\rail_lib\autogen\librail_release\librail_efr32xg1_gcc_release.a(radio.o)
                0x00014454                RADIO_ComputeTxBitRate
 .text.RADIO_GetRssi
                0x000144a4       0x54 C:\Users\shiril\SimplicityStudio\v4_workspace\Assignment_3\platform\radio\rail_lib\autogen\librail_release\librail_efr32xg1_gcc_release.a(radio.o)
                0x000144a4                RADIO_GetRssi
 .text.RADIO_SetCRCInitVal
                0x000144f8       0x10 C:\Users\shiril\SimplicityStudio\v4_workspace\Assignment_3\platform\radio\rail_lib\autogen\librail_release\librail_efr32xg1_gcc_release.a(radio.o)
                0x000144f8                RADIO_SetCRCInitVal
 .text.RADIO_RACClearRxOverflow
                0x00014508       0x20 C:\Users\shiril\SimplicityStudio\v4_workspace\Assignment_3\platform\radio\rail_lib\autogen\librail_release\librail_efr32xg1_gcc_release.a(radio.o)
                0x00014508                RADIO_RACClearRxOverflow
 .text.RFSENSE_Disable
                0x00014528       0x44 C:\Users\shiril\SimplicityStudio\v4_workspace\Assignment_3\platform\radio\rail_lib\autogen\librail_release\librail_efr32xg1_gcc_release.a(rfsense.o)
 .text.RFSENSE_Sensed
                0x0001456c       0x50 C:\Users\shiril\SimplicityStudio\v4_workspace\Assignment_3\platform\radio\rail_lib\autogen\librail_release\librail_efr32xg1_gcc_release.a(rfsense.o)
                0x0001456c                RFSENSE_Sensed
 .text.RFSENSE_IRQHandler
                0x000145bc        0x4 C:\Users\shiril\SimplicityStudio\v4_workspace\Assignment_3\platform\radio\rail_lib\autogen\librail_release\librail_efr32xg1_gcc_release.a(rfsense.o)
                0x000145bc                RFSENSE_IRQHandler
 .text.RTCCSYNC_Init
                0x000145c0       0x10 C:\Users\shiril\SimplicityStudio\v4_workspace\Assignment_3\platform\radio\rail_lib\autogen\librail_release\librail_efr32xg1_gcc_release.a(rtccsync.o)
                0x000145c0                RTCCSYNC_Init
 .text.SYNTH_RfFreqGet
                0x000145d0        0xc C:\Users\shiril\SimplicityStudio\v4_workspace\Assignment_3\platform\radio\rail_lib\autogen\librail_release\librail_efr32xg1_gcc_release.a(synth.o)
                0x000145d0                SYNTH_RfFreqGet
 .text.SYNTH_ChSpacingGet
                0x000145dc        0xc C:\Users\shiril\SimplicityStudio\v4_workspace\Assignment_3\platform\radio\rail_lib\autogen\librail_release\librail_efr32xg1_gcc_release.a(synth.o)
                0x000145dc                SYNTH_ChSpacingGet
 .text.SYNTH_LoDivGet
                0x000145e8       0x20 C:\Users\shiril\SimplicityStudio\v4_workspace\Assignment_3\platform\radio\rail_lib\autogen\librail_release\librail_efr32xg1_gcc_release.a(synth.o)
                0x000145e8                SYNTH_LoDivGet
 .text.SYNTH_Is2p4GHz
                0x00014608       0x14 C:\Users\shiril\SimplicityStudio\v4_workspace\Assignment_3\platform\radio\rail_lib\autogen\librail_release\librail_efr32xg1_gcc_release.a(synth.o)
                0x00014608                SYNTH_Is2p4GHz
 .text.SYNTH_VcoRangeIsValid
                0x0001461c       0x30 C:\Users\shiril\SimplicityStudio\v4_workspace\Assignment_3\platform\radio\rail_lib\autogen\librail_release\librail_efr32xg1_gcc_release.a(synth.o)
                0x0001461c                SYNTH_VcoRangeIsValid
 .text.SYNTH_RetimeLimitsConfig
                0x0001464c       0x64 C:\Users\shiril\SimplicityStudio\v4_workspace\Assignment_3\platform\radio\rail_lib\autogen\librail_release\librail_efr32xg1_gcc_release.a(synth.o)
                0x0001464c                SYNTH_RetimeLimitsConfig
 .text.SYNTH_RetimeClkConfig
                0x000146b0       0xb4 C:\Users\shiril\SimplicityStudio\v4_workspace\Assignment_3\platform\radio\rail_lib\autogen\librail_release\librail_efr32xg1_gcc_release.a(synth.o)
                0x000146b0                SYNTH_RetimeClkConfig
 .text.SYNTH_Config
                0x00014764      0x108 C:\Users\shiril\SimplicityStudio\v4_workspace\Assignment_3\platform\radio\rail_lib\autogen\librail_release\librail_efr32xg1_gcc_release.a(synth.o)
                0x00014764                SYNTH_Config
 .text.SYNTH_ChannelSet
                0x0001486c       0x40 C:\Users\shiril\SimplicityStudio\v4_workspace\Assignment_3\platform\radio\rail_lib\autogen\librail_release\librail_efr32xg1_gcc_release.a(synth.o)
                0x0001486c                SYNTH_ChannelSet
 .text.SYNTH_DCDCRetimeClkSet
                0x000148ac       0x6c C:\Users\shiril\SimplicityStudio\v4_workspace\Assignment_3\platform\radio\rail_lib\autogen\librail_release\librail_efr32xg1_gcc_release.a(synth.o)
                0x000148ac                SYNTH_DCDCRetimeClkSet
 .text.SYNTH_DCDCRetimeEnable
                0x00014918       0x18 C:\Users\shiril\SimplicityStudio\v4_workspace\Assignment_3\platform\radio\rail_lib\autogen\librail_release\librail_efr32xg1_gcc_release.a(synth.o)
                0x00014918                SYNTH_DCDCRetimeEnable
 .text.SYNTH_DCDCRetimeDisable
                0x00014930       0x18 C:\Users\shiril\SimplicityStudio\v4_workspace\Assignment_3\platform\radio\rail_lib\autogen\librail_release\librail_efr32xg1_gcc_release.a(synth.o)
                0x00014930                SYNTH_DCDCRetimeDisable
 .text.SYNTH_KvnFreqCompensationEnable
                0x00014948        0xc C:\Users\shiril\SimplicityStudio\v4_workspace\Assignment_3\platform\radio\rail_lib\autogen\librail_release\librail_efr32xg1_gcc_release.a(synth.o)
                0x00014948                SYNTH_KvnFreqCompensationEnable
 .text.RADIOCMU_ClockEnable
                0x00014954       0x40 C:\Users\shiril\SimplicityStudio\v4_workspace\Assignment_3\platform\radio\rail_lib\autogen\librail_release\librail_efr32xg1_gcc_release.a(radio_cmu.o)
                0x00014954                RADIOCMU_ClockEnable
 .text.RADIOCMU_ClockFreqGet
                0x00014994       0x88 C:\Users\shiril\SimplicityStudio\v4_workspace\Assignment_3\platform\radio\rail_lib\autogen\librail_release\librail_efr32xg1_gcc_release.a(radio_cmu.o)
                0x00014994                RADIOCMU_ClockFreqGet
 .text.RADIOCMU_ClockPrescGet
                0x00014a1c       0x1c C:\Users\shiril\SimplicityStudio\v4_workspace\Assignment_3\platform\radio\rail_lib\autogen\librail_release\librail_efr32xg1_gcc_release.a(radio_cmu.o)
                0x00014a1c                RADIOCMU_ClockPrescGet
 .text.TEMPCAL_Init
                0x00014a38       0x40 C:\Users\shiril\SimplicityStudio\v4_workspace\Assignment_3\platform\radio\rail_lib\autogen\librail_release\librail_efr32xg1_gcc_release.a(tempcal.o)
                0x00014a38                TEMPCAL_Init
 .text.TIMING_PreambleSyncBits
                0x00014a78       0x2c C:\Users\shiril\SimplicityStudio\v4_workspace\Assignment_3\platform\radio\rail_lib\autogen\librail_release\librail_efr32xg1_gcc_release.a(timings.o)
 .text.TIMING_CalcAdjustUs
                0x00014aa4       0x28 C:\Users\shiril\SimplicityStudio\v4_workspace\Assignment_3\platform\radio\rail_lib\autogen\librail_release\librail_efr32xg1_gcc_release.a(timings.o)
 .text.TIMING_SeqTimingInit
                0x00014acc        0x2 C:\Users\shiril\SimplicityStudio\v4_workspace\Assignment_3\platform\radio\rail_lib\autogen\librail_release\librail_efr32xg1_gcc_release.a(timings.o)
                0x00014acc                TIMING_SeqTimingInit
 *fill*         0x00014ace        0x2 
 .text.TIMING_NsToStimerTickCalcSigned
                0x00014ad0       0x28 C:\Users\shiril\SimplicityStudio\v4_workspace\Assignment_3\platform\radio\rail_lib\autogen\librail_release\librail_efr32xg1_gcc_release.a(timings.o)
                0x00014ad0                TIMING_NsToStimerTickCalcSigned
 .text.TIMING_NsToStimerTickCalc
                0x00014af8        0xc C:\Users\shiril\SimplicityStudio\v4_workspace\Assignment_3\platform\radio\rail_lib\autogen\librail_release\librail_efr32xg1_gcc_release.a(timings.o)
                0x00014af8                TIMING_NsToStimerTickCalc
 .text.TIMING_InitStimer
                0x00014b04       0x58 C:\Users\shiril\SimplicityStudio\v4_workspace\Assignment_3\platform\radio\rail_lib\autogen\librail_release\librail_efr32xg1_gcc_release.a(timings.o)
                0x00014b04                TIMING_InitStimer
 .text.TIMING_TxWarmTimeRecalculate
                0x00014b5c       0x34 C:\Users\shiril\SimplicityStudio\v4_workspace\Assignment_3\platform\radio\rail_lib\autogen\librail_release\librail_efr32xg1_gcc_release.a(timings.o)
                0x00014b5c                TIMING_TxWarmTimeRecalculate
 .text.TIMING_TxWarmTimeSet
                0x00014b90       0x18 C:\Users\shiril\SimplicityStudio\v4_workspace\Assignment_3\platform\radio\rail_lib\autogen\librail_release\librail_efr32xg1_gcc_release.a(timings.o)
                0x00014b90                TIMING_TxWarmTimeSet
 .text.TIMING_RxToTxTimeRecalculate
                0x00014ba8       0x34 C:\Users\shiril\SimplicityStudio\v4_workspace\Assignment_3\platform\radio\rail_lib\autogen\librail_release\librail_efr32xg1_gcc_release.a(timings.o)
                0x00014ba8                TIMING_RxToTxTimeRecalculate
 .text.TIMING_RxFrameToTxTimeRecalculate
                0x00014bdc       0x38 C:\Users\shiril\SimplicityStudio\v4_workspace\Assignment_3\platform\radio\rail_lib\autogen\librail_release\librail_efr32xg1_gcc_release.a(timings.o)
                0x00014bdc                TIMING_RxFrameToTxTimeRecalculate
 .text.TIMING_RxFrameToTxTimeSet
                0x00014c14       0x18 C:\Users\shiril\SimplicityStudio\v4_workspace\Assignment_3\platform\radio\rail_lib\autogen\librail_release\librail_efr32xg1_gcc_release.a(timings.o)
                0x00014c14                TIMING_RxFrameToTxTimeSet
 .text.TIMING_TxToTxTimeRecalculate
                0x00014c2c       0x24 C:\Users\shiril\SimplicityStudio\v4_workspace\Assignment_3\platform\radio\rail_lib\autogen\librail_release\librail_efr32xg1_gcc_release.a(timings.o)
                0x00014c2c                TIMING_TxToTxTimeRecalculate
 .text.TIMING_TxToRxTimeRecalculate
                0x00014c50       0x24 C:\Users\shiril\SimplicityStudio\v4_workspace\Assignment_3\platform\radio\rail_lib\autogen\librail_release\librail_efr32xg1_gcc_release.a(timings.o)
                0x00014c50                TIMING_TxToRxTimeRecalculate
 .text.TIMING_TxToRxTimeSet
                0x00014c74       0x18 C:\Users\shiril\SimplicityStudio\v4_workspace\Assignment_3\platform\radio\rail_lib\autogen\librail_release\librail_efr32xg1_gcc_release.a(timings.o)
                0x00014c74                TIMING_TxToRxTimeSet
 .text.TIMING_RxWarmTimeRecalculate
                0x00014c8c       0x20 C:\Users\shiril\SimplicityStudio\v4_workspace\Assignment_3\platform\radio\rail_lib\autogen\librail_release\librail_efr32xg1_gcc_release.a(timings.o)
                0x00014c8c                TIMING_RxWarmTimeRecalculate
 .text.TIMING_RxWarmTimeSet
                0x00014cac       0x18 C:\Users\shiril\SimplicityStudio\v4_workspace\Assignment_3\platform\radio\rail_lib\autogen\librail_release\librail_efr32xg1_gcc_release.a(timings.o)
                0x00014cac                TIMING_RxWarmTimeSet
 .text.TIMING_RxSearchTimeRecalculate
                0x00014cc4       0x28 C:\Users\shiril\SimplicityStudio\v4_workspace\Assignment_3\platform\radio\rail_lib\autogen\librail_release\librail_efr32xg1_gcc_release.a(timings.o)
                0x00014cc4                TIMING_RxSearchTimeRecalculate
 .text.TIMING_RxSearchTimeSet
                0x00014cec       0x10 C:\Users\shiril\SimplicityStudio\v4_workspace\Assignment_3\platform\radio\rail_lib\autogen\librail_release\librail_efr32xg1_gcc_release.a(timings.o)
                0x00014cec                TIMING_RxSearchTimeSet
 .text.TIMING_TxToRxSearchTimeRecalculate
                0x00014cfc       0x28 C:\Users\shiril\SimplicityStudio\v4_workspace\Assignment_3\platform\radio\rail_lib\autogen\librail_release\librail_efr32xg1_gcc_release.a(timings.o)
                0x00014cfc                TIMING_TxToRxSearchTimeRecalculate
 .text.TIMING_TxToRxSearchTimeSet
                0x00014d24       0x10 C:\Users\shiril\SimplicityStudio\v4_workspace\Assignment_3\platform\radio\rail_lib\autogen\librail_release\librail_efr32xg1_gcc_release.a(timings.o)
                0x00014d24                TIMING_TxToRxSearchTimeSet
 .text.TIMING_RecalculateAll
                0x00014d34       0x3a C:\Users\shiril\SimplicityStudio\v4_workspace\Assignment_3\platform\radio\rail_lib\autogen\librail_release\librail_efr32xg1_gcc_release.a(timings.o)
                0x00014d34                TIMING_RecalculateAll
 .text.TIMING_RecalculatePaRampChanged
                0x00014d6e       0x22 C:\Users\shiril\SimplicityStudio\v4_workspace\Assignment_3\platform\radio\rail_lib\autogen\librail_release\librail_efr32xg1_gcc_release.a(timings.o)
                0x00014d6e                TIMING_RecalculatePaRampChanged
 .text.TIMING_SetChainDelays
                0x00014d90        0x8 C:\Users\shiril\SimplicityStudio\v4_workspace\Assignment_3\platform\radio\rail_lib\autogen\librail_release\librail_efr32xg1_gcc_release.a(timings.o)
                0x00014d90                TIMING_SetChainDelays
 .text.TIMING_SetRxDoneDelay
                0x00014d98        0x6 C:\Users\shiril\SimplicityStudio\v4_workspace\Assignment_3\platform\radio\rail_lib\autogen\librail_release\librail_efr32xg1_gcc_release.a(timings.o)
                0x00014d98                TIMING_SetRxDoneDelay
 .text.TIMING_CalcRxTimeStampUs
                0x00014d9e       0x7a C:\Users\shiril\SimplicityStudio\v4_workspace\Assignment_3\platform\radio\rail_lib\autogen\librail_release\librail_efr32xg1_gcc_release.a(timings.o)
                0x00014d9e                TIMING_CalcRxTimeStampUs
 .text.RFRAND_GetRadioEntropy
                0x00014e18       0xf0 C:\Users\shiril\SimplicityStudio\v4_workspace\Assignment_3\platform\radio\rail_lib\autogen\librail_release\librail_efr32xg1_gcc_release.a(rf_rand.o)
                0x00014e18                RFRAND_GetRadioEntropy
 .text.RFRAND_SeedProtimerRandom
                0x00014f08       0x3c C:\Users\shiril\SimplicityStudio\v4_workspace\Assignment_3\platform\radio\rail_lib\autogen\librail_release\librail_efr32xg1_gcc_release.a(rf_rand.o)
                0x00014f08                RFRAND_SeedProtimerRandom
 .text.RAIL_GetTxPowerCurve
                0x00014f44       0x14 C:\Users\shiril\SimplicityStudio\v4_workspace\Assignment_3\platform\radio\rail_lib\autogen\librail_release\librail_efr32xg1_gcc_release.a(pa_conversions_efr32.o)
                0x00014f44                RAIL_GetTxPowerCurve
 .text.RAIL_InitTxPowerCurves
                0x00014f58       0x2c C:\Users\shiril\SimplicityStudio\v4_workspace\Assignment_3\platform\radio\rail_lib\autogen\librail_release\librail_efr32xg1_gcc_release.a(pa_conversions_efr32.o)
                0x00014f58                RAIL_InitTxPowerCurves
 .text.RAIL_ConvertDbmToRaw
                0x00014f84       0xe4 C:\Users\shiril\SimplicityStudio\v4_workspace\Assignment_3\platform\radio\rail_lib\autogen\librail_release\librail_efr32xg1_gcc_release.a(pa_conversions_efr32.o)
                0x00014f84                RAIL_ConvertDbmToRaw
 .text.RAIL_ConvertRawToDbm
                0x00015068       0xb4 C:\Users\shiril\SimplicityStudio\v4_workspace\Assignment_3\platform\radio\rail_lib\autogen\librail_release\librail_efr32xg1_gcc_release.a(pa_conversions_efr32.o)
                0x00015068                RAIL_ConvertRawToDbm
 .text.GENERIC_PHY_ConfigureRollbackReporting
                0x0001511c       0x64 C:\Users\shiril\SimplicityStudio\v4_workspace\Assignment_3\platform\radio\rail_lib\autogen\librail_release\librail_efr32xg1_gcc_release.a(generic_phy.o)
 .text.GENERIC_PHY_ClearPendedRxWindowEnd
                0x00015180       0x1c C:\Users\shiril\SimplicityStudio\v4_workspace\Assignment_3\platform\radio\rail_lib\autogen\librail_release\librail_efr32xg1_gcc_release.a(generic_phy.o)
 .text.RADIO_RACRxAbort
                0x0001519c       0x3c C:\Users\shiril\SimplicityStudio\v4_workspace\Assignment_3\platform\radio\rail_lib\autogen\librail_release\librail_efr32xg1_gcc_release.a(generic_phy.o)
 .text.GENERIC_PHY_RxOverflowHook
                0x000151d8       0x34 C:\Users\shiril\SimplicityStudio\v4_workspace\Assignment_3\platform\radio\rail_lib\autogen\librail_release\librail_efr32xg1_gcc_release.a(generic_phy.o)
 .text.GENERIC_PHY_DisableRadioIrqs
                0x0001520c       0x50 C:\Users\shiril\SimplicityStudio\v4_workspace\Assignment_3\platform\radio\rail_lib\autogen\librail_release\librail_efr32xg1_gcc_release.a(generic_phy.o)
 .text.GENERIC_PHY_CheckPendedRxWindowEnd
                0x0001525c       0x3c C:\Users\shiril\SimplicityStudio\v4_workspace\Assignment_3\platform\radio\rail_lib\autogen\librail_release\librail_efr32xg1_gcc_release.a(generic_phy.o)
 .text.GENERIC_PHY_ConfigureEvents
                0x00015298      0x35c C:\Users\shiril\SimplicityStudio\v4_workspace\Assignment_3\platform\radio\rail_lib\autogen\librail_release\librail_efr32xg1_gcc_release.a(generic_phy.o)
                0x00015298                GENERIC_PHY_ConfigureEvents
 .text.GENERIC_PHY_PacketTxCommon
                0x000155f4       0x3c C:\Users\shiril\SimplicityStudio\v4_workspace\Assignment_3\platform\radio\rail_lib\autogen\librail_release\librail_efr32xg1_gcc_release.a(generic_phy.o)
                0x000155f4                GENERIC_PHY_PacketTxCommon
 .text.GENERIC_PHY_PacketTx
                0x00015630       0x40 C:\Users\shiril\SimplicityStudio\v4_workspace\Assignment_3\platform\radio\rail_lib\autogen\librail_release\librail_efr32xg1_gcc_release.a(generic_phy.o)
                0x00015630                GENERIC_PHY_PacketTx
 .text.GENERIC_PHY_SchedulePacketRx
                0x00015670      0x10c C:\Users\shiril\SimplicityStudio\v4_workspace\Assignment_3\platform\radio\rail_lib\autogen\librail_release\librail_efr32xg1_gcc_release.a(generic_phy.o)
                0x00015670                GENERIC_PHY_SchedulePacketRx
 .text.GENERIC_PHY_SchedulePacketTx
                0x0001577c       0x7c C:\Users\shiril\SimplicityStudio\v4_workspace\Assignment_3\platform\radio\rail_lib\autogen\librail_release\librail_efr32xg1_gcc_release.a(generic_phy.o)
                0x0001577c                GENERIC_PHY_SchedulePacketTx
 .text.GENERIC_PHY_ChannelSet
                0x000157f8        0x6 C:\Users\shiril\SimplicityStudio\v4_workspace\Assignment_3\platform\radio\rail_lib\autogen\librail_release\librail_efr32xg1_gcc_release.a(generic_phy.o)
                0x000157f8                GENERIC_PHY_ChannelSet
 *fill*         0x000157fe        0x2 
 .text.GENERIC_PHY_SeqAtomicLock
                0x00015800       0x34 C:\Users\shiril\SimplicityStudio\v4_workspace\Assignment_3\platform\radio\rail_lib\autogen\librail_release\librail_efr32xg1_gcc_release.a(generic_phy.o)
                0x00015800                GENERIC_PHY_SeqAtomicLock
 .text.GENERIC_PHY_PreviousTxTime