Archive member included because of file (symbol)

C:\Users\shiril\SimplicityStudio\v4_workspace\HTP_OTA\platform\radio\rail_lib\autogen\librail_release\librail_efr32xg1_gcc_release.a(rail_pti.o)
                              ./pti.o (RAIL_ConfigPti)
C:\Users\shiril\SimplicityStudio\v4_workspace\HTP_OTA\platform\radio\rail_lib\autogen\librail_release\librail_efr32xg1_gcc_release.a(rail_rf_hal.o)
                              C:\Users\shiril\SimplicityStudio\v4_workspace\HTP_OTA\platform\radio\rail_lib\autogen\librail_release\librail_efr32xg1_gcc_release.a(rail_pti.o) (RFHAL_ConfigPti)
C:\Users\shiril\SimplicityStudio\v4_workspace\HTP_OTA\platform\radio\rail_lib\autogen\librail_release\librail_efr32xg1_gcc_release.a(rail_singleprotocol.o)
                              C:\Users\shiril\SimplicityStudio\v4_workspace\HTP_OTA\platform\radio\rail_lib\autogen\librail_release\librail_efr32xg1_gcc_release.a(rail_rf_hal.o) (RAIL_ActiveHandle)
C:\Users\shiril\SimplicityStudio\v4_workspace\HTP_OTA\platform\radio\rail_lib\autogen\librail_release\librail_efr32xg1_gcc_release.a(rail_rf.o)
                              C:\Users\shiril\SimplicityStudio\v4_workspace\HTP_OTA\platform\radio\rail_lib\autogen\librail_release\librail_efr32xg1_gcc_release.a(rail_singleprotocol.o) (RAILCore_Init)
C:\Users\shiril\SimplicityStudio\v4_workspace\HTP_OTA\platform\radio\rail_lib\autogen\librail_release\librail_efr32xg1_gcc_release.a(rail_rx.o)
                              C:\Users\shiril\SimplicityStudio\v4_workspace\HTP_OTA\platform\radio\rail_lib\autogen\librail_release\librail_efr32xg1_gcc_release.a(rail_rf_hal.o) (RAILCore_StartRx)
C:\Users\shiril\SimplicityStudio\v4_workspace\HTP_OTA\platform\radio\rail_lib\autogen\librail_release\librail_efr32xg1_gcc_release.a(rail_tx.o)
                              C:\Users\shiril\SimplicityStudio\v4_workspace\HTP_OTA\platform\radio\rail_lib\autogen\librail_release\librail_efr32xg1_gcc_release.a(rail_singleprotocol.o) (RAILCore_StartTx)
C:\Users\shiril\SimplicityStudio\v4_workspace\HTP_OTA\platform\radio\rail_lib\autogen\librail_release\librail_efr32xg1_gcc_release.a(rail_calibration.o)
                              C:\Users\shiril\SimplicityStudio\v4_workspace\HTP_OTA\platform\radio\rail_lib\autogen\librail_release\librail_efr32xg1_gcc_release.a(rail_rf_hal.o) (RAILInt_PendCal)
C:\Users\shiril\SimplicityStudio\v4_workspace\HTP_OTA\platform\radio\rail_lib\autogen\librail_release\librail_efr32xg1_gcc_release.a(rail_assert.o)
                              C:\Users\shiril\SimplicityStudio\v4_workspace\HTP_OTA\platform\radio\rail_lib\autogen\librail_release\librail_efr32xg1_gcc_release.a(rail_rf.o) (RAILInt_Assert)
C:\Users\shiril\SimplicityStudio\v4_workspace\HTP_OTA\platform\radio\rail_lib\autogen\librail_release\librail_efr32xg1_gcc_release.a(rail_rssi.o)
                              C:\Users\shiril\SimplicityStudio\v4_workspace\HTP_OTA\platform\radio\rail_lib\autogen\librail_release\librail_efr32xg1_gcc_release.a(rail_singleprotocol.o) (RAILCore_GetRssi)
C:\Users\shiril\SimplicityStudio\v4_workspace\HTP_OTA\platform\radio\rail_lib\autogen\librail_release\librail_efr32xg1_gcc_release.a(bufc.o)
                              C:\Users\shiril\SimplicityStudio\v4_workspace\HTP_OTA\platform\radio\rail_lib\autogen\librail_release\librail_efr32xg1_gcc_release.a(rail_rf_hal.o) (BUFC_SetTxBuffer)
C:\Users\shiril\SimplicityStudio\v4_workspace\HTP_OTA\platform\radio\rail_lib\autogen\librail_release\librail_efr32xg1_gcc_release.a(ir_cal.o)
                              C:\Users\shiril\SimplicityStudio\v4_workspace\HTP_OTA\platform\radio\rail_lib\autogen\librail_release\librail_efr32xg1_gcc_release.a(rail_rf_hal.o) (IRCAL_Set)
C:\Users\shiril\SimplicityStudio\v4_workspace\HTP_OTA\platform\radio\rail_lib\autogen\librail_release\librail_efr32xg1_gcc_release.a(pa.o)
                              C:\Users\shiril\SimplicityStudio\v4_workspace\HTP_OTA\platform\radio\rail_lib\autogen\librail_release\librail_efr32xg1_gcc_release.a(rail_rf_hal.o) (PA_GetTxPowerConfig)
C:\Users\shiril\SimplicityStudio\v4_workspace\HTP_OTA\platform\radio\rail_lib\autogen\librail_release\librail_efr32xg1_gcc_release.a(protimer.o)
                              C:\Users\shiril\SimplicityStudio\v4_workspace\HTP_OTA\platform\radio\rail_lib\autogen\librail_release\librail_efr32xg1_gcc_release.a(rail_rf_hal.o) (PROTIMER_Start)
C:\Users\shiril\SimplicityStudio\v4_workspace\HTP_OTA\platform\radio\rail_lib\autogen\librail_release\librail_efr32xg1_gcc_release.a(pti.o)
                              C:\Users\shiril\SimplicityStudio\v4_workspace\HTP_OTA\platform\radio\rail_lib\autogen\librail_release\librail_efr32xg1_gcc_release.a(rail_rf_hal.o) (PTI_Config)
C:\Users\shiril\SimplicityStudio\v4_workspace\HTP_OTA\platform\radio\rail_lib\autogen\librail_release\librail_efr32xg1_gcc_release.a(antenna.o)
[...]
Memory Configuration

Name             Origin             Length             Attributes
FLASH_BOOTLOADER 0x00000000         0x00004000         xr
FLASH            0x00004000         0x0003b000         xr
RAM              0x20000000         0x00007bfc         xrw
*default*        0x00000000         0xffffffff

Linker script and memory map

LOAD c:/siliconlabs/simplicitystudio/v4/developer/toolchains/gnu_arm/4.9_2015q3/bin/../lib/gcc/arm-none-eabi/4.9.3/armv7e-m/softfp/crti.o
LOAD c:/siliconlabs/simplicitystudio/v4/developer/toolchains/gnu_arm/4.9_2015q3/bin/../lib/gcc/arm-none-eabi/4.9.3/armv7e-m/softfp/crtbegin.o
LOAD c:/siliconlabs/simplicitystudio/v4/developer/toolchains/gnu_arm/4.9_2015q3/bin/../lib/gcc/arm-none-eabi/4.9.3/../../../../arm-none-eabi/lib/armv7e-m/softfp/crt0.o
START GROUP
LOAD ./application_properties.o
LOAD ./gatt_db.o
LOAD ./init_app.o
LOAD ./init_board.o
LOAD ./init_mcu.o
LOAD ./main.o
LOAD ./pti.o
LOAD ./hardware/kit/common/bsp/bsp_stk.o
LOAD ./hardware/kit/common/drivers/mx25flash_spi.o
LOAD ./platform/Device/SiliconLabs/EFR32BG1B/Source/GCC/startup_efr32bg1b.o
LOAD ./platform/Device/SiliconLabs/EFR32BG1B/Source/system_efr32bg1b.o
LOAD ./platform/emdrv/sleep/src/sleep.o
LOAD ./platform/emdrv/tempdrv/src/tempdrv.o
LOAD ./platform/emlib/src/em_cmu.o
LOAD ./platform/emlib/src/em_core.o
LOAD ./platform/emlib/src/em_cryotimer.o
LOAD ./platform/emlib/src/em_crypto.o
LOAD ./platform/emlib/src/em_emu.o
LOAD ./platform/emlib/src/em_gpio.o
LOAD ./platform/emlib/src/em_i2c.o
LOAD ./platform/emlib/src/em_int.o
LOAD ./platform/emlib/src/em_letimer.o
LOAD ./platform/emlib/src/em_msc.o
LOAD ./platform/emlib/src/em_rmu.o
LOAD ./platform/emlib/src/em_rtcc.o
LOAD ./platform/emlib/src/em_system.o
LOAD ./platform/emlib/src/em_usart.o
LOAD ./src/cmu.o
LOAD ./src/em_timer.o
LOAD ./src/gpio.o
LOAD ./src/i2c.o
LOAD ./src/ustimer.o
LOAD C:\Users\shiril\SimplicityStudio\v4_workspace\HTP_OTA\protocol\bluetooth_2.7\lib\EFR32BG1B\GCC\libmbedtls.a
LOAD C:\Users\shiril\SimplicityStudio\v4_workspace\HTP_OTA\platform\radio\rail_lib\autogen\librail_release\librail_efr32xg1_gcc_release.a
LOAD C:\Users\shiril\SimplicityStudio\v4_workspace\HTP_OTA\protocol\bluetooth_2.7\lib\EFR32BG1B\GCC\libpsstore.a
LOAD C:\Users\shiril\SimplicityStudio\v4_workspace\HTP_OTA\protocol\bluetooth_2.7\lib\EFR32BG1B\GCC\libbluetooth.a
LOAD C:\Users\shiril\SimplicityStudio\v4_workspace\HTP_OTA\protocol\bluetooth_2.7\lib\EFR32BG1B\GCC\binapploader.o
LOAD c:/siliconlabs/simplicitystudio/v4/developer/toolchains/gnu_arm/4.9_2015q3/bin/../lib/gcc/arm-none-eabi/4.9.3/../../../../arm-none-eabi/lib/armv7e-m/softfp\libm.a
END GROUP
START GROUP
LOAD c:/siliconlabs/simplicitystudio/v4/developer/toolchains/gnu_arm/4.9_2015q3/bin/../lib/gcc/arm-none-eabi/4.9.3/armv7e-m/softfp\libgcc.a
LOAD c:/siliconlabs/simplicitystudio/v4/developer/toolchains/gnu_arm/4.9_2015q3/bin/../lib/gcc/arm-none-eabi/4.9.3/../../../../arm-none-eabi/lib/armv7e-m/softfp\libc_nano.a
LOAD c:/siliconlabs/simplicitystudio/v4/developer/toolchains/gnu_arm/4.9_2015q3/bin/../lib/gcc/arm-none-eabi/4.9.3/../../../../arm-none-eabi/lib/armv7e-m/softfp\libnosys.a
END GROUP
START GROUP
LOAD c:/siliconlabs/simplicitystudio/v4/developer/toolchains/gnu_arm/4.9_2015q3/bin/../lib/gcc/arm-none-eabi/4.9.3/armv7e-m/softfp\libgcc.a
LOAD c:/siliconlabs/simplicitystudio/v4/developer/toolchains/gnu_arm/4.9_2015q3/bin/../lib/gcc/arm-none-eabi/4.9.3/../../../../arm-none-eabi/lib/armv7e-m/softfp\libg_nano.a
LOAD c:/siliconlabs/simplicitystudio/v4/developer/toolchains/gnu_arm/4.9_2015q3/bin/../lib/gcc/arm-none-eabi/4.9.3/../../../../arm-none-eabi/lib/armv7e-m/softfp\libc_nano.a
END GROUP
START GROUP
LOAD c:/siliconlabs/simplicitystudio/v4/developer/toolchains/gnu_arm/4.9_2015q3/bin/../lib/gcc/arm-none-eabi/4.9.3/armv7e-m/softfp\libgcc.a
LOAD c:/siliconlabs/simplicitystudio/v4/developer/toolchains/gnu_arm/4.9_2015q3/bin/../lib/gcc/arm-none-eabi/4.9.3/../../../../arm-none-eabi/lib/armv7e-m/softfp\libc_nano.a
END GROUP
LOAD c:/siliconlabs/simplicitystudio/v4/developer/toolchains/gnu_arm/4.9_2015q3/bin/../lib/gcc/arm-none-eabi/4.9.3/armv7e-m/softfp/crtend.o
LOAD c:/siliconlabs/simplicitystudio/v4/developer/toolchains/gnu_arm/4.9_2015q3/bin/../lib/gcc/arm-none-eabi/4.9.3/armv7e-m/softfp/crtn.o

.text_bootloader
                0x00000000        0x0
 *(.binbootloader*)
                0x00000000                . = ALIGN (0x4000)

.text_apploader
                0x00004000     0x8fc0
 *(.binapploader*)
 .binapploader  0x00004000     0x8fc0 C:\Users\shiril\SimplicityStudio\v4_workspace\HTP_OTA\protocol\bluetooth_2.7\lib\EFR32BG1B\GCC\binapploader.o

.text_signature
                0x0000cfc0       0x40
                0x0000d000                . = ALIGN (0x800)
 *fill*         0x0000cfc0       0x40 
                0x0000d000                __text_start__ = .

.text_application
                0x0000d000    0x21ebc
 *(.vectors)
 .vectors       0x0000d000       0xc8 ./platform/Device/SiliconLabs/EFR32BG1B/Source/GCC/startup_efr32bg1b.o
                0x0000d000                __Vectors
                0x0000d0c8                __Vectors_End = .
                0x000000c8                __Vectors_Size = (__Vectors_End - __Vectors)
                0x0000d0c8                __end__ = .
 *(.application_properties)
 .application_properties
                0x0000d0c8       0x38 ./application_properties.o
                0x0000d0c8                applicationProperties
 *(.gecko_configuration)
 *(.xo_configuration)
 *(.gatt_header)
 .gatt_header   0x0000d100       0x34 ./gatt_db.o
                0x0000d100                bg_gattdb_data
 *(.gatt_data)
 .gatt_data     0x0000d134      0x205 ./gatt_db.o
                0x0000d134                bg_gattdb_data_uuidtable_16_map
                0x0000d154                bg_gattdb_data_uuidtable_128_map
                0x0000d174                bg_gattdb_data_attribute_field_21
                0x0000d17c                bg_gattdb_data_attribute_field_20
                0x0000d184                bg_gattdb_data_attribute_field_19
                0x0000d188                bg_gattdb_data_attribute_field_18
                0x0000d190                bg_gattdb_data_attribute_field_17
                0x0000d1a8                bg_gattdb_data_attribute_field_16
                0x0000d1bc                bg_gattdb_data_attribute_field_14
                0x0000d1c4                bg_gattdb_data_attribute_field_13
                0x0000d1cc                bg_gattdb_data_attribute_field_12
                0x0000d1d0                bg_gattdb_data_attribute_field_11
                0x0000d1e0                bg_gattdb_data_attribute_field_10
                0x0000d1e8                bg_gattdb_data_attribute_field_9
                0x0000d1ec                bg_gattdb_data_attribute_field_8
                0x0000d1f0                bg_gattdb_data_attribute_field_7
                0x0000d1f8                bg_gattdb_data_attribute_field_6
                0x0000d200                bg_gattdb_data_attribute_field_5
                0x0000d208                bg_gattdb_data_attribute_field_4
                0x0000d20c                bg_gattdb_data_attribute_field_2
                0x0000d214                bg_gattdb_data_attribute_field_1
                0x0000d21c                bg_gattdb_data_attribute_field_0
                0x0000d220                bg_gattdb_data_attributes_map
                0x0000d328                bg_gattdb_data_attributes_dynamic_mapping_map
                0x0000d334                bg_gattdb_data_adv_uuid16_map
                0x0000d338                bg_gattdb_data_adv_uuid128_map
 *(.text*)
 *fill*         0x0000d339        0x3 
 .text          0x0000d33c       0x5c c:/siliconlabs/simplicitystudio/v4/developer/toolchains/gnu_arm/4.9_2015q3/bin/../lib/gcc/arm-none-eabi/4.9.3/armv7e-m/softfp/crtbegin.o
 .text          0x0000d398       0x74 c:/siliconlabs/simplicitystudio/v4/developer/toolchains/gnu_arm/4.9_2015q3/bin/../lib/gcc/arm-none-eabi/4.9.3/../../../../arm-none-eabi/lib/armv7e-m/softfp/crt0.o
                0x0000d398                _start
                0x0000d398                _mainCRTStartup
 .text.initApp  0x0000d40c       0x30 ./init_app.o
                0x0000d40c                initApp
 .text.initBoard
                0x0000d43c       0x48 ./init_board.o
                0x0000d43c                initBoard
 .text.BUS_RegBitWrite
                0x0000d484       0x2c ./init_mcu.o
 .text.SYSTEM_GetProdRev
                0x0000d4b0       0x1c ./init_mcu.o
 .text.CHIP_Init
                0x0000d4cc       0xb4 ./init_mcu.o
 .text.initMcu  0x0000d580       0x70 ./init_mcu.o
                0x0000d580                initMcu
 .text.initMcu_clocks
                0x0000d5f0       0xa4 ./init_mcu.o
 .text.NVIC_EnableIRQ
                0x0000d694       0x30 ./main.o
 .text.BUS_RegMaskedSet
                0x0000d6c4       0x24 ./main.o
 .text.BUS_RegMaskedClear
                0x0000d6e8       0x24 ./main.o
 .text.GPIO_PinOutClear
                0x0000d70c       0x58 ./main.o
 .text.GPIO_PinOutSet
                0x0000d764       0x58 ./main.o
 .text.gecko_initCoexHAL
                0x0000d7bc        0xc ./main.o
 .text.gecko_init
                0x0000d7c8       0x48 ./main.o
 .text.gecko_cmd_system_reset
                0x0000d810       0x44 ./main.o
 .text.gecko_cmd_system_set_tx_power
                0x0000d854       0x50 ./main.o
 .text.gecko_cmd_system_halt
                0x0000d8a4       0x50 ./main.o
 .text.gecko_cmd_le_gap_set_mode
                0x0000d8f4       0x5c ./main.o
 .text.gecko_cmd_le_gap_set_adv_parameters
                0x0000d950       0x64 ./main.o
 .text.gecko_cmd_le_connection_set_parameters
                0x0000d9b4       0x84 ./main.o
 .text.gecko_cmd_le_connection_get_rssi
                0x0000da38       0x50 ./main.o
 .text.gecko_cmd_gatt_server_send_user_write_response
                0x0000da88       0x68 ./main.o
 .text.gecko_cmd_gatt_server_send_characteristic_notification
                0x0000daf0       0x98 ./main.o
 .text.gecko_cmd_endpoint_close
                0x0000db88       0x50 ./main.o
 .text.blockSleepMode
                0x0000dbd8       0x2c ./main.o
                0x0000dbd8                blockSleepMode
 .text.LETIMER0_Setup
                0x0000dc04       0x84 ./main.o
                0x0000dc04                LETIMER0_Setup
 .text.LETIMER0_IRQHandler
                0x0000dc88       0x40 ./main.o
                0x0000dc88                LETIMER0_IRQHandler
 .text.LED_ON   0x0000dcc8       0x10 ./main.o
                0x0000dcc8                LED_ON
 .text.LED_OFF  0x0000dcd8       0x10 ./main.o
                0x0000dcd8                LED_OFF
 .text.I2C_read
                0x0000dce8       0xe0 ./main.o
                0x0000dce8                I2C_read
 .text.Si7021_enable
                0x0000ddc8       0x74 ./main.o
                0x0000ddc8                Si7021_enable
 .text.Si7021_disable
                0x0000de3c       0x2c ./main.o
                0x0000de3c                Si7021_disable
 .text.measure_temperature
                0x0000de68      0x108 ./main.o
                0x0000de68                measure_temperature
 .text.main     0x0000df70      0x298 ./main.o
                0x0000df70                main
 .text.configEnablePti
                0x0000e208       0x48 ./pti.o
                0x0000e208                configEnablePti
 .text.BUS_RegMaskedSet
                0x0000e250       0x24 ./hardware/kit/common/drivers/mx25flash_spi.o
 .text.BUS_RegMaskedClear
                0x0000e274       0x24 ./hardware/kit/common/drivers/mx25flash_spi.o
 .text.GPIO_PinOutClear
                0x0000e298       0x58 ./hardware/kit/common/drivers/mx25flash_spi.o
 .text.GPIO_PinOutSet
                0x0000e2f0       0x58 ./hardware/kit/common/drivers/mx25flash_spi.o
 .text.MX25_init
                0x0000e348       0x98 ./hardware/kit/common/drivers/mx25flash_spi.o
                0x0000e348                MX25_init
 .text.Wait_Flash_WarmUp
                0x0000e3e0       0x24 ./hardware/kit/common/drivers/mx25flash_spi.o
                0x0000e3e0                Wait_Flash_WarmUp
 .text.Initial_Spi
                0x0000e404        0xc ./hardware/kit/common/drivers/mx25flash_spi.o
                0x0000e404                Initial_Spi
 .text.CS_Low   0x0000e410       0x10 ./hardware/kit/common/drivers/mx25flash_spi.o
                0x0000e410                CS_Low
 .text.CS_High  0x0000e420       0x10 ./hardware/kit/common/drivers/mx25flash_spi.o
                0x0000e420                CS_High
 .text.InsertDummyCycle
                0x0000e430       0x38 ./hardware/kit/common/drivers/mx25flash_spi.o
                0x0000e430                InsertDummyCycle
 .text.SendByte
                0x0000e468       0x3c ./hardware/kit/common/drivers/mx25flash_spi.o
                0x0000e468                SendByte
 .text.MX25_DP  0x0000e4a4       0x34 ./hardware/kit/common/drivers/mx25flash_spi.o
                0x0000e4a4                MX25_DP
 .text.Reset_Handler
                0x0000e4d8       0x3c ./platform/Device/SiliconLabs/EFR32BG1B/Source/GCC/startup_efr32bg1b.o
                0x0000e4d8                Reset_Handler
 .text.Default_Handler
                0x0000e514        0x8 ./platform/Device/SiliconLabs/EFR32BG1B/Source/GCC/startup_efr32bg1b.o
                0x0000e514                DebugMon_Handler
                0x0000e514                USART0_TX_IRQHandler
                0x0000e514                I2C0_IRQHandler
                0x0000e514                HardFault_Handler
                0x0000e514                SysTick_Handler
                0x0000e514                USART1_RX_IRQHandler
                0x0000e514                PendSV_Handler
                0x0000e514                NMI_Handler
                0x0000e514                WDOG0_IRQHandler
                0x0000e514                USART1_TX_IRQHandler
                0x0000e514                MSC_IRQHandler
                0x0000e514                ADC0_IRQHandler
                0x0000e514                UsageFault_Handler
                0x0000e514                LEUART0_IRQHandler
                0x0000e514                FPUEH_IRQHandler
                0x0000e514                GPIO_EVEN_IRQHandler
                0x0000e514                LDMA_IRQHandler
                0x0000e514                TIMER1_IRQHandler
                0x0000e514                Default_Handler
                0x0000e514                CRYOTIMER_IRQHandler
                0x0000e514                PCNT0_IRQHandler
                0x0000e514                ACMP0_IRQHandler
                0x0000e514                USART0_RX_IRQHandler
                0x0000e514                MemManage_Handler
                0x0000e514                SVC_Handler
                0x0000e514                RTCC_IRQHandler
                0x0000e514                CRYPTO_IRQHandler
                0x0000e514                CMU_IRQHandler
                0x0000e514                GPIO_ODD_IRQHandler
                0x0000e514                BusFault_Handler
                0x0000e514                IDAC0_IRQHandler
 .text.SystemCoreClockGet
                0x0000e51c       0x44 ./platform/Device/SiliconLabs/EFR32BG1B/Source/system_efr32bg1b.o
                0x0000e51c                SystemCoreClockGet
 .text.SystemMaxCoreClockGet
                0x0000e560       0x14 ./platform/Device/SiliconLabs/EFR32BG1B/Source/system_efr32bg1b.o
                0x0000e560                SystemMaxCoreClockGet
 .text.SystemHFClockGet
                0x0000e574       0x70 ./platform/Device/SiliconLabs/EFR32BG1B/Source/system_efr32bg1b.o
                0x0000e574                SystemHFClockGet
 .text.SystemHFXOClockGet
                0x0000e5e4       0x18 ./platform/Device/SiliconLabs/EFR32BG1B/Source/system_efr32bg1b.o
                0x0000e5e4                SystemHFXOClockGet
 .text.SystemHFXOClockSet
                0x0000e5fc       0x30 ./platform/Device/SiliconLabs/EFR32BG1B/Source/system_efr32bg1b.o
                0x0000e5fc                SystemHFXOClockSet
 .text.SystemInit
                0x0000e62c       0x5c ./platform/Device/SiliconLabs/EFR32BG1B/Source/system_efr32bg1b.o
                0x0000e62c                SystemInit
 .text.SystemLFRCOClockGet
                0x0000e688       0x14 ./platform/Device/SiliconLabs/EFR32BG1B/Source/system_efr32bg1b.o
                0x0000e688                SystemLFRCOClockGet
 .text.SystemULFRCOClockGet
                0x0000e69c       0x14 ./platform/Device/SiliconLabs/EFR32BG1B/Source/system_efr32bg1b.o
                0x0000e69c                SystemULFRCOClockGet
 .text.SystemLFXOClockGet
                0x0000e6b0       0x18 ./platform/Device/SiliconLabs/EFR32BG1B/Source/system_efr32bg1b.o
                0x0000e6b0                SystemLFXOClockGet
 .text.SystemLFXOClockSet
                0x0000e6c8       0x30 ./platform/Device/SiliconLabs/EFR32BG1B/Source/system_efr32bg1b.o
                0x0000e6c8                SystemLFXOClockSet
 .text.BUS_RegBitWrite
                0x0000e6f8       0x2c ./platform/emdrv/sleep/src/sleep.o
 .text.EMU_EnterEM1
                0x0000e724       0x20 ./platform/emdrv/sleep/src/sleep.o
 .text.EMU_EM2Block
                0x0000e744       0x14 ./platform/emdrv/sleep/src/sleep.o
 .text.EMU_EM2UnBlock
                0x0000e758       0x14 ./platform/emdrv/sleep/src/sleep.o
 .text.sleepCallbackWrapper
                0x0000e76c       0x2c ./platform/emdrv/sleep/src/sleep.o
 .text.SLEEP_Init
                0x0000e798       0x60 ./platform/emdrv/sleep/src/sleep.o
                0x0000e798                SLEEP_Init
 .text.SLEEP_Sleep
                0x0000e7f8       0x90 ./platform/emdrv/sleep/src/sleep.o
                0x0000e7f8                SLEEP_Sleep
 .text.SLEEP_SleepBlockBegin
                0x0000e888       0x48 ./platform/emdrv/sleep/src/sleep.o
                0x0000e888                SLEEP_SleepBlockBegin
 .text.SLEEP_SleepBlockEnd
                0x0000e8d0       0x58 ./platform/emdrv/sleep/src/sleep.o
                0x0000e8d0                SLEEP_SleepBlockEnd
 .text.SLEEP_LowestEnergyModeGet
                0x0000e928       0x40 ./platform/emdrv/sleep/src/sleep.o
                0x0000e928                SLEEP_LowestEnergyModeGet
 .text.enterEMx
                0x0000e968       0xa0 ./platform/emdrv/sleep/src/sleep.o
 .text.NVIC_EnableIRQ
                0x0000ea08       0x30 ./platform/emdrv/tempdrv/src/tempdrv.o
 .text.NVIC_ClearPendingIRQ
                0x0000ea38       0x34 ./platform/emdrv/tempdrv/src/tempdrv.o
 .text.EMU_IntClear
                0x0000ea6c       0x1c ./platform/emdrv/tempdrv/src/tempdrv.o
 .text.EMU_IntDisable
                0x0000ea88       0x24 ./platform/emdrv/tempdrv/src/tempdrv.o
 .text.EMU_IntEnable
                0x0000eaac       0x24 ./platform/emdrv/tempdrv/src/tempdrv.o
 .text.EMU_IntGetEnabled
                0x0000ead0       0x24 ./platform/emdrv/tempdrv/src/tempdrv.o
 .text.EMU_IRQHandler
                0x0000eaf4        0xc ./platform/emdrv/tempdrv/src/tempdrv.o
                0x0000eaf4                EMU_IRQHandler
 .text.TEMPDRV_IRQHandler
                0x0000eb00       0xa0 ./platform/emdrv/tempdrv/src/tempdrv.o
                0x0000eb00                TEMPDRV_IRQHandler
 .text.errataCallback
                0x0000eba0       0x20 ./platform/emdrv/tempdrv/src/tempdrv.o
 .text.errataStateUpdate
                0x0000ebc0       0xbc ./platform/emdrv/tempdrv/src/tempdrv.o
 .text.errataInit
                0x0000ec7c       0x8c ./platform/emdrv/tempdrv/src/tempdrv.o
 .text.convertToTemp
                0x0000ed08       0x58 ./platform/emdrv/tempdrv/src/tempdrv.o
 .text.convertToEmu
                0x0000ed60       0x48 ./platform/emdrv/tempdrv/src/tempdrv.o
 .text.disableInterrupts
                0x0000eda8       0x18 ./platform/emdrv/tempdrv/src/tempdrv.o
 .text.updateInterrupts
                0x0000edc0      0x140 ./platform/emdrv/tempdrv/src/tempdrv.o
 .text.TEMPDRV_Init
                0x0000ef00       0xd4 ./platform/emdrv/tempdrv/src/tempdrv.o
                0x0000ef00                TEMPDRV_Init
 .text.TEMPDRV_GetTemp
                0x0000efd4       0x1c ./platform/emdrv/tempdrv/src/tempdrv.o
                0x0000efd4                TEMPDRV_GetTemp
 .text.BUS_RegBitWrite
                0x0000eff0       0x2c ./platform/emlib/src/em_cmu.o
 .text.BUS_RegBitRead
                0x0000f01c       0x2c ./platform/emlib/src/em_cmu.o
 .text.BUS_RegMaskedSet
                0x0000f048       0x24 ./platform/emlib/src/em_cmu.o
 .text.BUS_RegMaskedClear
                0x0000f06c       0x24 ./platform/emlib/src/em_cmu.o
 .text.BUS_RegMaskedWrite
                0x0000f090       0x24 ./platform/emlib/src/em_cmu.o
 .text.CMU_Log2ToDiv
                0x0000f0b4       0x1c ./platform/emlib/src/em_cmu.o
 .text.setHfLeConfig
                0x0000f0d0       0x64 ./platform/emlib/src/em_cmu.o
 .text.auxClkGet
                0x0000f134       0x20 ./platform/emlib/src/em_cmu.o
 .text.hfSrcClkGet
                0x0000f154       0x2c ./platform/emlib/src/em_cmu.o
 .text.dbgClkGet
                0x0000f180       0x40 ./platform/emlib/src/em_cmu.o
 .text.adcAsyncClkGet
                0x0000f1c0       0x80 ./platform/emlib/src/em_cmu.o
 .text.flashWaitStateControl
                0x0000f240       0x7c ./platform/emlib/src/em_cmu.o
 .text.flashWaitStateMax
                0x0000f2bc       0x14 ./platform/emlib/src/em_cmu.o
 .text.CMU_UpdateWaitStates
                0x0000f2d0       0x18 ./platform/emlib/src/em_cmu.o
                0x0000f2d0                CMU_UpdateWaitStates
 .text.getRegIshUpperVal
                0x0000f2e8       0x38 ./platform/emlib/src/em_cmu.o
 .text.getHfxoTuningMode
                0x0000f320       0x1c ./platform/emlib/src/em_cmu.o
 .text.setHfxoTuningMode
                0x0000f33c       0x28 ./platform/emlib/src/em_cmu.o
 .text.lfClkGet
                0x0000f364       0xf4 ./platform/emlib/src/em_cmu.o
 .text.syncReg  0x0000f458       0x38 ./platform/emlib/src/em_cmu.o
 .text.CMU_ClockEnable
                0x0000f490       0xcc ./platform/emlib/src/em_cmu.o
                0x0000f490                CMU_ClockEnable
 .text.CMU_ClockFreqGet
                0x0000f55c      0x198 ./platform/emlib/src/em_cmu.o
                0x0000f55c                CMU_ClockFreqGet
 .text.CMU_ClockPrescGet
                0x0000f6f4      0x120 ./platform/emlib/src/em_cmu.o
                0x0000f6f4                CMU_ClockPrescGet
 .text.CMU_ClockSelectGet
                0x0000f814      0x19c ./platform/emlib/src/em_cmu.o
                0x0000f814                CMU_ClockSelectGet
 .text.CMU_ClockSelectSet
                0x0000f9b0      0x260 ./platform/emlib/src/em_cmu.o
                0x0000f9b0                CMU_ClockSelectSet
 .text.CMU_HFXOAutostartEnable
                0x0000fc10       0x7c ./platform/emlib/src/em_cmu.o
                0x0000fc10                CMU_HFXOAutostartEnable
 .text.CMU_HFXOInit
                0x0000fc8c       0xf4 ./platform/emlib/src/em_cmu.o
                0x0000fc8c                CMU_HFXOInit
 .text.CMU_LFXOInit
                0x0000fd80       0x50 ./platform/emlib/src/em_cmu.o
                0x0000fd80                CMU_LFXOInit
 .text.CMU_OscillatorEnable
                0x0000fdd0      0x174 ./platform/emlib/src/em_cmu.o
                0x0000fdd0                CMU_OscillatorEnable
 .text.CMU_OscillatorTuningGet
                0x0000ff44       0x74 ./platform/emlib/src/em_cmu.o
                0x0000ff44                CMU_OscillatorTuningGet
 .text.CMU_OscillatorTuningSet
                0x0000ffb8      0x100 ./platform/emlib/src/em_cmu.o
                0x0000ffb8                CMU_OscillatorTuningSet
 .text.CMU_OscillatorTuningWait
                0x000100b8       0x94 ./platform/emlib/src/em_cmu.o
                0x000100b8                CMU_OscillatorTuningWait
 .text.CMU_OscillatorTuningOptimize
                0x0001014c       0x58 ./platform/emlib/src/em_cmu.o
                0x0001014c                CMU_OscillatorTuningOptimize
 .text.CORE_EnterCritical
                0x000101a4       0x20 ./platform/emlib/src/em_core.o
                0x000101a4                CORE_EnterCritical
 .text.CORE_ExitCritical
                0x000101c4       0x1c ./platform/emlib/src/em_core.o
                0x000101c4                CORE_ExitCritical
 .text.CORE_AtomicDisableIrq
                0x000101e0       0x10 ./platform/emlib/src/em_core.o
                0x000101e0                CORE_AtomicDisableIrq
 .text.CORE_AtomicEnableIrq
                0x000101f0       0x10 ./platform/emlib/src/em_core.o
                0x000101f0                CORE_AtomicEnableIrq
 .text.CORE_EnterAtomic
                0x00010200       0x20 ./platform/emlib/src/em_core.o
                0x00010200                CORE_EnterAtomic
 .text.CORE_ExitAtomic
                0x00010220       0x1c ./platform/emlib/src/em_core.o
                0x00010220                CORE_ExitAtomic
 .text.CORE_SetNvicRamTableHandler
                0x0001023c       0x44 ./platform/emlib/src/em_core.o
                0x0001023c                CORE_SetNvicRamTableHandler
 .text.CORE_InitNvicVectorTable
                0x00010280       0xc8 ./platform/emlib/src/em_core.o
                0x00010280                CORE_InitNvicVectorTable
 .text.CRYPTO_BurstFromCrypto
                0x00010348       0x40 ./platform/emlib/src/em_crypto.o
 .text.CRYPTO_ModulusSet
                0x00010388       0x88 ./platform/emlib/src/em_crypto.o
                0x00010388                CRYPTO_ModulusSet
 .text.CRYPTO_KeyRead
                0x00010410       0x38 ./platform/emlib/src/em_crypto.o
                0x00010410                CRYPTO_KeyRead
 .text.SystemCoreClockUpdate
                0x00010448        0xc ./platform/emlib/src/em_emu.o
 .text.BUS_RegBitWrite
                0x00010454       0x2c ./platform/emlib/src/em_emu.o
 .text.BUS_RegBitRead
                0x00010480       0x2c ./platform/emlib/src/em_emu.o
 .text.EMU_Unlock
                0x000104ac       0x18 ./platform/emlib/src/em_emu.o
 .text.CMU_Lock
                0x000104c4       0x18 ./platform/emlib/src/em_emu.o
 .text.CMU_Unlock
                0x000104dc       0x1c ./platform/emlib/src/em_emu.o
 .text.SYSTEM_GetDevinfoRev
                0x000104f8       0x18 ./platform/emlib/src/em_emu.o
 .text.emState  0x00010510       0xcc ./platform/emlib/src/em_emu.o
 .text.dcdcFetCntSet
                0x000105dc       0x50 ./platform/emlib/src/em_emu.o
 .text.dcdcHsFixLnBlock
                0x0001062c       0x48 ./platform/emlib/src/em_emu.o
 .text.EMU_EnterEM2
                0x00010674       0x50 ./platform/emlib/src/em_emu.o
                0x00010674                EMU_EnterEM2
 .text.EMU_EnterEM3
                0x000106c4       0x78 ./platform/emlib/src/em_emu.o
                0x000106c4                EMU_EnterEM3
 .text.EMU_Save
                0x0001073c        0xc ./platform/emlib/src/em_emu.o
                0x0001073c                EMU_Save
 .text.EMU_Restore
                0x00010748        0xc ./platform/emlib/src/em_emu.o
                0x00010748                EMU_Restore
 .text.EMU_EnterEM4
                0x00010754       0xbc ./platform/emlib/src/em_emu.o
                0x00010754                EMU_EnterEM4
 .text.dcdcConstCalibrationLoad
                0x00010810       0xc4 ./platform/emlib/src/em_emu.o
 .text.dcdcValidatedConfigSet
                0x000108d4       0xb0 ./platform/emlib/src/em_emu.o
 .text.currentLimitersUpdate
                0x00010984       0xe4 ./platform/emlib/src/em_emu.o
 .text.userCurrentLimitsSet
                0x00010a68       0x2c ./platform/emlib/src/em_emu.o
 .text.compCtrlSet
                0x00010a94       0x3c ./platform/emlib/src/em_emu.o
 .text.lpCmpHystCalibrationLoad
                0x00010ad0       0xd0 ./platform/emlib/src/em_emu.o
 .text.lpGetDevinfoVrefLowHigh
                0x00010ba0      0x164 ./platform/emlib/src/em_emu.o
 .text.EMU_DCDCModeSet
                0x00010d04       0xb8 ./platform/emlib/src/em_emu.o
                0x00010d04                EMU_DCDCModeSet
 .text.EMU_DCDCInit
                0x00010dbc      0x114 ./platform/emlib/src/em_emu.o
                0x00010dbc                EMU_DCDCInit
 .text.EMU_DCDCOutputVoltageSet
                0x00010ed0      0x20c ./platform/emlib/src/em_emu.o
                0x00010ed0                EMU_DCDCOutputVoltageSet
 .text.EMU_DCDCOptimizeSlice
                0x000110dc       0xd8 ./platform/emlib/src/em_emu.o
                0x000110dc                EMU_DCDCOptimizeSlice
 .text.EMU_DCDCLnRcoBandSet
                0x000111b4       0x54 ./platform/emlib/src/em_emu.o
                0x000111b4                EMU_DCDCLnRcoBandSet
 .text.EMU_SetBiasMode
                0x00011208       0xa4 ./platform/emlib/src/em_emu.o
                0x00011208                EMU_SetBiasMode
 .text.BUS_RegMaskedSet
                0x000112ac       0x24 ./platform/emlib/src/em_gpio.o
 .text.BUS_RegMaskedClear
                0x000112d0       0x24 ./platform/emlib/src/em_gpio.o
 .text.BUS_RegMaskedWrite
                0x000112f4       0x24 ./platform/emlib/src/em_gpio.o
 .text.GPIO_PinOutClear
                0x00011318       0x58 ./platform/emlib/src/em_gpio.o
 .text.GPIO_PinOutSet
                0x00011370       0x58 ./platform/emlib/src/em_gpio.o
 .text.GPIO_DriveStrengthSet
                0x000113c8       0x60 ./platform/emlib/src/em_gpio.o
                0x000113c8                GPIO_DriveStrengthSet
 .text.GPIO_PinModeSet
                0x00011428      0x10c ./platform/emlib/src/em_gpio.o
                0x00011428                GPIO_PinModeSet
 .text.BUS_RegBitWrite
                0x00011534       0x2c ./platform/emlib/src/em_i2c.o
 .text.BUS_RegMaskedSet
                0x00011560       0x24 ./platform/emlib/src/em_i2c.o
 .text.BUS_RegMaskedClear
                0x00011584       0x24 ./platform/emlib/src/em_i2c.o
 .text.BUS_RegMaskedWrite
                0x000115a8       0x24 ./platform/emlib/src/em_i2c.o
 .text.I2C_BusFreqSet
                0x000115cc       0xf8 ./platform/emlib/src/em_i2c.o
                0x000115cc                I2C_BusFreqSet
 .text.I2C_Init
                0x000116c4       0x5c ./platform/emlib/src/em_i2c.o
                0x000116c4                I2C_Init
 .text.LETIMER_CompareSet
                0x00011720       0x58 ./platform/emlib/src/em_letimer.o
                0x00011720                LETIMER_CompareSet
 .text.LETIMER_Enable
                0x00011778       0x2c ./platform/emlib/src/em_letimer.o
                0x00011778                LETIMER_Enable
 .text.LETIMER_Init
                0x000117a4       0xd0 ./platform/emlib/src/em_letimer.o
                0x000117a4                LETIMER_Init
 .text.MSC_Init
                0x00011874       0x24 ./platform/emlib/src/em_msc.o
                0x00011874                MSC_Init
 .text.MSC_Deinit
                0x00011898       0x24 ./platform/emlib/src/em_msc.o
                0x00011898                MSC_Deinit
 .text.RMU_ResetCauseClear
                0x000118bc       0x18 ./platform/emlib/src/em_rmu.o
                0x000118bc                RMU_ResetCauseClear
 .text.RMU_ResetCauseGet
                0x000118d4       0xdc ./platform/emlib/src/em_rmu.o
                0x000118d4                RMU_ResetCauseGet
 .text.RTCC_ChannelInit
                0x000119b0       0x5c ./platform/emlib/src/em_rtcc.o
                0x000119b0                RTCC_ChannelInit
 .text.RTCC_Init
                0x00011a0c       0x94 ./platform/emlib/src/em_rtcc.o
                0x00011a0c                RTCC_Init
 .text.SYSTEM_ChipRevisionGet
                0x00011aa0       0x78 ./platform/emlib/src/em_system.o
                0x00011aa0                SYSTEM_ChipRevisionGet
 .text.USART_BaudrateSyncSet
                0x00011b18       0x40 ./platform/emlib/src/em_usart.o
                0x00011b18                USART_BaudrateSyncSet
 .text.USART_InitSync
                0x00011b58       0xf0 ./platform/emlib/src/em_usart.o
                0x00011b58                USART_InitSync
 .text.USART_Reset
                0x00011c48       0x9c ./platform/emlib/src/em_usart.o
                0x00011c48                USART_Reset
 .text.USART_SpiTransfer
                0x00011ce4       0x40 ./platform/emlib/src/em_usart.o
                0x00011ce4                USART_SpiTransfer
 .text.cmu_init
                0x00011d24       0x58 ./src/cmu.o
                0x00011d24                cmu_init
 .text.TIMER_Valid
                0x00011d7c       0x38 ./src/em_timer.o
 .text.TIMER_Init
                0x00011db4       0xdc ./src/em_timer.o
                0x00011db4                TIMER_Init
 .text.TIMER_InitCC
                0x00011e90       0x9c ./src/em_timer.o
                0x00011e90                TIMER_InitCC
 .text.gpio_init
                0x00011f2c       0x34 ./src/gpio.o
                0x00011f2c                gpio_init
 .text.BUS_RegMaskedSet
                0x00011f60       0x24 ./src/i2c.o
 .text.BUS_RegMaskedClear
                0x00011f84       0x24 ./src/i2c.o
 .text.GPIO_PinOutClear
                0x00011fa8       0x58 ./src/i2c.o
 .text.GPIO_PinOutSet
                0x00012000       0x58 ./src/i2c.o
 .text.I2C_initialize
                0x00012058       0x8c ./src/i2c.o
                0x00012058                I2C_initialize
 .text.NVIC_EnableIRQ
                0x000120e4       0x30 ./src/ustimer.o
 .text.NVIC_ClearPendingIRQ
                0x00012114       0x34 ./src/ustimer.o
 .text.EMU_EnterEM1
                0x00012148       0x20 ./src/ustimer.o
 .text.TIMER_MaxCount
                0x00012168       0x18 ./src/ustimer.o
 .text.TIMER_CompareSet
                0x00012180       0x28 ./src/ustimer.o
 .text.TIMER_CounterGet
                0x000121a8       0x18 ./src/ustimer.o
 .text.TIMER_IntClear
                0x000121c0       0x1c ./src/ustimer.o
 .text.TIMER_IntDisable
                0x000121dc       0x24 ./src/ustimer.o
 .text.TIMER_IntEnable
                0x00012200       0x20 ./src/ustimer.o
 .text.TIMER_IntGet
                0x00012220       0x18 ./src/ustimer.o
 .text.TIMER_TopSet
                0x00012238       0x1c ./src/ustimer.o
 .text.USTIMER_Init
                0x00012254      0x170 ./src/ustimer.o
                0x00012254                USTIMER_Init
 .text.USTIMER_Delay
                0x000123c4       0xa4 ./src/ustimer.o
                0x000123c4                USTIMER_Delay
 .text.TIMER0_IRQHandler
                0x00012468       0x34 ./src/ustimer.o
                0x00012468                TIMER0_IRQHandler
 .text.DelayTicksEM1
                0x0001249c       0x90 ./src/ustimer.o
 .text.RAIL_ConfigPti
                0x0001252c        0x6 C:\Users\shiril\SimplicityStudio\v4_workspace\HTP_OTA\platform\radio\rail_lib\autogen\librail_release\librail_efr32xg1_gcc_release.a(rail_pti.o)
                0x0001252c                RAIL_ConfigPti
 .text.RAIL_EnablePti
                0x00012532        0x6 C:\Users\shiril\SimplicityStudio\v4_workspace\HTP_OTA\platform\radio\rail_lib\autogen\librail_release\librail_efr32xg1_gcc_release.a(rail_pti.o)
                0x00012532                RAIL_EnablePti
 .text.eventDefault
                0x00012538        0x2 C:\Users\shiril\SimplicityStudio\v4_workspace\HTP_OTA\platform\radio\rail_lib\autogen\librail_release\librail_efr32xg1_gcc_release.a(rail_rf_hal.o)
 *fill*         0x0001253a        0x2 
 .text.setRssiPeriod
                0x0001253c       0x18 C:\Users\shiril\SimplicityStudio\v4_workspace\HTP_OTA\platform\radio\rail_lib\autogen\librail_release\librail_efr32xg1_gcc_release.a(rail_rf_hal.o)
 .text.RFHAL_NotifyUserOfIrCal
                0x00012554       0x80 C:\Users\shiril\SimplicityStudio\v4_workspace\HTP_OTA\platform\radio\rail_lib\autogen\librail_release\librail_efr32xg1_gcc_release.a(rail_rf_hal.o)
 *fill*         0x000125d4        0x4 
 .text.GENERIC_PHY_EventCallback
                0x000125d8      0x19c C:\Users\shiril\SimplicityStudio\v4_workspace\HTP_OTA\platform\radio\rail_lib\autogen\librail_release\librail_efr32xg1_gcc_release.a(rail_rf_hal.o)
                0x000125d8                GENERIC_PHY_EventCallback
 .text.RFHAL_IntEnable
                0x00012774       0x56 C:\Users\shiril\SimplicityStudio\v4_workspace\HTP_OTA\platform\radio\rail_lib\autogen\librail_release\librail_efr32xg1_gcc_release.a(rail_rf_hal.o)
                0x00012774                RFHAL_IntEnable
 *fill*         0x000127ca        0x2 
 .text.RFHAL_SetEventCallback
                0x000127cc       0x18 C:\Users\shiril\SimplicityStudio\v4_workspace\HTP_OTA\platform\radio\rail_lib\autogen\librail_release\librail_efr32xg1_gcc_release.a(rail_rf_hal.o)
                0x000127cc                RFHAL_SetEventCallback
 .text.RFHAL_SetPtiProtocol
                0x000127e4       0x20 C:\Users\shiril\SimplicityStudio\v4_workspace\HTP_OTA\platform\radio\rail_lib\autogen\librail_release\librail_efr32xg1_gcc_release.a(rail_rf_hal.o)
                0x000127e4                RFHAL_SetPtiProtocol
 .text.RFHAL_Idle
                0x00012804       0x40 C:\Users\shiril\SimplicityStudio\v4_workspace\HTP_OTA\platform\radio\rail_lib\autogen\librail_release\librail_efr32xg1_gcc_release.a(rail_rf_hal.o)
                0x00012804                RFHAL_Idle
 .text.RFHAL_GetRadioState
                0x00012844       0x7c C:\Users\shiril\SimplicityStudio\v4_workspace\HTP_OTA\platform\radio\rail_lib\autogen\librail_release\librail_efr32xg1_gcc_release.a(rail_rf_hal.o)
                0x00012844                RFHAL_GetRadioState
 .text.RFHAL_OkToTransmit
                0x000128c0       0x14 C:\Users\shiril\SimplicityStudio\v4_workspace\HTP_OTA\platform\radio\rail_lib\autogen\librail_release\librail_efr32xg1_gcc_release.a(rail_rf_hal.o)
                0x000128c0                RFHAL_OkToTransmit
 .text.RFHAL_ScheduleRx
                0x000128d4       0x74 C:\Users\shiril\SimplicityStudio\v4_workspace\HTP_OTA\platform\radio\rail_lib\autogen\librail_release\librail_efr32xg1_gcc_release.a(rail_rf_hal.o)
                0x000128d4                RFHAL_ScheduleRx
 .text.RFHAL_EnableRxRawCapture
                0x00012948       0x5c C:\Users\shiril\SimplicityStudio\v4_workspace\HTP_OTA\platform\radio\rail_lib\autogen\librail_release\librail_efr32xg1_gcc_release.a(rail_rf_hal.o)
                0x00012948                RFHAL_EnableRxRawCapture
 .text.RFHAL_DisableRxRawCapture
                0x000129a4       0x38 C:\Users\shiril\SimplicityStudio\v4_workspace\HTP_OTA\platform\radio\rail_lib\autogen\librail_release\librail_efr32xg1_gcc_release.a(rail_rf_hal.o)
                0x000129a4                RFHAL_DisableRxRawCapture
 .text.RFHAL_AcceptCrcErrors
                0x000129dc       0x18 C:\Users\shiril\SimplicityStudio\v4_workspace\HTP_OTA\platform\radio\rail_lib\autogen\librail_release\librail_efr32xg1_gcc_release.a(rail_rf_hal.o)
                0x000129dc                RFHAL_AcceptCrcErrors
 .text.RFHAL_ConfigRxOptions
                0x000129f4       0x74 C:\Users\shiril\SimplicityStudio\v4_workspace\HTP_OTA\platform\radio\rail_lib\autogen\librail_release\librail_efr32xg1_gcc_release.a(rail_rf_hal.o)
                0x000129f4                RFHAL_ConfigRxOptions
 .text.RFHAL_CancelTimer
                0x00012a68       0x28 C:\Users\shiril\SimplicityStudio\v4_workspace\HTP_OTA\platform\radio\rail_lib\autogen\librail_release\librail_efr32xg1_gcc_release.a(rail_rf_hal.o)
                0x00012a68                RFHAL_CancelTimer
 .text.RFHAL_SetTimer
                0x00012a90       0x80 C:\Users\shiril\SimplicityStudio\v4_workspace\HTP_OTA\platform\radio\rail_lib\autogen\librail_release\librail_efr32xg1_gcc_release.a(rail_rf_hal.o)
                0x00012a90                RFHAL_SetTimer
 .text.RFHAL_SetTxTransitions
                0x00012b10       0x1c C:\Users\shiril\SimplicityStudio\v4_workspace\HTP_OTA\platform\radio\rail_lib\autogen\librail_release\librail_efr32xg1_gcc_release.a(rail_rf_hal.o)
                0x00012b10                RFHAL_SetTxTransitions
 .text.RFHAL_SetRxTransitions
                0x00012b2c       0x1c C:\Users\shiril\SimplicityStudio\v4_workspace\HTP_OTA\platform\radio\rail_lib\autogen\librail_release\librail_efr32xg1_gcc_release.a(rail_rf_hal.o)
                0x00012b2c                RFHAL_SetRxTransitions
 .text.RFHAL_SetCRCInitVal
                0x00012b48        0x4 C:\Users\shiril\SimplicityStudio\v4_workspace\HTP_OTA\platform\radio\rail_lib\autogen\librail_release\librail_efr32xg1_gcc_release.a(rail_rf_hal.o)
                0x00012b48                RFHAL_SetCRCInitVal
 .text.RFHAL_ConfigTxPower
                0x00012b4c        0xc C:\Users\shiril\SimplicityStudio\v4_workspace\HTP_OTA\platform\radio\rail_lib\autogen\librail_release\librail_efr32xg1_gcc_release.a(rail_rf_hal.o)
                0x00012b4c                RFHAL_ConfigTxPower
 .text.RFHAL_SetTxPowerUnchecked
                0x00012b58       0x18 C:\Users\shiril\SimplicityStudio\v4_workspace\HTP_OTA\platform\radio\rail_lib\autogen\librail_release\librail_efr32xg1_gcc_release.a(rail_rf_hal.o)
                0x00012b58                RFHAL_SetTxPowerUnchecked
 .text.RFHAL_SetTxPower
                0x00012b70       0x3c C:\Users\shiril\SimplicityStudio\v4_workspace\HTP_OTA\platform\radio\rail_lib\autogen\librail_release\librail_efr32xg1_gcc_release.a(rail_rf_hal.o)
                0x00012b70                RFHAL_SetTxPower
 .text.RFHAL_GetTxPowerConfig
                0x00012bac        0xc C:\Users\shiril\SimplicityStudio\v4_workspace\HTP_OTA\platform\radio\rail_lib\autogen\librail_release\librail_efr32xg1_gcc_release.a(rail_rf_hal.o)
                0x00012bac                RFHAL_GetTxPowerConfig
 .text.RFHAL_GetTxPower
                0x00012bb8        0x4 C:\Users\shiril\SimplicityStudio\v4_workspace\HTP_OTA\platform\radio\rail_lib\autogen\librail_release\librail_efr32xg1_gcc_release.a(rail_rf_hal.o)
                0x00012bb8                RFHAL_GetTxPower
 .text.RFHAL_SetChannel
                0x00012bbc       0x98 C:\Users\shiril\SimplicityStudio\v4_workspace\HTP_OTA\platform\radio\rail_lib\autogen\librail_release\librail_efr32xg1_gcc_release.a(rail_rf_hal.o)
                0x00012bbc                RFHAL_SetChannel
 .text.RFHAL_IsAutoAckEnabled
                0x00012c54        0x6 C:\Users\shiril\SimplicityStudio\v4_workspace\HTP_OTA\platform\radio\rail_lib\autogen\librail_release\librail_efr32xg1_gcc_release.a(rail_rf_hal.o)
                0x00012c54                RFHAL_IsAutoAckEnabled
 *fill*         0x00012c5a        0x2 
 .text.RFHAL_AutoAckWaitForAck
                0x00012c5c       0x18 C:\Users\shiril\SimplicityStudio\v4_workspace\HTP_OTA\platform\radio\rail_lib\autogen\librail_release\librail_efr32xg1_gcc_release.a(rail_rf_hal.o)
                0x00012c5c                RFHAL_AutoAckWaitForAck
 .text.preTxOps
                0x00012c74       0xc4 C:\Users\shiril\SimplicityStudio\v4_workspace\HTP_OTA\platform\radio\rail_lib\autogen\librail_release\librail_efr32xg1_gcc_release.a(rail_rf_hal.o)
 .text.RFHAL_StartTx
                0x00012d38       0x12 C:\Users\shiril\SimplicityStudio\v4_workspace\HTP_OTA\platform\radio\rail_lib\autogen\librail_release\librail_efr32xg1_gcc_release.a(rail_rf_hal.o)
                0x00012d38                RFHAL_StartTx
 .text.RFHAL_StartScheduledTx
                0x00012d4a       0x3a C:\Users\shiril\SimplicityStudio\v4_workspace\HTP_OTA\platform\radio\rail_lib\autogen\librail_release\librail_efr32xg1_gcc_release.a(rail_rf_hal.o)
                0x00012d4a                RFHAL_StartScheduledTx
 .text.RFHAL_GetRxPacketInfo
                0x00012d84       0x48 C:\Users\shiril\SimplicityStudio\v4_workspace\HTP_OTA\platform\radio\rail_lib\autogen\librail_release\librail_efr32xg1_gcc_release.a(rail_rf_hal.o)
                0x00012d84                RFHAL_GetRxPacketInfo
 .text.RFHAL_GetRxPacketDetails
                0x00012dcc       0xcc C:\Users\shiril\SimplicityStudio\v4_workspace\HTP_OTA\platform\radio\rail_lib\autogen\librail_release\librail_efr32xg1_gcc_release.a(rail_rf_hal.o)
                0x00012dcc                RFHAL_GetRxPacketDetails
 .text.RFHAL_SetTxBuffer
                0x00012e98       0x3a C:\Users\shiril\SimplicityStudio\v4_workspace\HTP_OTA\platform\radio\rail_lib\autogen\librail_release\librail_efr32xg1_gcc_release.a(rail_rf_hal.o)
                0x00012e98                RFHAL_SetTxBuffer
 *fill*         0x00012ed2        0x2 
 .text.RFHAL_ResetTxFifo
                0x00012ed4       0x2c C:\Users\shiril\SimplicityStudio\v4_workspace\HTP_OTA\platform\radio\rail_lib\autogen\librail_release\librail_efr32xg1_gcc_release.a(rail_rf_hal.o)
                0x00012ed4                RFHAL_ResetTxFifo
 .text.RFHAL_WriteTxFifo
                0x00012f00       0x28 C:\Users\shiril\SimplicityStudio\v4_workspace\HTP_OTA\platform\radio\rail_lib\autogen\librail_release\librail_efr32xg1_gcc_release.a(rail_rf_hal.o)
                0x00012f00                RFHAL_WriteTxFifo
 .text.RFHAL_ResetRxFifo
                0x00012f28       0x40 C:\Users\shiril\SimplicityStudio\v4_workspace\HTP_OTA\platform\radio\rail_lib\autogen\librail_release\librail_efr32xg1_gcc_release.a(rail_rf_hal.o)
                0x00012f28                RFHAL_ResetRxFifo
 .text.RFHAL_ConfigData
                0x00012f68       0x7c C:\Users\shiril\SimplicityStudio\v4_workspace\HTP_OTA\platform\radio\rail_lib\autogen\librail_release\librail_efr32xg1_gcc_release.a(rail_rf_hal.o)
                0x00012f68                RFHAL_ConfigData
 .text.RFHAL_Init
                0x00012fe4       0xa0 C:\Users\shiril\SimplicityStudio\v4_workspace\HTP_OTA\platform\radio\rail_lib\autogen\librail_release\librail_efr32xg1_gcc_release.a(rail_rf_hal.o)
                0x00012fe4                RFHAL_Init
 .text.RFHAL_SetFixedLength
                0x00013084       0x8c C:\Users\shiril\SimplicityStudio\v4_workspace\HTP_OTA\platform\radio\rail_lib\autogen\librail_release\librail_efr32xg1_gcc_release.a(rail_rf_hal.o)
                0x00013084                RFHAL_SetFixedLength
 .text.RFHAL_SetAbortScheduledTxDuringRx
                0x00013110       0x18 C:\Users\shiril\SimplicityStudio\v4_workspace\HTP_OTA\platform\radio\rail_lib\autogen\librail_release\librail_efr32xg1_gcc_release.a(rail_rf_hal.o)
                0x00013110                RFHAL_SetAbortScheduledTxDuringRx
 .text.RFHAL_ConfigRadio
                0x00013128       0xe0 C:\Users\shiril\SimplicityStudio\v4_workspace\HTP_OTA\platform\radio\rail_lib\autogen\librail_release\librail_efr32xg1_gcc_release.a(rail_rf_hal.o)
                0x00013128                RFHAL_ConfigRadio
 .text.RFHAL_GetTime
                0x00013208        0xe C:\Users\shiril\SimplicityStudio\v4_workspace\HTP_OTA\platform\radio\rail_lib\autogen\librail_release\librail_efr32xg1_gcc_release.a(rail_rf_hal.o)
                0x00013208                RFHAL_GetTime
 .text.RFHAL_GetRadioEntropy
                0x00013216        0x4 C:\Users\shiril\SimplicityStudio\v4_workspace\HTP_OTA\platform\radio\rail_lib\autogen\librail_release\librail_efr32xg1_gcc_release.a(rail_rf_hal.o)
                0x00013216                RFHAL_GetRadioEntropy
 .text.RFHAL_SetStateTiming
                0x0001321a       0x4e C:\Users\shiril\SimplicityStudio\v4_workspace\HTP_OTA\platform\radio\rail_lib\autogen\librail_release\librail_efr32xg1_gcc_release.a(rail_rf_hal.o)
                0x0001321a                RFHAL_SetStateTiming
 .text.RFHAL_ConfigPti
                0x00013268        0x4 C:\Users\shiril\SimplicityStudio\v4_workspace\HTP_OTA\platform\radio\rail_lib\autogen\librail_release\librail_efr32xg1_gcc_release.a(rail_rf_hal.o)
                0x00013268                RFHAL_ConfigPti
 .text.RFHAL_EnablePti
                0x0001326c        0x4 C:\Users\shiril\SimplicityStudio\v4_workspace\HTP_OTA\platform\radio\rail_lib\autogen\librail_release\librail_efr32xg1_gcc_release.a(rail_rf_hal.o)
                0x0001326c                RFHAL_EnablePti
 .text.RAIL_Init
                0x00013270       0x20 C:\Users\shiril\SimplicityStudio\v4_workspace\HTP_OTA\platform\radio\rail_lib\autogen\librail_release\librail_efr32xg1_gcc_release.a(rail_singleprotocol.o)
                0x00013270                RAIL_Init
 .text.RAIL_GetSchedulerStatus
                0x00013290        0x4 C:\Users\shiril\SimplicityStudio\v4_workspace\HTP_OTA\platform\radio\rail_lib\autogen\librail_release\librail_efr32xg1_gcc_release.a(rail_singleprotocol.o)
                0x00013290                RAIL_GetSchedulerStatus
 .text.RAIL_Idle
                0x00013294        0x8 C:\Users\shiril\SimplicityStudio\v4_workspace\HTP_OTA\platform\radio\rail_lib\autogen\librail_release\librail_efr32xg1_gcc_release.a(rail_singleprotocol.o)
                0x00013294                RAIL_Idle
 .text.RAIL_YieldRadio
                0x0001329c        0x2 C:\Users\shiril\SimplicityStudio\v4_workspace\HTP_OTA\platform\radio\rail_lib\autogen\librail_release\librail_efr32xg1_gcc_release.a(rail_singleprotocol.o)
                0x0001329c                RAIL_YieldRadio
 .text.RAIL_GetRadioEntropy
                0x0001329e        0x8 C:\Users\shiril\SimplicityStudio\v4_workspace\HTP_OTA\platform\radio\rail_lib\autogen\librail_release\librail_efr32xg1_gcc_release.a(rail_singleprotocol.o)
                0x0001329e                RAIL_GetRadioEntropy
 .text.RAIL_SetTimer
                0x000132a6       0x14 C:\Users\shiril\SimplicityStudio\v4_workspace\HTP_OTA\platform\radio\rail_lib\autogen\librail_release\librail_efr32xg1_gcc_release.a(rail_singleprotocol.o)
                0x000132a6                RAIL_SetTimer
 .text.RAIL_CancelTimer
                0x000132ba        0x4 C:\Users\shiril\SimplicityStudio\v4_workspace\HTP_OTA\platform\radio\rail_lib\autogen\librail_release\librail_efr32xg1_gcc_release.a(rail_singleprotocol.o)
                0x000132ba                RAIL_CancelTimer
 .text.RAIL_StartTx
                0x000132be        0xa C:\Users\shiril\SimplicityStudio\v4_workspace\HTP_OTA\platform\radio\rail_lib\autogen\librail_release\librail_efr32xg1_gcc_release.a(rail_singleprotocol.o)
                0x000132be                RAIL_StartTx
 .text.RAIL_StartScheduledTx
                0x000132c8        0xa C:\Users\shiril\SimplicityStudio\v4_workspace\HTP_OTA\platform\radio\rail_lib\autogen\librail_release\librail_efr32xg1_gcc_release.a(rail_singleprotocol.o)
                0x000132c8                RAIL_StartScheduledTx
 .text.RAIL_ScheduleRx
                0x000132d2        0xa C:\Users\shiril\SimplicityStudio\v4_workspace\HTP_OTA\platform\radio\rail_lib\autogen\librail_release\librail_efr32xg1_gcc_release.a(rail_singleprotocol.o)
                0x000132d2                RAIL_ScheduleRx
 .text.radioConfigChangedDefault
                0x000132dc        0x2 C:\Users\shiril\SimplicityStudio\v4_workspace\HTP_OTA\platform\radio\rail_lib\autogen\librail_release\librail_efr32xg1_gcc_release.a(rail_rf.o)
 .text.isTransitionState
                0x000132de       0x12 C:\Users\shiril\SimplicityStudio\v4_workspace\HTP_OTA\platform\radio\rail_lib\autogen\librail_release\librail_efr32xg1_gcc_release.a(rail_rf.o)
 .text.RAILCore_Init
                0x000132f0       0x12 C:\Users\shiril\SimplicityStudio\v4_workspace\HTP_OTA\platform\radio\rail_lib\autogen\librail_release\librail_efr32xg1_gcc_release.a(rail_rf.o)
                0x000132f0                RAILCore_Init
 *fill*         0x00013302        0x2 
 .text.RAILInt_SetCallbackConfig
                0x00013304       0x20 C:\Users\shiril\SimplicityStudio\v4_workspace\HTP_OTA\platform\radio\rail_lib\autogen\librail_release\librail_efr32xg1_gcc_release.a(rail_rf.o)
                0x00013304                RAILInt_SetCallbackConfig
 .text.RAILCore_Idle
                0x00013324       0x14 C:\Users\shiril\SimplicityStudio\v4_workspace\HTP_OTA\platform\radio\rail_lib\autogen\librail_release\librail_efr32xg1_gcc_release.a(rail_rf.o)
                0x00013324                RAILCore_Idle
 .text.RAILCore_GetRadioState
                0x00013338        0x4 C:\Users\shiril\SimplicityStudio\v4_workspace\HTP_OTA\platform\radio\rail_lib\autogen\librail_release\librail_efr32xg1_gcc_release.a(rail_rf.o)
                0x00013338                RAILCore_GetRadioState
 .text.RAIL_SetStateTiming
                0x0001333c        0xa C:\Users\shiril\SimplicityStudio\v4_workspace\HTP_OTA\platform\radio\rail_lib\autogen\librail_release\librail_efr32xg1_gcc_release.a(rail_rf.o)
                0x0001333c                RAIL_SetStateTiming
 *fill*         0x00013346        0x2 
 .text.RAILInt_IsPowerInRange
                0x00013348       0x3c C:\Users\shiril\SimplicityStudio\v4_workspace\HTP_OTA\platform\radio\rail_lib\autogen\librail_release\librail_efr32xg1_gcc_release.a(rail_rf.o)
                0x00013348                RAILInt_IsPowerInRange
 .text.RAILInt_SetChannel
                0x00013384      0x1d8 C:\Users\shiril\SimplicityStudio\v4_workspace\HTP_OTA\platform\radio\rail_lib\autogen\librail_release\librail_efr32xg1_gcc_release.a(rail_rf.o)
                0x00013384                RAILInt_SetChannel
 .text.RAILCore_ConfigChannels
                0x0001355c       0x58 C:\Users\shiril\SimplicityStudio\v4_workspace\HTP_OTA\platform\radio\rail_lib\autogen\librail_release\librail_efr32xg1_gcc_release.a(rail_rf.o)
                0x0001355c                RAILCore_ConfigChannels
 .text.RAILInt_GetChannel
                0x000135b4        0x4 C:\Users\shiril\SimplicityStudio\v4_workspace\HTP_OTA\platform\radio\rail_lib\autogen\librail_release\librail_efr32xg1_gcc_release.a(rail_rf.o)
                0x000135b4                RAILInt_GetChannel
 .text.RAILCore_SetTxTransitions
                0x000135b8       0x3c C:\Users\shiril\SimplicityStudio\v4_workspace\HTP_OTA\platform\radio\rail_lib\autogen\librail_release\librail_efr32xg1_gcc_release.a(rail_rf.o)
                0x000135b8                RAILCore_SetTxTransitions
 .text.RAIL_SetTxTransitions
                0x000135f4        0xa C:\Users\shiril\SimplicityStudio\v4_workspace\HTP_OTA\platform\radio\rail_lib\autogen\librail_release\librail_efr32xg1_gcc_release.a(rail_rf.o)
                0x000135f4                RAIL_SetTxTransitions
 .text.RAILCore_SetRxTransitions
                0x000135fe       0x38 C:\Users\shiril\SimplicityStudio\v4_workspace\HTP_OTA\platform\radio\rail_lib\autogen\librail_release\librail_efr32xg1_gcc_release.a(rail_rf.o)
                0x000135fe                RAILCore_SetRxTransitions
 .text.RAIL_SetRxTransitions
                0x00013636        0xa C:\Users\shiril\SimplicityStudio\v4_workspace\HTP_OTA\platform\radio\rail_lib\autogen\librail_release\librail_efr32xg1_gcc_release.a(rail_rf.o)
                0x00013636                RAIL_SetRxTransitions
 .text.RAIL_ConfigEvents
                0x00013640       0x14 C:\Users\shiril\SimplicityStudio\v4_workspace\HTP_OTA\platform\radio\rail_lib\autogen\librail_release\librail_efr32xg1_gcc_release.a(rail_rf.o)
                0x00013640                RAIL_ConfigEvents
 .text.RAIL_ConfigRxOptions
                0x00013654        0xa C:\Users\shiril\SimplicityStudio\v4_workspace\HTP_OTA\platform\radio\rail_lib\autogen\librail_release\librail_efr32xg1_gcc_release.a(rail_rx.o)
                0x00013654                RAIL_ConfigRxOptions
 .text.RAILCore_ScheduleRx
                0x0001365e       0x2c C:\Users\shiril\SimplicityStudio\v4_workspace\HTP_OTA\platform\radio\rail_lib\autogen\librail_release\librail_efr32xg1_gcc_release.a(rail_rx.o)
                0x0001365e                RAILCore_ScheduleRx
 .text.RAILInt_PreTxOps
                0x0001368a       0x1c C:\Users\shiril\SimplicityStudio\v4_workspace\HTP_OTA\platform\radio\rail_lib\autogen\librail_release\librail_efr32xg1_gcc_release.a(rail_tx.o)
                0x0001368a                RAILInt_PreTxOps
 .text.RAILCore_StartTx
                0x000136a6       0x1a C:\Users\shiril\SimplicityStudio\v4_workspace\HTP_OTA\platform\radio\rail_lib\autogen\librail_release\librail_efr32xg1_gcc_release.a(rail_tx.o)
                0x000136a6                RAILCore_StartTx
 .text.RAILCore_StartScheduledTx
                0x000136c0       0x1e C:\Users\shiril\SimplicityStudio\v4_workspace\HTP_OTA\platform\radio\rail_lib\autogen\librail_release\librail_efr32xg1_gcc_release.a(rail_tx.o)
                0x000136c0                RAILCore_StartScheduledTx
 .text.RAIL_SetTxPower
                0x000136de        0xa C:\Users\shiril\SimplicityStudio\v4_workspace\HTP_OTA\platform\radio\rail_lib\autogen\librail_release\librail_efr32xg1_gcc_release.a(rail_tx.o)
                0x000136de                RAIL_SetTxPower
 .text.RAIL_GetTxPower
                0x000136e8        0xa C:\Users\shiril\SimplicityStudio\v4_workspace\HTP_OTA\platform\radio\rail_lib\autogen\librail_release\librail_efr32xg1_gcc_release.a(rail_tx.o)
                0x000136e8                RAIL_GetTxPower
 .text.RAIL_ConfigTxPower
                0x000136f2       0x1a C:\Users\shiril\SimplicityStudio\v4_workspace\HTP_OTA\platform\radio\rail_lib\autogen\librail_release\librail_efr32xg1_gcc_release.a(rail_tx.o)
                0x000136f2                RAIL_ConfigTxPower
 .text.RAILInt_PendCal
                0x0001370c       0x24 C:\Users\shiril\SimplicityStudio\v4_workspace\HTP_OTA\platform\radio\rail_lib\autogen\librail_release\librail_efr32xg1_gcc_release.a(rail_calibration.o)
                0x0001370c                RAILInt_PendCal
 .text.RAILCb_AssertFailed
                0x00013730       0x14 C:\Users\shiril\SimplicityStudio\v4_workspace\HTP_OTA\platform\radio\rail_lib\autogen\librail_release\librail_efr32xg1_gcc_release.a(rail_assert.o)
                0x00013730                RAILCb_AssertFailed
 .text.RAILInt_Assert
                0x00013744       0x1c C:\Users\shiril\SimplicityStudio\v4_workspace\HTP_OTA\platform\radio\rail_lib\autogen\librail_release\librail_efr32xg1_gcc_release.a(rail_assert.o)
                0x00013744                RAILInt_Assert
 .text.RAILCore_GetRadioEntropy
                0x00013760        0x4 C:\Users\shiril\SimplicityStudio\v4_workspace\HTP_OTA\platform\radio\rail_lib\autogen\librail_release\librail_efr32xg1_gcc_release.a(rail_rssi.o)
                0x00013760                RAILCore_GetRadioEntropy
 .text.BUFC_ReadHelper
                0x00013764       0x7c C:\Users\shiril\SimplicityStudio\v4_workspace\HTP_OTA\platform\radio\rail_lib\autogen\librail_release\librail_efr32xg1_gcc_release.a(bufc.o)
 .text.checkAndAddRxLenOverflowEntry
                0x000137e0       0x3c C:\Users\shiril\SimplicityStudio\v4_workspace\HTP_OTA\platform\radio\rail_lib\autogen\librail_release\librail_efr32xg1_gcc_release.a(bufc.o)
 .text.BUFC_SetTxBuffer
                0x0001381c       0x38 C:\Users\shiril\SimplicityStudio\v4_workspace\HTP_OTA\platform\radio\rail_lib\autogen\librail_release\librail_efr32xg1_gcc_release.a(bufc.o)
                0x0001381c                BUFC_SetTxBuffer
 .text.BUFC_WriteBuffer
                0x00013854       0xa8 C:\Users\shiril\SimplicityStudio\v4_workspace\HTP_OTA\platform\radio\rail_lib\autogen\librail_release\librail_efr32xg1_gcc_release.a(bufc.o)
                0x00013854                BUFC_WriteBuffer
 .text.BUFC_Peek
                0x000138fc       0x12 C:\Users\shiril\SimplicityStudio\v4_workspace\HTP_OTA\platform\radio\rail_lib\autogen\librail_release\librail_efr32xg1_gcc_release.a(bufc.o)
                0x000138fc                BUFC_Peek
 .text.BUFC_PeekByte
                0x0001390e       0x34 C:\Users\shiril\SimplicityStudio\v4_workspace\HTP_OTA\platform\radio\rail_lib\autogen\librail_release\librail_efr32xg1_gcc_release.a(bufc.o)
                0x0001390e                BUFC_PeekByte
 *fill*         0x00013942        0x2 
 .text.BUFC_GetSpaceAvailable
                0x00013944       0x28 C:\Users\shiril\SimplicityStudio\v4_workspace\HTP_OTA\platform\radio\rail_lib\autogen\librail_release\librail_efr32xg1_gcc_release.a(bufc.o)
                0x00013944                BUFC_GetSpaceAvailable
 .text.BUFC_GetBytesAvailable
                0x0001396c       0x14 C:\Users\shiril\SimplicityStudio\v4_workspace\HTP_OTA\platform\radio\rail_lib\autogen\librail_release\librail_efr32xg1_gcc_release.a(bufc.o)
                0x0001396c                BUFC_GetBytesAvailable
 .text.BUFC_TxAckBufferSet
                0x00013980       0x38 C:\Users\shiril\SimplicityStudio\v4_workspace\HTP_OTA\platform\radio\rail_lib\autogen\librail_release\librail_efr32xg1_gcc_release.a(bufc.o)
                0x00013980                BUFC_TxAckBufferSet
 .text.BUFC_TxAckBufferReset
                0x000139b8        0x8 C:\Users\shiril\SimplicityStudio\v4_workspace\HTP_OTA\platform\radio\rail_lib\autogen\librail_release\librail_efr32xg1_gcc_release.a(bufc.o)
                0x000139b8                BUFC_TxAckBufferReset
 .text.BUFC_RxBufferReset
                0x000139c0       0x5c C:\Users\shiril\SimplicityStudio\v4_workspace\HTP_OTA\platform\radio\rail_lib\autogen\librail_release\librail_efr32xg1_gcc_release.a(bufc.o)
                0x000139c0                BUFC_RxBufferReset
 .text.BUFC_Init
                0x00013a1c       0x98 C:\Users\shiril\SimplicityStudio\v4_workspace\HTP_OTA\platform\radio\rail_lib\autogen\librail_release\librail_efr32xg1_gcc_release.a(bufc.o)
                0x00013a1c                BUFC_Init
 .text.BUFC_RxBufferBytesAvailable
                0x00013ab4       0x10 C:\Users\shiril\SimplicityStudio\v4_workspace\HTP_OTA\platform\radio\rail_lib\autogen\librail_release\librail_efr32xg1_gcc_release.a(bufc.o)
                0x00013ab4                BUFC_RxBufferBytesAvailable
 .text.BUFC_ReleaseRxPacket
                0x00013ac4      0x10c C:\Users\shiril\SimplicityStudio\v4_workspace\HTP_OTA\platform\radio\rail_lib\autogen\librail_release\librail_efr32xg1_gcc_release.a(bufc.o)
                0x00013ac4                BUFC_ReleaseRxPacket
 .text.BUFC_StartRxLenThrEvent
                0x00013bd0       0x8c C:\Users\shiril\SimplicityStudio\v4_workspace\HTP_OTA\platform\radio\rail_lib\autogen\librail_release\librail_efr32xg1_gcc_release.a(bufc.o)
                0x00013bd0                BUFC_StartRxLenThrEvent
 .text.BUFC_EndRxLenThrEvent
                0x00013c5c       0x1c C:\Users\shiril\SimplicityStudio\v4_workspace\HTP_OTA\platform\radio\rail_lib\autogen\librail_release\librail_efr32xg1_gcc_release.a(bufc.o)
                0x00013c5c                BUFC_EndRxLenThrEvent
 .text.BUFC_HandleRxLenOvfEvent
                0x00013c78       0x28 C:\Users\shiril\SimplicityStudio\v4_workspace\HTP_OTA\platform\radio\rail_lib\autogen\librail_release\librail_efr32xg1_gcc_release.a(bufc.o)
                0x00013c78                BUFC_HandleRxLenOvfEvent
 .text.BUFC_GetRxPacketInfo
                0x00013ca0      0x138 C:\Users\shiril\SimplicityStudio\v4_workspace\HTP_OTA\platform\radio\rail_lib\autogen\librail_release\librail_efr32xg1_gcc_release.a(bufc.o)
                0x00013ca0                BUFC_GetRxPacketInfo
 .text.IRCAL_Set
                0x00013dd8       0x1c C:\Users\shiril\SimplicityStudio\v4_workspace\HTP_OTA\platform\radio\rail_lib\autogen\librail_release\librail_efr32xg1_gcc_release.a(ir_cal.o)
                0x00013dd8                IRCAL_Set
 .text.IRCAL_Init
                0x00013df4       0xa8 C:\Users\shiril\SimplicityStudio\v4_workspace\HTP_OTA\platform\radio\rail_lib\autogen\librail_release\librail_efr32xg1_gcc_release.a(ir_cal.o)
                0x00013df4                IRCAL_Init
 .text.PA_ProtectPa
                0x00013e9c       0xbc C:\Users\shiril\SimplicityStudio\v4_workspace\HTP_OTA\platform\radio\rail_lib\autogen\librail_release\librail_efr32xg1_gcc_release.a(pa.o)
 .text.getRampTimeFromLevelAndRate
                0x00013f58       0x20 C:\Users\shiril\SimplicityStudio\v4_workspace\HTP_OTA\platform\radio\rail_lib\autogen\librail_release\librail_efr32xg1_gcc_release.a(pa.o)
 .text.PA_GetTxPowerConfig
                0x00013f78       0x14 C:\Users\shiril\SimplicityStudio\v4_workspace\HTP_OTA\platform\radio\rail_lib\autogen\librail_release\librail_efr32xg1_gcc_release.a(pa.o)
                0x00013f78                PA_GetTxPowerConfig
 .text.PA_GetPowerLevel
                0x00013f8c        0xc C:\Users\shiril\SimplicityStudio\v4_workspace\HTP_OTA\platform\radio\rail_lib\autogen\librail_release\librail_efr32xg1_gcc_release.a(pa.o)
                0x00013f8c                PA_GetPowerLevel
 .text.PA_SetPowerLevel
                0x00013f98      0x194 C:\Users\shiril\SimplicityStudio\v4_workspace\HTP_OTA\platform\radio\rail_lib\autogen\librail_release\librail_efr32xg1_gcc_release.a(pa.o)
                0x00013f98                PA_SetPowerLevel
 .text.PA_RunPeakDetectorHigh
                0x0001412c       0x4c C:\Users\shiril\SimplicityStudio\v4_workspace\HTP_OTA\platform\radio\rail_lib\autogen\librail_release\librail_efr32xg1_gcc_release.a(pa.o)
                0x0001412c                PA_RunPeakDetectorHigh
 .text.PA_RunPeakDetectorLow
                0x00014178        0x2 C:\Users\shiril\SimplicityStudio\v4_workspace\HTP_OTA\platform\radio\rail_lib\autogen\librail_release\librail_efr32xg1_gcc_release.a(pa.o)
                0x00014178                PA_RunPeakDetectorLow
 *fill*         0x0001417a        0x2 
 .text.PA_RunBatHigh
                0x0001417c       0x2c C:\Users\shiril\SimplicityStudio\v4_workspace\HTP_OTA\platform\radio\rail_lib\autogen\librail_release\librail_efr32xg1_gcc_release.a(pa.o)
                0x0001417c                PA_RunBatHigh
 .text.PA_GetRampTime
                0x000141a8        0xc C:\Users\shiril\SimplicityStudio\v4_workspace\HTP_OTA\platform\radio\rail_lib\autogen\librail_release\librail_efr32xg1_gcc_release.a(pa.o)
                0x000141a8                PA_GetRampTime
 .text.PA_ConfigRamp
                0x000141b4       0x20 C:\Users\shiril\SimplicityStudio\v4_workspace\HTP_OTA\platform\radio\rail_lib\autogen\librail_release\librail_efr32xg1_gcc_release.a(pa.o)
                0x000141b4                PA_ConfigRamp
 .text.PA_CalcRampTime
                0x000141d4       0x44 C:\Users\shiril\SimplicityStudio\v4_workspace\HTP_OTA\platform\radio\rail_lib\autogen\librail_release\librail_efr32xg1_gcc_release.a(pa.o)
                0x000141d4                PA_CalcRampTime
 .text.PA_SetRampTime
                0x00014218       0xac C:\Users\shiril\SimplicityStudio\v4_workspace\HTP_OTA\platform\radio\rail_lib\autogen\librail_release\librail_efr32xg1_gcc_release.a(pa.o)
                0x00014218                PA_SetRampTime
 .text.PA_SelectBand
                0x000142c4       0x50 C:\Users\shiril\SimplicityStudio\v4_workspace\HTP_OTA\platform\radio\rail_lib\autogen\librail_release\librail_efr32xg1_gcc_release.a(pa.o)
                0x000142c4                PA_SelectBand
 .text.PA_Config
                0x00014314      0x15c C:\Users\shiril\SimplicityStudio\v4_workspace\HTP_OTA\platform\radio\rail_lib\autogen\librail_release\librail_efr32xg1_gcc_release.a(pa.o)
                0x00014314                PA_Config
 .text.PA_UpdateConfig
                0x00014470       0x38 C:\Users\shiril\SimplicityStudio\v4_workspace\HTP_OTA\platform\radio\rail_lib\autogen\librail_release\librail_efr32xg1_gcc_release.a(pa.o)
                0x00014470                PA_UpdateConfig
 .text.PROTIMER_Init
                0x000144a8      0x108 C:\Users\shiril\SimplicityStudio\v4_workspace\HTP_OTA\platform\radio\rail_lib\autogen\librail_release\librail_efr32xg1_gcc_release.a(protimer.o)
                0x000144a8                PROTIMER_Init
 .text.PROTIMER_Start
                0x000145b0       0x1c C:\Users\shiril\SimplicityStudio\v4_workspace\HTP_OTA\platform\radio\rail_lib\autogen\librail_release\librail_efr32xg1_gcc_release.a(protimer.o)
                0x000145b0                PROTIMER_Start
 .text.PROTIMER_IsRunning
                0x000145cc       0x10 C:\Users\shiril\SimplicityStudio\v4_workspace\HTP_OTA\platform\radio\rail_lib\autogen\librail_release\librail_efr32xg1_gcc_release.a(protimer.o)
                0x000145cc                PROTIMER_IsRunning
 .text.PROTIMER_ElapsedTime
                0x000145dc       0x18 C:\Users\shiril\SimplicityStudio\v4_workspace\HTP_OTA\platform\radio\rail_lib\autogen\librail_release\librail_efr32xg1_gcc_release.a(protimer.o)
                0x000145dc                PROTIMER_ElapsedTime
 .text.PROTIMER_CCTimerStop
                0x000145f4       0x20 C:\Users\shiril\SimplicityStudio\v4_workspace\HTP_OTA\platform\radio\rail_lib\autogen\librail_release\librail_efr32xg1_gcc_release.a(protimer.o)
                0x000145f4                PROTIMER_CCTimerStop
 .text.PROTIMER_CCTimerStart
                0x00014614      0x164 C:\Users\shiril\SimplicityStudio\v4_workspace\HTP_OTA\platform\radio\rail_lib\autogen\librail_release\librail_efr32xg1_gcc_release.a(protimer.o)
                0x00014614                PROTIMER_CCTimerStart
 .text.PROTIMER_WrapMultiple
                0x00014778       0x12 C:\Users\shiril\SimplicityStudio\v4_workspace\HTP_OTA\platform\radio\rail_lib\autogen\librail_release\librail_efr32xg1_gcc_release.a(protimer.o)
                0x00014778                PROTIMER_WrapMultiple
 *fill*         0x0001478a        0x2 
 .text.PROTIMER_CCTimerIsEnabled
                0x0001478c       0x10 C:\Users\shiril\SimplicityStudio\v4_workspace\HTP_OTA\platform\radio\rail_lib\autogen\librail_release\librail_efr32xg1_gcc_release.a(protimer.o)
                0x0001478c                PROTIMER_CCTimerIsEnabled
 .text.PROTIMER_CCTimerCapture
                0x0001479c       0x14 C:\Users\shiril\SimplicityStudio\v4_workspace\HTP_OTA\platform\radio\rail_lib\autogen\librail_release\librail_efr32xg1_gcc_release.a(protimer.o)
                0x0001479c                PROTIMER_CCTimerCapture
 .text.PROTIMER_ScheduleTxEnable
                0x000147b0       0x2c C:\Users\shiril\SimplicityStudio\v4_workspace\HTP_OTA\platform\radio\rail_lib\autogen\librail_release\librail_efr32xg1_gcc_release.a(protimer.o)
                0x000147b0                PROTIMER_ScheduleTxEnable
 .text.PROTIMER_ClearTxEnable
                0x000147dc        0xc C:\Users\shiril\SimplicityStudio\v4_workspace\HTP_OTA\platform\radio\rail_lib\autogen\librail_release\librail_efr32xg1_gcc_release.a(protimer.o)
                0x000147dc                PROTIMER_ClearTxEnable
 .text.PROTIMER_ScheduleRxEnable
                0x000147e8       0x2c C:\Users\shiril\SimplicityStudio\v4_workspace\HTP_OTA\platform\radio\rail_lib\autogen\librail_release\librail_efr32xg1_gcc_release.a(protimer.o)
                0x000147e8                PROTIMER_ScheduleRxEnable
 .text.PROTIMER_ScheduleRxDisable
                0x00014814       0x38 C:\Users\shiril\SimplicityStudio\v4_workspace\HTP_OTA\platform\radio\rail_lib\autogen\librail_release\librail_efr32xg1_gcc_release.a(protimer.o)
                0x00014814                PROTIMER_ScheduleRxDisable
 .text.PROTIMER_ClearRxEnable
                0x0001484c       0x10 C:\Users\shiril\SimplicityStudio\v4_workspace\HTP_OTA\platform\radio\rail_lib\autogen\librail_release\librail_efr32xg1_gcc_release.a(protimer.o)
                0x0001484c                PROTIMER_ClearRxEnable
 .text.PROTIMER_GetTime
                0x0001485c        0xc C:\Users\shiril\SimplicityStudio\v4_workspace\HTP_OTA\platform\radio\rail_lib\autogen\librail_release\librail_efr32xg1_gcc_release.a(protimer.o)
                0x0001485c                PROTIMER_GetTime
 .text.PROTIMER_GetCCTime
                0x00014868        0xc C:\Users\shiril\SimplicityStudio\v4_workspace\HTP_OTA\platform\radio\rail_lib\autogen\librail_release\librail_efr32xg1_gcc_release.a(protimer.o)
                0x00014868                PROTIMER_GetCCTime
 .text.PROTIMER_LBTStop
                0x00014874       0x18 C:\Users\shiril\SimplicityStudio\v4_workspace\HTP_OTA\platform\radio\rail_lib\autogen\librail_release\librail_efr32xg1_gcc_release.a(protimer.o)
                0x00014874                PROTIMER_LBTStop
 .text.PROTIMER_PrecntOverflowToUs
                0x0001488c       0x38 C:\Users\shiril\SimplicityStudio\v4_workspace\HTP_OTA\platform\radio\rail_lib\autogen\librail_release\librail_efr32xg1_gcc_release.a(protimer.o)
                0x0001488c                PROTIMER_PrecntOverflowToUs
 .text.PROTIMER_UsToPrecntOverflow
                0x000148c4       0x2c C:\Users\shiril\SimplicityStudio\v4_workspace\HTP_OTA\platform\radio\rail_lib\autogen\librail_release\librail_efr32xg1_gcc_release.a(protimer.o)
                0x000148c4                PROTIMER_UsToPrecntOverflow
 .text.PROTIMER_DelayUs
                0x000148f0       0x44 C:\Users\shiril\SimplicityStudio\v4_workspace\HTP_OTA\platform\radio\rail_lib\autogen\librail_release\librail_efr32xg1_gcc_release.a(protimer.o)
                0x000148f0                PROTIMER_DelayUs
 .text.PROTIMER_CheckCcaReallyFailed
                0x00014934       0xbc C:\Users\shiril\SimplicityStudio\v4_workspace\HTP_OTA\platform\radio\rail_lib\autogen\librail_release\librail_efr32xg1_gcc_release.a(protimer.o)
                0x00014934                PROTIMER_CheckCcaReallyFailed
 .text.PTI_Config
                0x000149f0       0xc8 C:\Users\shiril\SimplicityStudio\v4_workspace\HTP_OTA\platform\radio\rail_lib\autogen\librail_release\librail_efr32xg1_gcc_release.a(pti.o)
                0x000149f0                PTI_Config
 .text.PTI_EnableAppendedInfo
                0x00014ab8       0x18 C:\Users\shiril\SimplicityStudio\v4_workspace\HTP_OTA\platform\radio\rail_lib\autogen\librail_release\librail_efr32xg1_gcc_release.a(pti.o)
                0x00014ab8                PTI_EnableAppendedInfo
 .text.PTI_Enable
                0x00014ad0       0x58 C:\Users\shiril\SimplicityStudio\v4_workspace\HTP_OTA\platform\radio\rail_lib\autogen\librail_release\librail_efr32xg1_gcc_release.a(pti.o)
                0x00014ad0                PTI_Enable
 .text.PTI_AuxdataOutput
                0x00014b28       0x1c C:\Users\shiril\SimplicityStudio\v4_workspace\HTP_OTA\platform\radio\rail_lib\autogen\librail_release\librail_efr32xg1_gcc_release.a(pti.o)
                0x00014b28                PTI_AuxdataOutput
 .text.PTI_EnableSyncword
                0x00014b44       0x18 C:\Users\shiril\SimplicityStudio\v4_workspace\HTP_OTA\platform\radio\rail_lib\autogen\librail_release\librail_efr32xg1_gcc_release.a(pti.o)
                0x00014b44                PTI_EnableSyncword
 .text.RADIO_SetAndForgetWrite
                0x00014b5c       0x8c C:\Users\shiril\SimplicityStudio\v4_workspace\HTP_OTA\platform\radio\rail_lib\autogen\librail_release\librail_efr32xg1_gcc_release.a(radio.o)
                0x00014b5c                RADIO_SetAndForgetWrite
 .text.RADIO_SeqInit
                0x00014be8       0x68 C:\Users\shiril\SimplicityStudio\v4_workspace\HTP_OTA\platform\radio\rail_lib\autogen\librail_release\librail_efr32xg1_gcc_release.a(radio.o)
                0x00014be8                RADIO_SeqInit
 .text.RADIO_CLKEnable
                0x00014c50       0x68 C:\Users\shiril\SimplicityStudio\v4_workspace\HTP_OTA\platform\radio\rail_lib\autogen\librail_release\librail_efr32xg1_gcc_release.a(radio.o)
                0x00014c50                RADIO_CLKEnable
 .text.RADIO_Init
                0x00014cb8       0x40 C:\Users\shiril\SimplicityStudio\v4_workspace\HTP_OTA\platform\radio\rail_lib\autogen\librail_release\librail_efr32xg1_gcc_release.a(radio.o)
                0x00014cb8                RADIO_Init
 .text.RADIO_Config
                0x00014cf8       0xa8 C:\Users\shiril\SimplicityStudio\v4_workspace\HTP_OTA\platform\radio\rail_lib\autogen\librail_release\librail_efr32xg1_gcc_release.a(radio.o)
                0x00014cf8                RADIO_Config
 .text.RADIO_IsRxOnForRssi
                0x00014da0       0x18 C:\Users\shiril\SimplicityStudio\v4_workspace\HTP_OTA\platform\radio\rail_lib\autogen\librail_release\librail_efr32xg1_gcc_release.a(radio.o)
                0x00014da0                RADIO_IsRxOnForRssi
 .text.RADIO_RxTrailDataLength
                0x00014db8       0x3c C:\Users\shiril\SimplicityStudio\v4_workspace\HTP_OTA\platform\radio\rail_lib\autogen\librail_release\librail_efr32xg1_gcc_release.a(radio.o)
                0x00014db8                RADIO_RxTrailDataLength
 .text.RADIO_FrameControlDescrBufferIdSet
                0x00014df4       0x20 C:\Users\shiril\SimplicityStudio\v4_workspace\HTP_OTA\platform\radio\rail_lib\autogen\librail_release\librail_efr32xg1_gcc_release.a(radio.o)
                0x00014df4                RADIO_FrameControlDescrBufferIdSet
 .text.RADIO_ComputeTxBaudrate
                0x00014e14       0x28 C:\Users\shiril\SimplicityStudio\v4_workspace\HTP_OTA\platform\radio\rail_lib\autogen\librail_release\librail_efr32xg1_gcc_release.a(radio.o)
                0x00014e14                RADIO_ComputeTxBaudrate
 .text.RADIO_ComputeTxSymbolRate
                0x00014e3c       0x2c C:\Users\shiril\SimplicityStudio\v4_workspace\HTP_OTA\platform\radio\rail_lib\autogen\librail_release\librail_efr32xg1_gcc_release.a(radio.o)
                0x00014e3c                RADIO_ComputeTxSymbolRate
 .text.RADIO_ComputeTxBitRate
                0x00014e68       0x50 C:\Users\shiril\SimplicityStudio\v4_workspace\HTP_OTA\platform\radio\rail_lib\autogen\librail_release\librail_efr32xg1_gcc_release.a(radio.o)
                0x00014e68                RADIO_ComputeTxBitRate
 .text.RADIO_GetRssi
                0x00014eb8       0x54 C:\Users\shiril\SimplicityStudio\v4_workspace\HTP_OTA\platform\radio\rail_lib\autogen\librail_release\librail_efr32xg1_gcc_release.a(radio.o)
                0x00014eb8                RADIO_GetRssi
 .text.RADIO_SetCRCInitVal
                0x00014f0c       0x10 C:\Users\shiril\SimplicityStudio\v4_workspace\HTP_OTA\platform\radio\rail_lib\autogen\librail_release\librail_efr32xg1_gcc_release.a(radio.o)
                0x00014f0c                RADIO_SetCRCInitVal
 .text.RADIO_RACClearRxOverflow
                0x00014f1c       0x20 C:\Users\shiril\SimplicityStudio\v4_workspace\HTP_OTA\platform\radio\rail_lib\autogen\librail_release\librail_efr32xg1_gcc_release.a(radio.o)
                0x00014f1c                RADIO_RACClearRxOverflow
 .text.RFSENSE_Disable
                0x00014f3c       0x44 C:\Users\shiril\SimplicityStudio\v4_workspace\HTP_OTA\platform\radio\rail_lib\autogen\librail_release\librail_efr32xg1_gcc_release.a(rfsense.o)
 .text.RFSENSE_Sensed
                0x00014f80       0x50 C:\Users\shiril\SimplicityStudio\v4_workspace\HTP_OTA\platform\radio\rail_lib\autogen\librail_release\librail_efr32xg1_gcc_release.a(rfsense.o)
                0x00014f80                RFSENSE_Sensed
 .text.RFSENSE_IRQHandler
                0x00014fd0        0x4 C:\Users\shiril\SimplicityStudio\v4_workspace\HTP_OTA\platform\radio\rail_lib\autogen\librail_release\librail_efr32xg1_gcc_release.a(rfsense.o)
                0x00014fd0                RFSENSE_IRQHandler
 .text.RTCCSYNC_RTCCClockFreqGet
                0x00014fd4       0x30 C:\Users\shiril\SimplicityStudio\v4_workspace\HTP_OTA\platform\radio\rail_lib\autogen\librail_release\librail_efr32xg1_gcc_release.a(rtccsync.o)
 .text.RTCCSYNC_Init
                0x00015004       0x10 C:\Users\shiril\SimplicityStudio\v4_workspace\HTP_OTA\platform\radio\rail_lib\autogen\librail_release\librail_efr32xg1_gcc_release.a(rtccsync.o)
                0x00015004                RTCCSYNC_Init
 .text.RTCCSYNC_PreSleep
                0x00015014      0x260 C:\Users\shiril\SimplicityStudio\v4_workspace\HTP_OTA\platform\radio\rail_lib\autogen\librail_release\librail_efr32xg1_gcc_release.a(rtccsync.o)
                0x00015014                RTCCSYNC_PreSleep
 .text.RTCCSYNC_PostWakeUp
                0x00015274      0x1c4 C:\Users\shiril\SimplicityStudio\v4_workspace\HTP_OTA\platform\radio\rail_lib\autogen\librail_release\librail_efr32xg1_gcc_release.a(rtccsync.o)
                0x00015274                RTCCSYNC_PostWakeUp
 .text.SYNTH_RfFreqGet
                0x00015438        0xc C:\Users\shiril\SimplicityStudio\v4_workspace\HTP_OTA\platform\radio\rail_lib\autogen\librail_release\librail_efr32xg1_gcc_release.a(synth.o)
                0x00015438                SYNTH_RfFreqGet
 .text.SYNTH_ChSpacingGet
                0x00015444        0xc C:\Users\shiril\SimplicityStudio\v4_workspace\HTP_OTA\platform\radio\rail_lib\autogen\librail_release\librail_efr32xg1_gcc_release.a(synth.o)
                0x00015444                SYNTH_ChSpacingGet
 .text.SYNTH_LoDivGet
                0x00015450       0x20 C:\Users\shiril\SimplicityStudio\v4_workspace\HTP_OTA\platform\radio\rail_lib\autogen\librail_release\librail_efr32xg1_gcc_release.a(synth.o)
                0x00015450                SYNTH_LoDivGet
 .text.SYNTH_Is2p4GHz
                0x00015470       0x14 C:\Users\shiril\SimplicityStudio\v4_workspace\HTP_OTA\platform\radio\rail_lib\autogen\librail_release\librail_efr32xg1_gcc_release.a(synth.o)
                0x00015470                SYNTH_Is2p4GHz
 .text.SYNTH_VcoRangeIsValid
                0x00015484       0x30 C:\Users\shiril\SimplicityStudio\v4_workspace\HTP_OTA\platform\radio\rail_lib\autogen\librail_release\librail_efr32xg1_gcc_release.a(synth.o)
                0x00015484                SYNTH_VcoRangeIsValid
 .text.SYNTH_RetimeLimitsConfig
                0x000154b4       0x64 C:\Users\shiril\SimplicityStudio\v4_workspace\HTP_OTA\platform\radio\rail_lib\autogen\librail_release\librail_efr32xg1_gcc_release.a(synth.o)
                0x000154b4                SYNTH_RetimeLimitsConfig
 .text.SYNTH_RetimeClkConfig
                0x00015518       0xb4 C:\Users\shiril\SimplicityStudio\v4_workspace\HTP_OTA\platform\radio\rail_lib\autogen\librail_release\librail_efr32xg1_gcc_release.a(synth.o)
                0x00015518                SYNTH_RetimeClkConfig
 .text.SYNTH_Config
                0x000155cc      0x108 C:\Users\shiril\SimplicityStudio\v4_workspace\HTP_OTA\platform\radio\rail_lib\autogen\librail_release\librail_efr32xg1_gcc_release.a(synth.o)
                0x000155cc                SYNTH_Config
 .text.SYNTH_ChannelSet
                0x000156d4       0x40 C:\Users\shiril\SimplicityStudio\v4_workspace\HTP_OTA\platform\radio\rail_lib\autogen\librail_release\librail_efr32xg1_gcc_release.a(synth.o)
                0x000156d4                SYNTH_ChannelSet
 .text.SYNTH_DCDCRetimeClkSet
                0x00015714       0x6c C:\Users\shiril\SimplicityStudio\v4_workspace\HTP_OTA\platform\radio\rail_lib\autogen\librail_release\librail_efr32xg1_gcc_release.a(synth.o)
                0x00015714                SYNTH_DCDCRetimeClkSet
 .text.SYNTH_DCDCRetimeEnable
                0x00015780       0x18 C:\Users\shiril\SimplicityStudio\v4_workspace\HTP_OTA\platform\radio\rail_lib\autogen\librail_release\librail_efr32xg1_gcc_release.a(synth.o)
                0x00015780                SYNTH_DCDCRetimeEnable
 .text.SYNTH_DCDCRetimeDisable
                0x00015798       0x18 C:\Users\shiril\SimplicityStudio\v4_workspace\HTP_OTA\platform\radio\rail_lib\autogen\librail_release\librail_efr32xg1_gcc_release.a(synth.o)
                0x00015798                SYNTH_DCDCRetimeDisable
 .text.SYNTH_KvnFreqCompensationEnable
                0x000157b0        0xc C:\Users\shiril\SimplicityStudio\v4_workspace\HTP_OTA\platform\radio\rail_lib\autogen\librail_release\librail_efr32xg1_gcc_release.a(synth.o)
                0x000157b0                SYNTH_KvnFreqCompensationEnable
 .text.RADIOCMU_ClockEnable
                0x000157bc       0x40 C:\Users\shiril\SimplicityStudio\v4_workspace\HTP_OTA\platform\radio\rail_lib\autogen\librail_release\librail_efr32xg1_gcc_release.a(radio_cmu.o)
                0x000157bc                RADIOCMU_ClockEnable
 .text.RADIOCMU_ClockFreqGet
                0x000157fc       0x88 C:\Users\shiril\SimplicityStudio\v4_workspace\HTP_OTA\platform\radio\rail_lib\autogen\librail_release\librail_efr32xg1_gcc_release.a(radio_cmu.o)
                0x000157fc                RADIOCMU_ClockFreqGet
 .text.RADIOCMU_ClockPrescGet
                0x00015884       0x1c C:\Users\shiril\SimplicityStudio\v4_workspace\HTP_OTA\platform\radio\rail_lib\autogen\librail_release\librail_efr32xg1_gcc_release.a(radio_cmu.o)
                0x00015884                RADIOCMU_ClockPrescGet
 .text.TEMPCAL_Init
                0x000158a0       0x40 C:\Users\shiril\SimplicityStudio\v4_workspace\HTP_OTA\platform\radio\rail_lib\autogen\librail_release\librail_efr32xg1_gcc_release.a(tempcal.o)
                0x000158a0                TEMPCAL_Init
 .text.TIMING_PreambleSyncBits
                0x000158e0       0x2c C:\Users\shiril\SimplicityStudio\v4_workspace\HTP_OTA\platform\radio\rail_lib\autogen\librail_release\librail_efr32xg1_gcc_release.a(timings.o)
 .text.TIMING_CalcAdjustUs
                0x0001590c       0x28 C:\Users\shiril\SimplicityStudio\v4_workspace\HTP_OTA\platform\radio\rail_lib\autogen\librail_release\librail_efr32xg1_gcc_release.a(timings.o)
 .text.TIMING_SeqTimingInit
                0x00015934        0x2 C:\Users\shiril\SimplicityStudio\v4_workspace\HTP_OTA\platform\radio\rail_lib\autogen\librail_release\librail_efr32xg1_gcc_release.a(timings.o)
                0x00015934                TIMING_SeqTimingInit
 *fill*         0x00015936        0x2 
 .text.TIMING_NsToStimerTickCalcSigned
                0x00015938       0x28 C:\Users\shiril\SimplicityStudio\v4_workspace\HTP_OTA\platform\radio\rail_lib\autogen\librail_release\librail_efr32xg1_gcc_release.a(timings.o)
                0x00015938                TIMING_NsToStimerTickCalcSigned
 .text.TIMING_NsToStimerTickCalc
                0x00015960        0xc C:\Users\shiril\SimplicityStudio\v4_workspace\HTP_OTA\platform\radio\rail_lib\autogen\librail_release\librail_efr32xg1_gcc_release.a(timings.o)
                0x00015960                TIMING_NsToStimerTickCalc
 .text.TIMING_InitStimer
                0x0001596c       0x58 C:\Users\shiril\SimplicityStudio\v4_workspace\HTP_OTA\platform\radio\rail_lib\autogen\librail_release\librail_efr32xg1_gcc_release.a(timings.o)
                0x0001596c                TIMING_InitStimer
 .text.TIMING_TxWarmTimeRecalculate
                0x000159c4       0x34 C:\Users\shiril\SimplicityStudio\v4_workspace\HTP_OTA\platform\radio\rail_lib\autogen\librail_release\librail_efr32xg1_gcc_release.a(timings.o)
                0x000159c4                TIMING_TxWarmTimeRecalculate
 .text.TIMING_TxWarmTimeSet
                0x000159f8       0x18 C:\Users\shiril\SimplicityStudio\v4_workspace\HTP_OTA\platform\radio\rail_lib\autogen\librail_release\librail_efr32xg1_gcc_release.a(timings.o)
                0x000159f8                TIMING_TxWarmTimeSet
 .text.TIMING_RxToTxTimeRecalculate
                0x00015a10       0x34 C:\Users\shiril\SimplicityStudio\v4_workspace\HTP_OTA\platform\radio\rail_lib\autogen\librail_release\librail_efr32xg1_gcc_release.a(timings.o)
                0x00015a10                TIMING_RxToTxTimeRecalculate
 .text.TIMING_RxFrameToTxTimeRecalculate
                0x00015a44       0x38 C:\Users\shiril\SimplicityStudio\v4_workspace\HTP_OTA\platform\radio\rail_lib\autogen\librail_release\librail_efr32xg1_gcc_release.a(timings.o)
                0x00015a44                TIMING_RxFrameToTxTimeRecalculate
 .text.TIMING_RxFrameToTxTimeSet
                0x00015a7c       0x18 C:\Users\shiril\SimplicityStudio\v4_workspace\HTP_OTA\platform\radio\rail_lib\autogen\librail_release\librail_efr32xg1_gcc_release.a(timings.o)
                0x00015a7c                TIMING_RxFrameToTxTimeSet
 .text.TIMING_TxToTxTimeRecalculate
                0x00015a94       0x24 C:\Users\shiril\SimplicityStudio\v4_workspace\HTP_OTA\platform\radio\rail_lib\autogen\librail_release\librail_efr32xg1_gcc_release.a(timings.o)
                0x00015a94                TIMING_TxToTxTimeRecalculate
 .text.TIMING_TxToRxTimeRecalculate
                0x00015ab8       0x24 C:\Users\shiril\SimplicityStudio\v4_workspace\HTP_OTA\platform\radio\rail_lib\autogen\librail_release\librail_efr32xg1_gcc_release.a(timings.o)
                0x00015ab8                TIMING_TxToRxTimeRecalculate
 .text.TIMING_TxToRxTimeSet
                0x00015adc       0x18 C:\Users\shiril\SimplicityStudio\v4_workspace\HTP_OTA\platform\radio\rail_lib\autogen\librail_release\librail_efr32xg1_gcc_release.a(timings.o)
                0x00015adc                TIMING_TxToRxTimeSet
 .text.TIMING_RxWarmTimeRecalculate
                0x00015af4       0x20 C:\Users\shiril\SimplicityStudio\v4_workspace\HTP_OTA\platform\radio\rail_lib\autogen\librail_release\librail_efr32xg1_gcc_release.a(timings.o)
                0x00015af4                TIMING_RxWarmTimeRecalculate
 .text.TIMING_RxWarmTimeSet
                0x00015b14       0x18 C:\Users\shiril\SimplicityStudio\v4_workspace\HTP_OTA\platform\radio\rail_lib\autogen\librail_release\librail_efr32xg1_gcc_release.a(timings.o)
                0x00015b14                TIMING_RxWarmTimeSet
 .text.TIMING_RxSearchTimeRecalculate
                0x00015b2c       0x28 C:\Users\shiril\SimplicityStudio\v4_workspace\HTP_OTA\platform\radio\rail_lib\autogen\librail_release\librail_efr32xg1_gcc_release.a(timings.o)
                0x00015b2c                TIMING_RxSearchTimeRecalculate
 .text.TIMING_RxSearchTimeSet
                0x00015b54       0x10 C:\Users\shiril\SimplicityStudio\v4_workspace\HTP_OTA\platform\radio\rail_lib\autogen\librail_release\librail_efr32xg1_gcc_release.a(timings.o)
                0x00015b54                TIMING_RxSearchTimeSet
 .text.TIMING_TxToRxSearchTimeRecalculate
                0x00015b64       0x28 C:\Users\shiril\SimplicityStudio\v4_workspace\HTP_OTA\platform\radio\rail_lib\autogen\librail_release\librail_efr32xg1_gcc_release.a(timings.o)
                0x00015b64                TIMING_TxToRxSearchTimeRecalculate
 .text.TIMING_TxToRxSearchTimeSet
                0x00015b8c       0x10 C:\Users\shiril\SimplicityStudio\v4_workspace\HTP_OTA\platform\radio\rail_lib\autogen\librail_release\librail_efr32xg1_gcc_release.a(timings.o)
                0x00015b8c                TIMING_TxToRxSearchTimeSet
 .text.TIMING_RecalculateAll
                0x00015b9c       0x3a C:\Users\shiril\SimplicityStudio\v4_workspace\HTP_OTA\platform\radio\rail_lib\autogen\librail_release\librail_efr32xg1_gcc_release.a(timings.o)
                0x00015b9c                TIMING_RecalculateAll
 .text.TIMING_RecalculatePaRampChanged
                0x00015bd6       0x22 C:\Users\shiril\SimplicityStudio\v4_workspace\HTP_OTA\platform\radio\rail_lib\autogen\librail_release\librail_efr32xg1_gcc_release.a(timings.o)
                0x00015bd6                TIMING_RecalculatePaRampChanged
 .text.TIMING_SetChainDelays
                0x00015bf8        0x8 C:\Users\shiril\SimplicityStudio\v4_workspace\HTP_OTA\platform\radio\rail_lib\autogen\librail_release\librail_efr32xg1_gcc_release.a(timings.o)
                0x00015bf8                TIMING_SetChainDelays
 .text.TIMING_SetRxDoneDelay
                0x00015c00        0x6 C:\Users\shiril\SimplicityStudio\v4_workspace\HTP_OTA\platform\radio\rail_lib\autogen\librail_release\librail_efr32xg1_gcc_release.a(timings.o)
                0x00015c00                TIMING_SetRxDoneDelay
 .text.TIMING_CalcRxTimeStampUs
                0x00015c06       0x7a C:\Users\shiril\SimplicityStudio\v4_workspace\HTP_OTA\platform\radio\rail_lib\autogen\librail_release\librail_efr32xg1_gcc_release.a(timings.o)
                0x00015c06                TIMING_CalcRxTimeStampUs
 .text.RFRAND_GetRadioEntropy
                0x00015c80       0xf0 C:\Users\shiril\SimplicityStudio\v4_workspace\HTP_OTA\platform\radio\rail_lib\autogen\librail_release\librail_efr32xg1_gcc_release.a(rf_rand.o)
                0x00015c80                RFRAND_GetRadioEntropy
 .text.RFRAND_SeedProtimerRandom
                0x00015d70       0x3c C:\Users\shiril\SimplicityStudio\v4_workspace\HTP_OTA\platform\radio\rail_lib\autogen\librail_release\librail_efr32xg1_gcc_release.a(rf_rand.o)
                0x00015d70                RFRAND_SeedProtimerRandom
 .text.RAIL_GetTxPowerCurve
                0x00015dac       0x14 C:\Users\shiril\SimplicityStudio\v4_workspace\HTP_OTA\platform\radio\rail_lib\autogen\librail_release\librail_efr32xg1_gcc_release.a(pa_conversions_efr32.o)
                0x00015dac                RAIL_GetTxPowerCurve
 .text.RAIL_InitTxPowerCurves
                0x00015dc0       0x2c C:\Users\shiril\SimplicityStudio\v4_workspace\HTP_OTA\platform\radio\rail_lib\autogen\librail_release\librail_efr32xg1_gcc_release.a(pa_conversions_efr32.o)
                0x00015dc0                RAIL_InitTxPowerCurves
 .text.RAIL_ConvertDbmToRaw
                0x00015dec       0xe4 C:\Users\shiril\SimplicityStudio\v4_workspace\HTP_OTA\platform\radio\rail_lib\autogen\librail_release\librail_efr32xg1_gcc_release.a(pa_conversions_efr32.o)
                0x00015dec                RAIL_ConvertDbmToRaw
 .text.RAIL_ConvertRawToDbm
                0x00015ed0       0xb4 C:\Users\shiril\SimplicityStudio\v4_workspace\HTP_OTA\platform\radio\rail_lib\autogen\librail_release\librail_efr32xg1_gcc_release.a(pa_conversions_efr32.o)