Archive member included because of file (symbol)

C:\Users\shiril\SimplicityStudio\v4_workspace\LED_BLINKY_SDK2_7\platform\radio\rail_lib\autogen\librail_release\librail_efr32xg1_gcc_release.a(rail_pti.o)
                              ./pti.o (RAIL_ConfigPti)
C:\Users\shiril\SimplicityStudio\v4_workspace\LED_BLINKY_SDK2_7\platform\radio\rail_lib\autogen\librail_release\librail_efr32xg1_gcc_release.a(rail_rf_hal.o)
                              C:\Users\shiril\SimplicityStudio\v4_workspace\LED_BLINKY_SDK2_7\platform\radio\rail_lib\autogen\librail_release\librail_efr32xg1_gcc_release.a(rail_pti.o) (RFHAL_ConfigPti)
C:\Users\shiril\SimplicityStudio\v4_workspace\LED_BLINKY_SDK2_7\platform\radio\rail_lib\autogen\librail_release\librail_efr32xg1_gcc_release.a(rail_singleprotocol.o)
                              C:\Users\shiril\SimplicityStudio\v4_workspace\LED_BLINKY_SDK2_7\platform\radio\rail_lib\autogen\librail_release\librail_efr32xg1_gcc_release.a(rail_rf_hal.o) (RAIL_ActiveHandle)
C:\Users\shiril\SimplicityStudio\v4_workspace\LED_BLINKY_SDK2_7\platform\radio\rail_lib\autogen\librail_release\librail_efr32xg1_gcc_release.a(rail_rf.o)
                              C:\Users\shiril\SimplicityStudio\v4_workspace\LED_BLINKY_SDK2_7\platform\radio\rail_lib\autogen\librail_release\librail_efr32xg1_gcc_release.a(rail_singleprotocol.o) (RAILCore_Init)
C:\Users\shiril\SimplicityStudio\v4_workspace\LED_BLINKY_SDK2_7\platform\radio\rail_lib\autogen\librail_release\librail_efr32xg1_gcc_release.a(rail_rx.o)
                              C:\Users\shiril\SimplicityStudio\v4_workspace\LED_BLINKY_SDK2_7\platform\radio\rail_lib\autogen\librail_release\librail_efr32xg1_gcc_release.a(rail_rf_hal.o) (RAILCore_StartRx)
C:\Users\shiril\SimplicityStudio\v4_workspace\LED_BLINKY_SDK2_7\platform\radio\rail_lib\autogen\librail_release\librail_efr32xg1_gcc_release.a(rail_tx.o)
                              C:\Users\shiril\SimplicityStudio\v4_workspace\LED_BLINKY_SDK2_7\platform\radio\rail_lib\autogen\librail_release\librail_efr32xg1_gcc_release.a(rail_singleprotocol.o) (RAILCore_StartTx)
C:\Users\shiril\SimplicityStudio\v4_workspace\LED_BLINKY_SDK2_7\platform\radio\rail_lib\autogen\librail_release\librail_efr32xg1_gcc_release.a(rail_calibration.o)
                              C:\Users\shiril\SimplicityStudio\v4_workspace\LED_BLINKY_SDK2_7\platform\radio\rail_lib\autogen\librail_release\librail_efr32xg1_gcc_release.a(rail_rf_hal.o) (RAILInt_PendCal)
C:\Users\shiril\SimplicityStudio\v4_workspace\LED_BLINKY_SDK2_7\platform\radio\rail_lib\autogen\librail_release\librail_efr32xg1_gcc_release.a(rail_assert.o)
                              C:\Users\shiril\SimplicityStudio\v4_workspace\LED_BLINKY_SDK2_7\platform\radio\rail_lib\autogen\librail_release\librail_efr32xg1_gcc_release.a(rail_rf.o) (RAILInt_Assert)
C:\Users\shiril\SimplicityStudio\v4_workspace\LED_BLINKY_SDK2_7\platform\radio\rail_lib\autogen\librail_release\librail_efr32xg1_gcc_release.a(rail_rssi.o)
                              C:\Users\shiril\SimplicityStudio\v4_workspace\LED_BLINKY_SDK2_7\platform\radio\rail_lib\autogen\librail_release\librail_efr32xg1_gcc_release.a(rail_singleprotocol.o) (RAILCore_GetRssi)
C:\Users\shiril\SimplicityStudio\v4_workspace\LED_BLINKY_SDK2_7\platform\radio\rail_lib\autogen\librail_release\librail_efr32xg1_gcc_release.a(bufc.o)
                              C:\Users\shiril\SimplicityStudio\v4_workspace\LED_BLINKY_SDK2_7\platform\radio\rail_lib\autogen\librail_release\librail_efr32xg1_gcc_release.a(rail_rf_hal.o) (BUFC_SetTxBuffer)
C:\Users\shiril\SimplicityStudio\v4_workspace\LED_BLINKY_SDK2_7\platform\radio\rail_lib\autogen\librail_release\librail_efr32xg1_gcc_release.a(ir_cal.o)
                              C:\Users\shiril\SimplicityStudio\v4_workspace\LED_BLINKY_SDK2_7\platform\radio\rail_lib\autogen\librail_release\librail_efr32xg1_gcc_release.a(rail_rf_hal.o) (IRCAL_Set)
C:\Users\shiril\SimplicityStudio\v4_workspace\LED_BLINKY_SDK2_7\platform\radio\rail_lib\autogen\librail_release\librail_efr32xg1_gcc_release.a(pa.o)
                              C:\Users\shiril\SimplicityStudio\v4_workspace\LED_BLINKY_SDK2_7\platform\radio\rail_lib\autogen\librail_release\librail_efr32xg1_gcc_release.a(rail_rf_hal.o) (PA_GetTxPowerConfig)
C:\Users\shiril\SimplicityStudio\v4_workspace\LED_BLINKY_SDK2_7\platform\radio\rail_lib\autogen\librail_release\librail_efr32xg1_gcc_release.a(protimer.o)
                              C:\Users\shiril\SimplicityStudio\v4_workspace\LED_BLINKY_SDK2_7\platform\radio\rail_lib\autogen\librail_release\librail_efr32xg1_gcc_release.a(rail_rf_hal.o) (PROTIMER_Start)
C:\Users\shiril\SimplicityStudio\v4_workspace\LED_BLINKY_SDK2_7\platform\radio\rail_lib\autogen\librail_release\librail_efr32xg1_gcc_release.a(pti.o)
[...]
Memory Configuration

Name             Origin             Length             Attributes
FLASH_BOOTLOADER 0x00000000         0x00004000         xr
FLASH            0x00004000         0x0003b000         xr
RAM              0x20000000         0x00007bfc         xrw
*default*        0x00000000         0xffffffff

Linker script and memory map

LOAD c:/siliconlabs/simplicitystudio/v4/developer/toolchains/gnu_arm/4.9_2015q3/bin/../lib/gcc/arm-none-eabi/4.9.3/armv7e-m/softfp/crti.o
LOAD c:/siliconlabs/simplicitystudio/v4/developer/toolchains/gnu_arm/4.9_2015q3/bin/../lib/gcc/arm-none-eabi/4.9.3/armv7e-m/softfp/crtbegin.o
LOAD c:/siliconlabs/simplicitystudio/v4/developer/toolchains/gnu_arm/4.9_2015q3/bin/../lib/gcc/arm-none-eabi/4.9.3/../../../../arm-none-eabi/lib/armv7e-m/softfp/crt0.o
START GROUP
LOAD ./application_properties.o
LOAD ./gatt_db.o
LOAD ./init_board.o
LOAD ./init_mcu.o
LOAD ./main.o
LOAD ./pti.o
LOAD ./hardware/kit/common/bsp/bsp_stk.o
LOAD ./hardware/kit/common/drivers/mx25flash_spi.o
LOAD ./platform/Device/SiliconLabs/EFR32BG1B/Source/GCC/startup_efr32bg1b.o
LOAD ./platform/Device/SiliconLabs/EFR32BG1B/Source/system_efr32bg1b.o
LOAD ./platform/emdrv/sleep/src/sleep.o
LOAD ./platform/emdrv/tempdrv/src/tempdrv.o
LOAD ./platform/emlib/src/em_cmu.o
LOAD ./platform/emlib/src/em_core.o
LOAD ./platform/emlib/src/em_cryotimer.o
LOAD ./platform/emlib/src/em_crypto.o
LOAD ./platform/emlib/src/em_emu.o
LOAD ./platform/emlib/src/em_gpio.o
LOAD ./platform/emlib/src/em_i2c.o
LOAD ./platform/emlib/src/em_int.o
LOAD ./platform/emlib/src/em_letimer.o
LOAD ./platform/emlib/src/em_msc.o
LOAD ./platform/emlib/src/em_rmu.o
LOAD ./platform/emlib/src/em_rtcc.o
LOAD ./platform/emlib/src/em_system.o
LOAD ./platform/emlib/src/em_usart.o
LOAD ./src/cmu.o
LOAD ./src/gpio.o
LOAD C:\Users\shiril\SimplicityStudio\v4_workspace\LED_BLINKY_SDK2_7\protocol\bluetooth_2.7\lib\EFR32BG1B\GCC\libmbedtls.a
LOAD C:\Users\shiril\SimplicityStudio\v4_workspace\LED_BLINKY_SDK2_7\platform\radio\rail_lib\autogen\librail_release\librail_efr32xg1_gcc_release.a
LOAD C:\Users\shiril\SimplicityStudio\v4_workspace\LED_BLINKY_SDK2_7\protocol\bluetooth_2.7\lib\EFR32BG1B\GCC\libpsstore.a
LOAD C:\Users\shiril\SimplicityStudio\v4_workspace\LED_BLINKY_SDK2_7\protocol\bluetooth_2.7\lib\EFR32BG1B\GCC\libbluetooth.a
LOAD C:\Users\shiril\SimplicityStudio\v4_workspace\LED_BLINKY_SDK2_7\protocol\bluetooth_2.7\lib\EFR32BG1B\GCC\binapploader.o
LOAD c:/siliconlabs/simplicitystudio/v4/developer/toolchains/gnu_arm/4.9_2015q3/bin/../lib/gcc/arm-none-eabi/4.9.3/../../../../arm-none-eabi/lib/armv7e-m/softfp\libm.a
END GROUP
START GROUP
LOAD c:/siliconlabs/simplicitystudio/v4/developer/toolchains/gnu_arm/4.9_2015q3/bin/../lib/gcc/arm-none-eabi/4.9.3/armv7e-m/softfp\libgcc.a
LOAD c:/siliconlabs/simplicitystudio/v4/developer/toolchains/gnu_arm/4.9_2015q3/bin/../lib/gcc/arm-none-eabi/4.9.3/../../../../arm-none-eabi/lib/armv7e-m/softfp\libc_nano.a
LOAD c:/siliconlabs/simplicitystudio/v4/developer/toolchains/gnu_arm/4.9_2015q3/bin/../lib/gcc/arm-none-eabi/4.9.3/../../../../arm-none-eabi/lib/armv7e-m/softfp\libnosys.a
END GROUP
START GROUP
LOAD c:/siliconlabs/simplicitystudio/v4/developer/toolchains/gnu_arm/4.9_2015q3/bin/../lib/gcc/arm-none-eabi/4.9.3/armv7e-m/softfp\libgcc.a
LOAD c:/siliconlabs/simplicitystudio/v4/developer/toolchains/gnu_arm/4.9_2015q3/bin/../lib/gcc/arm-none-eabi/4.9.3/../../../../arm-none-eabi/lib/armv7e-m/softfp\libg_nano.a
LOAD c:/siliconlabs/simplicitystudio/v4/developer/toolchains/gnu_arm/4.9_2015q3/bin/../lib/gcc/arm-none-eabi/4.9.3/../../../../arm-none-eabi/lib/armv7e-m/softfp\libc_nano.a
END GROUP
START GROUP
LOAD c:/siliconlabs/simplicitystudio/v4/developer/toolchains/gnu_arm/4.9_2015q3/bin/../lib/gcc/arm-none-eabi/4.9.3/armv7e-m/softfp\libgcc.a
LOAD c:/siliconlabs/simplicitystudio/v4/developer/toolchains/gnu_arm/4.9_2015q3/bin/../lib/gcc/arm-none-eabi/4.9.3/../../../../arm-none-eabi/lib/armv7e-m/softfp\libc_nano.a
END GROUP
LOAD c:/siliconlabs/simplicitystudio/v4/developer/toolchains/gnu_arm/4.9_2015q3/bin/../lib/gcc/arm-none-eabi/4.9.3/armv7e-m/softfp/crtend.o
LOAD c:/siliconlabs/simplicitystudio/v4/developer/toolchains/gnu_arm/4.9_2015q3/bin/../lib/gcc/arm-none-eabi/4.9.3/armv7e-m/softfp/crtn.o

.text_bootloader
                0x00000000        0x0
 *(.binbootloader*)
                0x00000000                . = ALIGN (0x4000)

.text_apploader
                0x00004000     0x8fc0
 *(.binapploader*)
 .binapploader  0x00004000     0x8fc0 C:\Users\shiril\SimplicityStudio\v4_workspace\LED_BLINKY_SDK2_7\protocol\bluetooth_2.7\lib\EFR32BG1B\GCC\binapploader.o

.text_signature
                0x0000cfc0       0x40
                0x0000d000                . = ALIGN (0x800)
 *fill*         0x0000cfc0       0x40 
                0x0000d000                __text_start__ = .

.text_application
                0x0000d000    0x1eea4
 *(.vectors)
 .vectors       0x0000d000       0xc8 ./platform/Device/SiliconLabs/EFR32BG1B/Source/GCC/startup_efr32bg1b.o
                0x0000d000                __Vectors
                0x0000d0c8                __Vectors_End = .
                0x000000c8                __Vectors_Size = (__Vectors_End - __Vectors)
                0x0000d0c8                __end__ = .
 *(.application_properties)
 .application_properties
                0x0000d0c8       0x38 ./application_properties.o
                0x0000d0c8                applicationProperties
 *(.gecko_configuration)
 *(.xo_configuration)
 *(.gatt_header)
 .gatt_header   0x0000d100       0x34 ./gatt_db.o
                0x0000d100                bg_gattdb_data
 *(.gatt_data)
 .gatt_data     0x0000d134      0x1d5 ./gatt_db.o
                0x0000d134                bg_gattdb_data_uuidtable_16_map
                0x0000d150                bg_gattdb_data_uuidtable_128_map
                0x0000d170                bg_gattdb_data_attribute_field_18
                0x0000d178                bg_gattdb_data_attribute_field_17
                0x0000d190                bg_gattdb_data_attribute_field_16
                0x0000d1a4                bg_gattdb_data_attribute_field_15
                0x0000d1ac                bg_gattdb_data_attribute_field_14
                0x0000d1b4                bg_gattdb_data_attribute_field_13
                0x0000d1c0                bg_gattdb_data_attribute_field_12
                0x0000d1c8                bg_gattdb_data_attribute_field_11
                0x0000d1d8                bg_gattdb_data_attribute_field_10
                0x0000d1e0                bg_gattdb_data_attribute_field_9
                0x0000d1e4                bg_gattdb_data_attribute_field_8
                0x0000d1e8                bg_gattdb_data_attribute_field_7
                0x0000d1f0                bg_gattdb_data_attribute_field_6
                0x0000d1f8                bg_gattdb_data_attribute_field_5
                0x0000d200                bg_gattdb_data_attribute_field_4
                0x0000d204                bg_gattdb_data_attribute_field_2
                0x0000d20c                bg_gattdb_data_attribute_field_1
                0x0000d214                bg_gattdb_data_attribute_field_0
                0x0000d218                bg_gattdb_data_attributes_map
                0x0000d2fc                bg_gattdb_data_attributes_dynamic_mapping_map
                0x0000d304                bg_gattdb_data_adv_uuid16_map
                0x0000d308                bg_gattdb_data_adv_uuid128_map
 *(.text*)
 *fill*         0x0000d309        0x3 
 .text          0x0000d30c       0x5c c:/siliconlabs/simplicitystudio/v4/developer/toolchains/gnu_arm/4.9_2015q3/bin/../lib/gcc/arm-none-eabi/4.9.3/armv7e-m/softfp/crtbegin.o
 .text          0x0000d368       0x74 c:/siliconlabs/simplicitystudio/v4/developer/toolchains/gnu_arm/4.9_2015q3/bin/../lib/gcc/arm-none-eabi/4.9.3/../../../../arm-none-eabi/lib/armv7e-m/softfp/crt0.o
                0x0000d368                _start
                0x0000d368                _mainCRTStartup
 .text.initBoard
                0x0000d3dc       0x48 ./init_board.o
                0x0000d3dc                initBoard
 .text.BUS_RegBitWrite
                0x0000d424       0x2c ./init_mcu.o
 .text.SYSTEM_GetProdRev
                0x0000d450       0x1c ./init_mcu.o
 .text.CHIP_Init
                0x0000d46c       0xb4 ./init_mcu.o
 .text.initMcu  0x0000d520       0x70 ./init_mcu.o
                0x0000d520                initMcu
 .text.initMcu_clocks
                0x0000d590       0xa4 ./init_mcu.o
 .text.NVIC_EnableIRQ
                0x0000d634       0x30 ./main.o
 .text.BUS_RegMaskedSet
                0x0000d664       0x24 ./main.o
 .text.BUS_RegMaskedClear
                0x0000d688       0x24 ./main.o
 .text.GPIO_PinOutClear
                0x0000d6ac       0x58 ./main.o
 .text.GPIO_PinOutSet
                0x0000d704       0x58 ./main.o
 .text.gecko_initCoexHAL
                0x0000d75c        0xc ./main.o
 .text.gecko_init
                0x0000d768       0x48 ./main.o
 .text.EMU_EnterEM1
                0x0000d7b0       0x20 ./main.o
 .text.blockSleepMode
                0x0000d7d0       0x2c ./main.o
                0x0000d7d0                blockSleepMode
 .text.sleep    0x0000d7fc       0x40 ./main.o
                0x0000d7fc                sleep
 .text.LETIMER0_Setup
                0x0000d83c       0x94 ./main.o
                0x0000d83c                LETIMER0_Setup
 .text.LETIMER0_IRQHandler
                0x0000d8d0       0x4c ./main.o
                0x0000d8d0                LETIMER0_IRQHandler
 .text.toggle_LED
                0x0000d91c       0x50 ./main.o
                0x0000d91c                toggle_LED
 .text.main     0x0000d96c       0x3c ./main.o
                0x0000d96c                main
 .text.BUS_RegMaskedSet
                0x0000d9a8       0x24 ./hardware/kit/common/drivers/mx25flash_spi.o
 .text.BUS_RegMaskedClear
                0x0000d9cc       0x24 ./hardware/kit/common/drivers/mx25flash_spi.o
 .text.GPIO_PinOutClear
                0x0000d9f0       0x58 ./hardware/kit/common/drivers/mx25flash_spi.o
 .text.GPIO_PinOutSet
                0x0000da48       0x58 ./hardware/kit/common/drivers/mx25flash_spi.o
 .text.MX25_init
                0x0000daa0       0x98 ./hardware/kit/common/drivers/mx25flash_spi.o
                0x0000daa0                MX25_init
 .text.Wait_Flash_WarmUp
                0x0000db38       0x24 ./hardware/kit/common/drivers/mx25flash_spi.o
                0x0000db38                Wait_Flash_WarmUp
 .text.Initial_Spi
                0x0000db5c        0xc ./hardware/kit/common/drivers/mx25flash_spi.o
                0x0000db5c                Initial_Spi
 .text.CS_Low   0x0000db68       0x10 ./hardware/kit/common/drivers/mx25flash_spi.o
                0x0000db68                CS_Low
 .text.CS_High  0x0000db78       0x10 ./hardware/kit/common/drivers/mx25flash_spi.o
                0x0000db78                CS_High
 .text.InsertDummyCycle
                0x0000db88       0x38 ./hardware/kit/common/drivers/mx25flash_spi.o
                0x0000db88                InsertDummyCycle
 .text.SendByte
                0x0000dbc0       0x3c ./hardware/kit/common/drivers/mx25flash_spi.o
                0x0000dbc0                SendByte
 .text.MX25_DP  0x0000dbfc       0x34 ./hardware/kit/common/drivers/mx25flash_spi.o
                0x0000dbfc                MX25_DP
 .text.Reset_Handler
                0x0000dc30       0x3c ./platform/Device/SiliconLabs/EFR32BG1B/Source/GCC/startup_efr32bg1b.o
                0x0000dc30                Reset_Handler
 .text.Default_Handler
                0x0000dc6c        0x8 ./platform/Device/SiliconLabs/EFR32BG1B/Source/GCC/startup_efr32bg1b.o
                0x0000dc6c                DebugMon_Handler
                0x0000dc6c                USART0_TX_IRQHandler
                0x0000dc6c                I2C0_IRQHandler
                0x0000dc6c                HardFault_Handler
                0x0000dc6c                SysTick_Handler
                0x0000dc6c                USART1_RX_IRQHandler
                0x0000dc6c                PendSV_Handler
                0x0000dc6c                NMI_Handler
                0x0000dc6c                WDOG0_IRQHandler
                0x0000dc6c                USART1_TX_IRQHandler
                0x0000dc6c                MSC_IRQHandler
                0x0000dc6c                ADC0_IRQHandler
                0x0000dc6c                UsageFault_Handler
                0x0000dc6c                LEUART0_IRQHandler
                0x0000dc6c                FPUEH_IRQHandler
                0x0000dc6c                GPIO_EVEN_IRQHandler
                0x0000dc6c                LDMA_IRQHandler
                0x0000dc6c                TIMER0_IRQHandler
                0x0000dc6c                TIMER1_IRQHandler
                0x0000dc6c                Default_Handler
                0x0000dc6c                CRYOTIMER_IRQHandler
                0x0000dc6c                PCNT0_IRQHandler
                0x0000dc6c                ACMP0_IRQHandler
                0x0000dc6c                USART0_RX_IRQHandler
                0x0000dc6c                MemManage_Handler
                0x0000dc6c                SVC_Handler
                0x0000dc6c                RTCC_IRQHandler
                0x0000dc6c                CRYPTO_IRQHandler
                0x0000dc6c                CMU_IRQHandler
                0x0000dc6c                GPIO_ODD_IRQHandler
                0x0000dc6c                BusFault_Handler
                0x0000dc6c                IDAC0_IRQHandler
 .text.SystemCoreClockGet
                0x0000dc74       0x44 ./platform/Device/SiliconLabs/EFR32BG1B/Source/system_efr32bg1b.o
                0x0000dc74                SystemCoreClockGet
 .text.SystemMaxCoreClockGet
                0x0000dcb8       0x14 ./platform/Device/SiliconLabs/EFR32BG1B/Source/system_efr32bg1b.o
                0x0000dcb8                SystemMaxCoreClockGet
 .text.SystemHFClockGet
                0x0000dccc       0x70 ./platform/Device/SiliconLabs/EFR32BG1B/Source/system_efr32bg1b.o
                0x0000dccc                SystemHFClockGet
 .text.SystemHFXOClockGet
                0x0000dd3c       0x18 ./platform/Device/SiliconLabs/EFR32BG1B/Source/system_efr32bg1b.o
                0x0000dd3c                SystemHFXOClockGet
 .text.SystemHFXOClockSet
                0x0000dd54       0x30 ./platform/Device/SiliconLabs/EFR32BG1B/Source/system_efr32bg1b.o
                0x0000dd54                SystemHFXOClockSet
 .text.SystemInit
                0x0000dd84       0x5c ./platform/Device/SiliconLabs/EFR32BG1B/Source/system_efr32bg1b.o
                0x0000dd84                SystemInit
 .text.SystemLFRCOClockGet
                0x0000dde0       0x14 ./platform/Device/SiliconLabs/EFR32BG1B/Source/system_efr32bg1b.o
                0x0000dde0                SystemLFRCOClockGet
 .text.SystemULFRCOClockGet
                0x0000ddf4       0x14 ./platform/Device/SiliconLabs/EFR32BG1B/Source/system_efr32bg1b.o
                0x0000ddf4                SystemULFRCOClockGet
 .text.SystemLFXOClockGet
                0x0000de08       0x18 ./platform/Device/SiliconLabs/EFR32BG1B/Source/system_efr32bg1b.o
                0x0000de08                SystemLFXOClockGet
 .text.SystemLFXOClockSet
                0x0000de20       0x30 ./platform/Device/SiliconLabs/EFR32BG1B/Source/system_efr32bg1b.o
                0x0000de20                SystemLFXOClockSet
 .text.BUS_RegBitWrite
                0x0000de50       0x2c ./platform/emdrv/sleep/src/sleep.o
 .text.EMU_EM2Block
                0x0000de7c       0x14 ./platform/emdrv/sleep/src/sleep.o
 .text.sleepCallbackWrapper
                0x0000de90       0x2c ./platform/emdrv/sleep/src/sleep.o
 .text.SLEEP_Init
                0x0000debc       0x60 ./platform/emdrv/sleep/src/sleep.o
                0x0000debc                SLEEP_Init
 .text.SLEEP_SleepBlockBegin
                0x0000df1c       0x48 ./platform/emdrv/sleep/src/sleep.o
                0x0000df1c                SLEEP_SleepBlockBegin
 .text.NVIC_EnableIRQ
                0x0000df64       0x30 ./platform/emdrv/tempdrv/src/tempdrv.o
 .text.NVIC_ClearPendingIRQ
                0x0000df94       0x34 ./platform/emdrv/tempdrv/src/tempdrv.o
 .text.EMU_IntClear
                0x0000dfc8       0x1c ./platform/emdrv/tempdrv/src/tempdrv.o
 .text.EMU_IntDisable
                0x0000dfe4       0x24 ./platform/emdrv/tempdrv/src/tempdrv.o
 .text.EMU_IntEnable
                0x0000e008       0x24 ./platform/emdrv/tempdrv/src/tempdrv.o
 .text.EMU_IntGetEnabled
                0x0000e02c       0x24 ./platform/emdrv/tempdrv/src/tempdrv.o
 .text.EMU_IRQHandler
                0x0000e050        0xc ./platform/emdrv/tempdrv/src/tempdrv.o
                0x0000e050                EMU_IRQHandler
 .text.TEMPDRV_IRQHandler
                0x0000e05c       0xa0 ./platform/emdrv/tempdrv/src/tempdrv.o
                0x0000e05c                TEMPDRV_IRQHandler
 .text.errataCallback
                0x0000e0fc       0x20 ./platform/emdrv/tempdrv/src/tempdrv.o
 .text.errataStateUpdate
                0x0000e11c       0xbc ./platform/emdrv/tempdrv/src/tempdrv.o
 .text.errataInit
                0x0000e1d8       0x8c ./platform/emdrv/tempdrv/src/tempdrv.o
 .text.convertToTemp
                0x0000e264       0x58 ./platform/emdrv/tempdrv/src/tempdrv.o
 .text.convertToEmu
                0x0000e2bc       0x48 ./platform/emdrv/tempdrv/src/tempdrv.o
 .text.disableInterrupts
                0x0000e304       0x18 ./platform/emdrv/tempdrv/src/tempdrv.o
 .text.updateInterrupts
                0x0000e31c      0x140 ./platform/emdrv/tempdrv/src/tempdrv.o
 .text.TEMPDRV_Init
                0x0000e45c       0xd4 ./platform/emdrv/tempdrv/src/tempdrv.o
                0x0000e45c                TEMPDRV_Init
 .text.TEMPDRV_GetTemp
                0x0000e530       0x1c ./platform/emdrv/tempdrv/src/tempdrv.o
                0x0000e530                TEMPDRV_GetTemp
 .text.BUS_RegBitWrite
                0x0000e54c       0x2c ./platform/emlib/src/em_cmu.o
 .text.BUS_RegBitRead
                0x0000e578       0x2c ./platform/emlib/src/em_cmu.o
 .text.BUS_RegMaskedSet
                0x0000e5a4       0x24 ./platform/emlib/src/em_cmu.o
 .text.BUS_RegMaskedClear
                0x0000e5c8       0x24 ./platform/emlib/src/em_cmu.o
 .text.BUS_RegMaskedWrite
                0x0000e5ec       0x24 ./platform/emlib/src/em_cmu.o
 .text.CMU_Log2ToDiv
                0x0000e610       0x1c ./platform/emlib/src/em_cmu.o
 .text.setHfLeConfig
                0x0000e62c       0x64 ./platform/emlib/src/em_cmu.o
 .text.auxClkGet
                0x0000e690       0x20 ./platform/emlib/src/em_cmu.o
 .text.hfSrcClkGet
                0x0000e6b0       0x2c ./platform/emlib/src/em_cmu.o
 .text.dbgClkGet
                0x0000e6dc       0x40 ./platform/emlib/src/em_cmu.o
 .text.adcAsyncClkGet
                0x0000e71c       0x80 ./platform/emlib/src/em_cmu.o
 .text.flashWaitStateControl
                0x0000e79c       0x7c ./platform/emlib/src/em_cmu.o
 .text.flashWaitStateMax
                0x0000e818       0x14 ./platform/emlib/src/em_cmu.o
 .text.CMU_UpdateWaitStates
                0x0000e82c       0x18 ./platform/emlib/src/em_cmu.o
                0x0000e82c                CMU_UpdateWaitStates
 .text.getRegIshUpperVal
                0x0000e844       0x38 ./platform/emlib/src/em_cmu.o
 .text.getHfxoTuningMode
                0x0000e87c       0x1c ./platform/emlib/src/em_cmu.o
 .text.setHfxoTuningMode
                0x0000e898       0x28 ./platform/emlib/src/em_cmu.o
 .text.lfClkGet
                0x0000e8c0       0xf4 ./platform/emlib/src/em_cmu.o
 .text.syncReg  0x0000e9b4       0x38 ./platform/emlib/src/em_cmu.o
 .text.CMU_ClockEnable
                0x0000e9ec       0xcc ./platform/emlib/src/em_cmu.o
                0x0000e9ec                CMU_ClockEnable
 .text.CMU_ClockFreqGet
                0x0000eab8      0x198 ./platform/emlib/src/em_cmu.o
                0x0000eab8                CMU_ClockFreqGet
 .text.CMU_ClockPrescGet
                0x0000ec50      0x120 ./platform/emlib/src/em_cmu.o
                0x0000ec50                CMU_ClockPrescGet
 .text.CMU_ClockSelectGet
                0x0000ed70      0x19c ./platform/emlib/src/em_cmu.o
                0x0000ed70                CMU_ClockSelectGet
 .text.CMU_ClockSelectSet
                0x0000ef0c      0x260 ./platform/emlib/src/em_cmu.o
                0x0000ef0c                CMU_ClockSelectSet
 .text.CMU_HFXOAutostartEnable
                0x0000f16c       0x7c ./platform/emlib/src/em_cmu.o
                0x0000f16c                CMU_HFXOAutostartEnable
 .text.CMU_HFXOInit
                0x0000f1e8       0xf4 ./platform/emlib/src/em_cmu.o
                0x0000f1e8                CMU_HFXOInit
 .text.CMU_LFXOInit
                0x0000f2dc       0x50 ./platform/emlib/src/em_cmu.o
                0x0000f2dc                CMU_LFXOInit
 .text.CMU_OscillatorEnable
                0x0000f32c      0x174 ./platform/emlib/src/em_cmu.o
                0x0000f32c                CMU_OscillatorEnable
 .text.CMU_OscillatorTuningGet
                0x0000f4a0       0x74 ./platform/emlib/src/em_cmu.o
                0x0000f4a0                CMU_OscillatorTuningGet
 .text.CMU_OscillatorTuningSet
                0x0000f514      0x100 ./platform/emlib/src/em_cmu.o
                0x0000f514                CMU_OscillatorTuningSet
 .text.CMU_OscillatorTuningWait
                0x0000f614       0x94 ./platform/emlib/src/em_cmu.o
                0x0000f614                CMU_OscillatorTuningWait
 .text.CMU_OscillatorTuningOptimize
                0x0000f6a8       0x58 ./platform/emlib/src/em_cmu.o
                0x0000f6a8                CMU_OscillatorTuningOptimize
 .text.CORE_EnterCritical
                0x0000f700       0x20 ./platform/emlib/src/em_core.o
                0x0000f700                CORE_EnterCritical
 .text.CORE_ExitCritical
                0x0000f720       0x1c ./platform/emlib/src/em_core.o
                0x0000f720                CORE_ExitCritical
 .text.CORE_AtomicDisableIrq
                0x0000f73c       0x10 ./platform/emlib/src/em_core.o
                0x0000f73c                CORE_AtomicDisableIrq
 .text.CORE_AtomicEnableIrq
                0x0000f74c       0x10 ./platform/emlib/src/em_core.o
                0x0000f74c                CORE_AtomicEnableIrq
 .text.CORE_EnterAtomic
                0x0000f75c       0x20 ./platform/emlib/src/em_core.o
                0x0000f75c                CORE_EnterAtomic
 .text.CORE_ExitAtomic
                0x0000f77c       0x1c ./platform/emlib/src/em_core.o
                0x0000f77c                CORE_ExitAtomic
 .text.CORE_SetNvicRamTableHandler
                0x0000f798       0x44 ./platform/emlib/src/em_core.o
                0x0000f798                CORE_SetNvicRamTableHandler
 .text.CORE_InitNvicVectorTable
                0x0000f7dc       0xc8 ./platform/emlib/src/em_core.o
                0x0000f7dc                CORE_InitNvicVectorTable
 .text.CRYPTO_BurstFromCrypto
                0x0000f8a4       0x40 ./platform/emlib/src/em_crypto.o
 .text.CRYPTO_ModulusSet
                0x0000f8e4       0x88 ./platform/emlib/src/em_crypto.o
                0x0000f8e4                CRYPTO_ModulusSet
 .text.CRYPTO_KeyRead
                0x0000f96c       0x38 ./platform/emlib/src/em_crypto.o
                0x0000f96c                CRYPTO_KeyRead
 .text.SystemCoreClockUpdate
                0x0000f9a4        0xc ./platform/emlib/src/em_emu.o
 .text.BUS_RegBitWrite
                0x0000f9b0       0x2c ./platform/emlib/src/em_emu.o
 .text.BUS_RegBitRead
                0x0000f9dc       0x2c ./platform/emlib/src/em_emu.o
 .text.CMU_Lock
                0x0000fa08       0x18 ./platform/emlib/src/em_emu.o
 .text.CMU_Unlock
                0x0000fa20       0x1c ./platform/emlib/src/em_emu.o
 .text.SYSTEM_GetDevinfoRev
                0x0000fa3c       0x18 ./platform/emlib/src/em_emu.o
 .text.emState  0x0000fa54       0xcc ./platform/emlib/src/em_emu.o
 .text.dcdcFetCntSet
                0x0000fb20       0x50 ./platform/emlib/src/em_emu.o
 .text.dcdcHsFixLnBlock
                0x0000fb70       0x48 ./platform/emlib/src/em_emu.o
 .text.EMU_EnterEM2
                0x0000fbb8       0x50 ./platform/emlib/src/em_emu.o
                0x0000fbb8                EMU_EnterEM2
 .text.EMU_EnterEM3
                0x0000fc08       0x78 ./platform/emlib/src/em_emu.o
                0x0000fc08                EMU_EnterEM3
 .text.dcdcConstCalibrationLoad
                0x0000fc80       0xc4 ./platform/emlib/src/em_emu.o
 .text.dcdcValidatedConfigSet
                0x0000fd44       0xb0 ./platform/emlib/src/em_emu.o
 .text.currentLimitersUpdate
                0x0000fdf4       0xe4 ./platform/emlib/src/em_emu.o
 .text.userCurrentLimitsSet
                0x0000fed8       0x2c ./platform/emlib/src/em_emu.o
 .text.compCtrlSet
                0x0000ff04       0x3c ./platform/emlib/src/em_emu.o
 .text.lpCmpHystCalibrationLoad
                0x0000ff40       0xd0 ./platform/emlib/src/em_emu.o
 .text.lpGetDevinfoVrefLowHigh
                0x00010010      0x164 ./platform/emlib/src/em_emu.o
 .text.EMU_DCDCModeSet
                0x00010174       0xb8 ./platform/emlib/src/em_emu.o
                0x00010174                EMU_DCDCModeSet
 .text.EMU_DCDCInit
                0x0001022c      0x114 ./platform/emlib/src/em_emu.o
                0x0001022c                EMU_DCDCInit
 .text.EMU_DCDCOutputVoltageSet
                0x00010340      0x20c ./platform/emlib/src/em_emu.o
                0x00010340                EMU_DCDCOutputVoltageSet
 .text.EMU_DCDCOptimizeSlice
                0x0001054c       0xd8 ./platform/emlib/src/em_emu.o
                0x0001054c                EMU_DCDCOptimizeSlice
 .text.EMU_DCDCLnRcoBandSet
                0x00010624       0x54 ./platform/emlib/src/em_emu.o
                0x00010624                EMU_DCDCLnRcoBandSet
 .text.EMU_SetBiasMode
                0x00010678       0xa4 ./platform/emlib/src/em_emu.o
                0x00010678                EMU_SetBiasMode
 .text.BUS_RegMaskedSet
                0x0001071c       0x24 ./platform/emlib/src/em_gpio.o
 .text.BUS_RegMaskedClear
                0x00010740       0x24 ./platform/emlib/src/em_gpio.o
 .text.BUS_RegMaskedWrite
                0x00010764       0x24 ./platform/emlib/src/em_gpio.o
 .text.GPIO_PinOutClear
                0x00010788       0x58 ./platform/emlib/src/em_gpio.o
 .text.GPIO_PinOutSet
                0x000107e0       0x58 ./platform/emlib/src/em_gpio.o
 .text.GPIO_DriveStrengthSet
                0x00010838       0x60 ./platform/emlib/src/em_gpio.o
                0x00010838                GPIO_DriveStrengthSet
 .text.GPIO_PinModeSet
                0x00010898      0x10c ./platform/emlib/src/em_gpio.o
                0x00010898                GPIO_PinModeSet
 .text.LETIMER_CompareSet
                0x000109a4       0x58 ./platform/emlib/src/em_letimer.o
                0x000109a4                LETIMER_CompareSet
 .text.LETIMER_Enable
                0x000109fc       0x2c ./platform/emlib/src/em_letimer.o
                0x000109fc                LETIMER_Enable
 .text.LETIMER_Init
                0x00010a28       0xd0 ./platform/emlib/src/em_letimer.o
                0x00010a28                LETIMER_Init
 .text.MSC_Init
                0x00010af8       0x24 ./platform/emlib/src/em_msc.o
                0x00010af8                MSC_Init
 .text.MSC_Deinit
                0x00010b1c       0x24 ./platform/emlib/src/em_msc.o
                0x00010b1c                MSC_Deinit
 .text.RMU_ResetCauseClear
                0x00010b40       0x18 ./platform/emlib/src/em_rmu.o
                0x00010b40                RMU_ResetCauseClear
 .text.RMU_ResetCauseGet
                0x00010b58       0xdc ./platform/emlib/src/em_rmu.o
                0x00010b58                RMU_ResetCauseGet
 .text.RTCC_ChannelInit
                0x00010c34       0x5c ./platform/emlib/src/em_rtcc.o
                0x00010c34                RTCC_ChannelInit
 .text.RTCC_Init
                0x00010c90       0x94 ./platform/emlib/src/em_rtcc.o
                0x00010c90                RTCC_Init
 .text.SYSTEM_ChipRevisionGet
                0x00010d24       0x78 ./platform/emlib/src/em_system.o
                0x00010d24                SYSTEM_ChipRevisionGet
 .text.USART_BaudrateSyncSet
                0x00010d9c       0x40 ./platform/emlib/src/em_usart.o
                0x00010d9c                USART_BaudrateSyncSet
 .text.USART_InitSync
                0x00010ddc       0xf0 ./platform/emlib/src/em_usart.o
                0x00010ddc                USART_InitSync
 .text.USART_Reset
                0x00010ecc       0x9c ./platform/emlib/src/em_usart.o
                0x00010ecc                USART_Reset
 .text.USART_SpiTransfer
                0x00010f68       0x40 ./platform/emlib/src/em_usart.o
                0x00010f68                USART_SpiTransfer
 .text.cmu_init
                0x00010fa8       0x4c ./src/cmu.o
                0x00010fa8                cmu_init
 .text.gpio_init
                0x00010ff4       0x34 ./src/gpio.o
                0x00010ff4                gpio_init
 .text.eventDefault
                0x00011028        0x2 C:\Users\shiril\SimplicityStudio\v4_workspace\LED_BLINKY_SDK2_7\platform\radio\rail_lib\autogen\librail_release\librail_efr32xg1_gcc_release.a(rail_rf_hal.o)
 *fill*         0x0001102a        0x2 
 .text.setRssiPeriod
                0x0001102c       0x18 C:\Users\shiril\SimplicityStudio\v4_workspace\LED_BLINKY_SDK2_7\platform\radio\rail_lib\autogen\librail_release\librail_efr32xg1_gcc_release.a(rail_rf_hal.o)
 .text.RFHAL_NotifyUserOfIrCal
                0x00011044       0x80 C:\Users\shiril\SimplicityStudio\v4_workspace\LED_BLINKY_SDK2_7\platform\radio\rail_lib\autogen\librail_release\librail_efr32xg1_gcc_release.a(rail_rf_hal.o)
 *fill*         0x000110c4        0x4 
 .text.GENERIC_PHY_EventCallback
                0x000110c8      0x19c C:\Users\shiril\SimplicityStudio\v4_workspace\LED_BLINKY_SDK2_7\platform\radio\rail_lib\autogen\librail_release\librail_efr32xg1_gcc_release.a(rail_rf_hal.o)
                0x000110c8                GENERIC_PHY_EventCallback
 .text.RFHAL_IntEnable
                0x00011264       0x56 C:\Users\shiril\SimplicityStudio\v4_workspace\LED_BLINKY_SDK2_7\platform\radio\rail_lib\autogen\librail_release\librail_efr32xg1_gcc_release.a(rail_rf_hal.o)
                0x00011264                RFHAL_IntEnable
 *fill*         0x000112ba        0x2 
 .text.RFHAL_SetEventCallback
                0x000112bc       0x18 C:\Users\shiril\SimplicityStudio\v4_workspace\LED_BLINKY_SDK2_7\platform\radio\rail_lib\autogen\librail_release\librail_efr32xg1_gcc_release.a(rail_rf_hal.o)
                0x000112bc                RFHAL_SetEventCallback
 .text.RFHAL_SetPtiProtocol
                0x000112d4       0x20 C:\Users\shiril\SimplicityStudio\v4_workspace\LED_BLINKY_SDK2_7\platform\radio\rail_lib\autogen\librail_release\librail_efr32xg1_gcc_release.a(rail_rf_hal.o)
                0x000112d4                RFHAL_SetPtiProtocol
 .text.RFHAL_Idle
                0x000112f4       0x40 C:\Users\shiril\SimplicityStudio\v4_workspace\LED_BLINKY_SDK2_7\platform\radio\rail_lib\autogen\librail_release\librail_efr32xg1_gcc_release.a(rail_rf_hal.o)
                0x000112f4                RFHAL_Idle
 .text.RFHAL_GetRadioState
                0x00011334       0x7c C:\Users\shiril\SimplicityStudio\v4_workspace\LED_BLINKY_SDK2_7\platform\radio\rail_lib\autogen\librail_release\librail_efr32xg1_gcc_release.a(rail_rf_hal.o)
                0x00011334                RFHAL_GetRadioState
 .text.RFHAL_OkToTransmit
                0x000113b0       0x14 C:\Users\shiril\SimplicityStudio\v4_workspace\LED_BLINKY_SDK2_7\platform\radio\rail_lib\autogen\librail_release\librail_efr32xg1_gcc_release.a(rail_rf_hal.o)
                0x000113b0                RFHAL_OkToTransmit
 .text.RFHAL_ScheduleRx
                0x000113c4       0x74 C:\Users\shiril\SimplicityStudio\v4_workspace\LED_BLINKY_SDK2_7\platform\radio\rail_lib\autogen\librail_release\librail_efr32xg1_gcc_release.a(rail_rf_hal.o)
                0x000113c4                RFHAL_ScheduleRx
 .text.RFHAL_EnableRxRawCapture
                0x00011438       0x5c C:\Users\shiril\SimplicityStudio\v4_workspace\LED_BLINKY_SDK2_7\platform\radio\rail_lib\autogen\librail_release\librail_efr32xg1_gcc_release.a(rail_rf_hal.o)
                0x00011438                RFHAL_EnableRxRawCapture
 .text.RFHAL_DisableRxRawCapture
                0x00011494       0x38 C:\Users\shiril\SimplicityStudio\v4_workspace\LED_BLINKY_SDK2_7\platform\radio\rail_lib\autogen\librail_release\librail_efr32xg1_gcc_release.a(rail_rf_hal.o)
                0x00011494                RFHAL_DisableRxRawCapture
 .text.RFHAL_AcceptCrcErrors
                0x000114cc       0x18 C:\Users\shiril\SimplicityStudio\v4_workspace\LED_BLINKY_SDK2_7\platform\radio\rail_lib\autogen\librail_release\librail_efr32xg1_gcc_release.a(rail_rf_hal.o)
                0x000114cc                RFHAL_AcceptCrcErrors
 .text.RFHAL_ConfigRxOptions
                0x000114e4       0x74 C:\Users\shiril\SimplicityStudio\v4_workspace\LED_BLINKY_SDK2_7\platform\radio\rail_lib\autogen\librail_release\librail_efr32xg1_gcc_release.a(rail_rf_hal.o)
                0x000114e4                RFHAL_ConfigRxOptions
 .text.RFHAL_CancelTimer
                0x00011558       0x28 C:\Users\shiril\SimplicityStudio\v4_workspace\LED_BLINKY_SDK2_7\platform\radio\rail_lib\autogen\librail_release\librail_efr32xg1_gcc_release.a(rail_rf_hal.o)
                0x00011558                RFHAL_CancelTimer
 .text.RFHAL_SetTimer
                0x00011580       0x80 C:\Users\shiril\SimplicityStudio\v4_workspace\LED_BLINKY_SDK2_7\platform\radio\rail_lib\autogen\librail_release\librail_efr32xg1_gcc_release.a(rail_rf_hal.o)
                0x00011580                RFHAL_SetTimer
 .text.RFHAL_SetTxTransitions
                0x00011600       0x1c C:\Users\shiril\SimplicityStudio\v4_workspace\LED_BLINKY_SDK2_7\platform\radio\rail_lib\autogen\librail_release\librail_efr32xg1_gcc_release.a(rail_rf_hal.o)
                0x00011600                RFHAL_SetTxTransitions
 .text.RFHAL_SetRxTransitions
                0x0001161c       0x1c C:\Users\shiril\SimplicityStudio\v4_workspace\LED_BLINKY_SDK2_7\platform\radio\rail_lib\autogen\librail_release\librail_efr32xg1_gcc_release.a(rail_rf_hal.o)
                0x0001161c                RFHAL_SetRxTransitions
 .text.RFHAL_SetCRCInitVal
                0x00011638        0x4 C:\Users\shiril\SimplicityStudio\v4_workspace\LED_BLINKY_SDK2_7\platform\radio\rail_lib\autogen\librail_release\librail_efr32xg1_gcc_release.a(rail_rf_hal.o)
                0x00011638                RFHAL_SetCRCInitVal
 .text.RFHAL_ConfigTxPower
                0x0001163c        0xc C:\Users\shiril\SimplicityStudio\v4_workspace\LED_BLINKY_SDK2_7\platform\radio\rail_lib\autogen\librail_release\librail_efr32xg1_gcc_release.a(rail_rf_hal.o)
                0x0001163c                RFHAL_ConfigTxPower
 .text.RFHAL_SetTxPowerUnchecked
                0x00011648       0x18 C:\Users\shiril\SimplicityStudio\v4_workspace\LED_BLINKY_SDK2_7\platform\radio\rail_lib\autogen\librail_release\librail_efr32xg1_gcc_release.a(rail_rf_hal.o)
                0x00011648                RFHAL_SetTxPowerUnchecked
 .text.RFHAL_SetTxPower
                0x00011660       0x3c C:\Users\shiril\SimplicityStudio\v4_workspace\LED_BLINKY_SDK2_7\platform\radio\rail_lib\autogen\librail_release\librail_efr32xg1_gcc_release.a(rail_rf_hal.o)
                0x00011660                RFHAL_SetTxPower
 .text.RFHAL_GetTxPowerConfig
                0x0001169c        0xc C:\Users\shiril\SimplicityStudio\v4_workspace\LED_BLINKY_SDK2_7\platform\radio\rail_lib\autogen\librail_release\librail_efr32xg1_gcc_release.a(rail_rf_hal.o)
                0x0001169c                RFHAL_GetTxPowerConfig
 .text.RFHAL_GetTxPower
                0x000116a8        0x4 C:\Users\shiril\SimplicityStudio\v4_workspace\LED_BLINKY_SDK2_7\platform\radio\rail_lib\autogen\librail_release\librail_efr32xg1_gcc_release.a(rail_rf_hal.o)
                0x000116a8                RFHAL_GetTxPower
 .text.RFHAL_SetChannel
                0x000116ac       0x98 C:\Users\shiril\SimplicityStudio\v4_workspace\LED_BLINKY_SDK2_7\platform\radio\rail_lib\autogen\librail_release\librail_efr32xg1_gcc_release.a(rail_rf_hal.o)
                0x000116ac                RFHAL_SetChannel
 .text.RFHAL_IsAutoAckEnabled
                0x00011744        0x6 C:\Users\shiril\SimplicityStudio\v4_workspace\LED_BLINKY_SDK2_7\platform\radio\rail_lib\autogen\librail_release\librail_efr32xg1_gcc_release.a(rail_rf_hal.o)
                0x00011744                RFHAL_IsAutoAckEnabled
 *fill*         0x0001174a        0x2 
 .text.RFHAL_AutoAckWaitForAck
                0x0001174c       0x18 C:\Users\shiril\SimplicityStudio\v4_workspace\LED_BLINKY_SDK2_7\platform\radio\rail_lib\autogen\librail_release\librail_efr32xg1_gcc_release.a(rail_rf_hal.o)
                0x0001174c                RFHAL_AutoAckWaitForAck
 .text.preTxOps
                0x00011764       0xc4 C:\Users\shiril\SimplicityStudio\v4_workspace\LED_BLINKY_SDK2_7\platform\radio\rail_lib\autogen\librail_release\librail_efr32xg1_gcc_release.a(rail_rf_hal.o)
 .text.RFHAL_StartTx
                0x00011828       0x12 C:\Users\shiril\SimplicityStudio\v4_workspace\LED_BLINKY_SDK2_7\platform\radio\rail_lib\autogen\librail_release\librail_efr32xg1_gcc_release.a(rail_rf_hal.o)
                0x00011828                RFHAL_StartTx
 .text.RFHAL_StartScheduledTx
                0x0001183a       0x3a C:\Users\shiril\SimplicityStudio\v4_workspace\LED_BLINKY_SDK2_7\platform\radio\rail_lib\autogen\librail_release\librail_efr32xg1_gcc_release.a(rail_rf_hal.o)
                0x0001183a                RFHAL_StartScheduledTx
 .text.RFHAL_GetRxPacketInfo
                0x00011874       0x48 C:\Users\shiril\SimplicityStudio\v4_workspace\LED_BLINKY_SDK2_7\platform\radio\rail_lib\autogen\librail_release\librail_efr32xg1_gcc_release.a(rail_rf_hal.o)
                0x00011874                RFHAL_GetRxPacketInfo
 .text.RFHAL_GetRxPacketDetails
                0x000118bc       0xcc C:\Users\shiril\SimplicityStudio\v4_workspace\LED_BLINKY_SDK2_7\platform\radio\rail_lib\autogen\librail_release\librail_efr32xg1_gcc_release.a(rail_rf_hal.o)
                0x000118bc                RFHAL_GetRxPacketDetails
 .text.RFHAL_SetTxBuffer
                0x00011988       0x3a C:\Users\shiril\SimplicityStudio\v4_workspace\LED_BLINKY_SDK2_7\platform\radio\rail_lib\autogen\librail_release\librail_efr32xg1_gcc_release.a(rail_rf_hal.o)
                0x00011988                RFHAL_SetTxBuffer
 *fill*         0x000119c2        0x2 
 .text.RFHAL_ResetTxFifo
                0x000119c4       0x2c C:\Users\shiril\SimplicityStudio\v4_workspace\LED_BLINKY_SDK2_7\platform\radio\rail_lib\autogen\librail_release\librail_efr32xg1_gcc_release.a(rail_rf_hal.o)
                0x000119c4                RFHAL_ResetTxFifo
 .text.RFHAL_WriteTxFifo
                0x000119f0       0x28 C:\Users\shiril\SimplicityStudio\v4_workspace\LED_BLINKY_SDK2_7\platform\radio\rail_lib\autogen\librail_release\librail_efr32xg1_gcc_release.a(rail_rf_hal.o)
                0x000119f0                RFHAL_WriteTxFifo
 .text.RFHAL_ResetRxFifo
                0x00011a18       0x40 C:\Users\shiril\SimplicityStudio\v4_workspace\LED_BLINKY_SDK2_7\platform\radio\rail_lib\autogen\librail_release\librail_efr32xg1_gcc_release.a(rail_rf_hal.o)
                0x00011a18                RFHAL_ResetRxFifo
 .text.RFHAL_ConfigData
                0x00011a58       0x7c C:\Users\shiril\SimplicityStudio\v4_workspace\LED_BLINKY_SDK2_7\platform\radio\rail_lib\autogen\librail_release\librail_efr32xg1_gcc_release.a(rail_rf_hal.o)
                0x00011a58                RFHAL_ConfigData
 .text.RFHAL_Init
                0x00011ad4       0xa0 C:\Users\shiril\SimplicityStudio\v4_workspace\LED_BLINKY_SDK2_7\platform\radio\rail_lib\autogen\librail_release\librail_efr32xg1_gcc_release.a(rail_rf_hal.o)
                0x00011ad4                RFHAL_Init
 .text.RFHAL_SetFixedLength
                0x00011b74       0x8c C:\Users\shiril\SimplicityStudio\v4_workspace\LED_BLINKY_SDK2_7\platform\radio\rail_lib\autogen\librail_release\librail_efr32xg1_gcc_release.a(rail_rf_hal.o)
                0x00011b74                RFHAL_SetFixedLength
 .text.RFHAL_SetAbortScheduledTxDuringRx
                0x00011c00       0x18 C:\Users\shiril\SimplicityStudio\v4_workspace\LED_BLINKY_SDK2_7\platform\radio\rail_lib\autogen\librail_release\librail_efr32xg1_gcc_release.a(rail_rf_hal.o)
                0x00011c00                RFHAL_SetAbortScheduledTxDuringRx
 .text.RFHAL_ConfigRadio
                0x00011c18       0xe0 C:\Users\shiril\SimplicityStudio\v4_workspace\LED_BLINKY_SDK2_7\platform\radio\rail_lib\autogen\librail_release\librail_efr32xg1_gcc_release.a(rail_rf_hal.o)
                0x00011c18                RFHAL_ConfigRadio
 .text.RFHAL_GetTime
                0x00011cf8        0xe C:\Users\shiril\SimplicityStudio\v4_workspace\LED_BLINKY_SDK2_7\platform\radio\rail_lib\autogen\librail_release\librail_efr32xg1_gcc_release.a(rail_rf_hal.o)
                0x00011cf8                RFHAL_GetTime
 .text.RFHAL_GetRadioEntropy
                0x00011d06        0x4 C:\Users\shiril\SimplicityStudio\v4_workspace\LED_BLINKY_SDK2_7\platform\radio\rail_lib\autogen\librail_release\librail_efr32xg1_gcc_release.a(rail_rf_hal.o)
                0x00011d06                RFHAL_GetRadioEntropy
 .text.RFHAL_SetStateTiming
                0x00011d0a       0x4e C:\Users\shiril\SimplicityStudio\v4_workspace\LED_BLINKY_SDK2_7\platform\radio\rail_lib\autogen\librail_release\librail_efr32xg1_gcc_release.a(rail_rf_hal.o)
                0x00011d0a                RFHAL_SetStateTiming
 .text.RAIL_Init
                0x00011d58       0x20 C:\Users\shiril\SimplicityStudio\v4_workspace\LED_BLINKY_SDK2_7\platform\radio\rail_lib\autogen\librail_release\librail_efr32xg1_gcc_release.a(rail_singleprotocol.o)
                0x00011d58                RAIL_Init
 .text.RAIL_GetSchedulerStatus
                0x00011d78        0x4 C:\Users\shiril\SimplicityStudio\v4_workspace\LED_BLINKY_SDK2_7\platform\radio\rail_lib\autogen\librail_release\librail_efr32xg1_gcc_release.a(rail_singleprotocol.o)
                0x00011d78                RAIL_GetSchedulerStatus
 .text.RAIL_Idle
                0x00011d7c        0x8 C:\Users\shiril\SimplicityStudio\v4_workspace\LED_BLINKY_SDK2_7\platform\radio\rail_lib\autogen\librail_release\librail_efr32xg1_gcc_release.a(rail_singleprotocol.o)
                0x00011d7c                RAIL_Idle
 .text.RAIL_YieldRadio
                0x00011d84        0x2 C:\Users\shiril\SimplicityStudio\v4_workspace\LED_BLINKY_SDK2_7\platform\radio\rail_lib\autogen\librail_release\librail_efr32xg1_gcc_release.a(rail_singleprotocol.o)
                0x00011d84                RAIL_YieldRadio
 .text.RAIL_GetRadioEntropy
                0x00011d86        0x8 C:\Users\shiril\SimplicityStudio\v4_workspace\LED_BLINKY_SDK2_7\platform\radio\rail_lib\autogen\librail_release\librail_efr32xg1_gcc_release.a(rail_singleprotocol.o)
                0x00011d86                RAIL_GetRadioEntropy
 .text.RAIL_SetTimer
                0x00011d8e       0x14 C:\Users\shiril\SimplicityStudio\v4_workspace\LED_BLINKY_SDK2_7\platform\radio\rail_lib\autogen\librail_release\librail_efr32xg1_gcc_release.a(rail_singleprotocol.o)
                0x00011d8e                RAIL_SetTimer
 .text.RAIL_CancelTimer
                0x00011da2        0x4 C:\Users\shiril\SimplicityStudio\v4_workspace\LED_BLINKY_SDK2_7\platform\radio\rail_lib\autogen\librail_release\librail_efr32xg1_gcc_release.a(rail_singleprotocol.o)
                0x00011da2                RAIL_CancelTimer
 .text.RAIL_StartTx
                0x00011da6        0xa C:\Users\shiril\SimplicityStudio\v4_workspace\LED_BLINKY_SDK2_7\platform\radio\rail_lib\autogen\librail_release\librail_efr32xg1_gcc_release.a(rail_singleprotocol.o)
                0x00011da6                RAIL_StartTx
 .text.RAIL_StartScheduledTx
                0x00011db0        0xa C:\Users\shiril\SimplicityStudio\v4_workspace\LED_BLINKY_SDK2_7\platform\radio\rail_lib\autogen\librail_release\librail_efr32xg1_gcc_release.a(rail_singleprotocol.o)
                0x00011db0                RAIL_StartScheduledTx
 .text.RAIL_ScheduleRx
                0x00011dba        0xa C:\Users\shiril\SimplicityStudio\v4_workspace\LED_BLINKY_SDK2_7\platform\radio\rail_lib\autogen\librail_release\librail_efr32xg1_gcc_release.a(rail_singleprotocol.o)
                0x00011dba                RAIL_ScheduleRx
 .text.radioConfigChangedDefault
                0x00011dc4        0x2 C:\Users\shiril\SimplicityStudio\v4_workspace\LED_BLINKY_SDK2_7\platform\radio\rail_lib\autogen\librail_release\librail_efr32xg1_gcc_release.a(rail_rf.o)
 .text.isTransitionState
                0x00011dc6       0x12 C:\Users\shiril\SimplicityStudio\v4_workspace\LED_BLINKY_SDK2_7\platform\radio\rail_lib\autogen\librail_release\librail_efr32xg1_gcc_release.a(rail_rf.o)
 .text.RAILCore_Init
                0x00011dd8       0x12 C:\Users\shiril\SimplicityStudio\v4_workspace\LED_BLINKY_SDK2_7\platform\radio\rail_lib\autogen\librail_release\librail_efr32xg1_gcc_release.a(rail_rf.o)
                0x00011dd8                RAILCore_Init
 *fill*         0x00011dea        0x2 
 .text.RAILInt_SetCallbackConfig
                0x00011dec       0x20 C:\Users\shiril\SimplicityStudio\v4_workspace\LED_BLINKY_SDK2_7\platform\radio\rail_lib\autogen\librail_release\librail_efr32xg1_gcc_release.a(rail_rf.o)
                0x00011dec                RAILInt_SetCallbackConfig
 .text.RAILCore_Idle
                0x00011e0c       0x14 C:\Users\shiril\SimplicityStudio\v4_workspace\LED_BLINKY_SDK2_7\platform\radio\rail_lib\autogen\librail_release\librail_efr32xg1_gcc_release.a(rail_rf.o)
                0x00011e0c                RAILCore_Idle
 .text.RAILCore_GetRadioState
                0x00011e20        0x4 C:\Users\shiril\SimplicityStudio\v4_workspace\LED_BLINKY_SDK2_7\platform\radio\rail_lib\autogen\librail_release\librail_efr32xg1_gcc_release.a(rail_rf.o)
                0x00011e20                RAILCore_GetRadioState
 .text.RAIL_SetStateTiming
                0x00011e24        0xa C:\Users\shiril\SimplicityStudio\v4_workspace\LED_BLINKY_SDK2_7\platform\radio\rail_lib\autogen\librail_release\librail_efr32xg1_gcc_release.a(rail_rf.o)
                0x00011e24                RAIL_SetStateTiming
 *fill*         0x00011e2e        0x2 
 .text.RAILInt_IsPowerInRange
                0x00011e30       0x3c C:\Users\shiril\SimplicityStudio\v4_workspace\LED_BLINKY_SDK2_7\platform\radio\rail_lib\autogen\librail_release\librail_efr32xg1_gcc_release.a(rail_rf.o)
                0x00011e30                RAILInt_IsPowerInRange
 .text.RAILInt_SetChannel
                0x00011e6c      0x1d8 C:\Users\shiril\SimplicityStudio\v4_workspace\LED_BLINKY_SDK2_7\platform\radio\rail_lib\autogen\librail_release\librail_efr32xg1_gcc_release.a(rail_rf.o)
                0x00011e6c                RAILInt_SetChannel
 .text.RAILCore_ConfigChannels
                0x00012044       0x58 C:\Users\shiril\SimplicityStudio\v4_workspace\LED_BLINKY_SDK2_7\platform\radio\rail_lib\autogen\librail_release\librail_efr32xg1_gcc_release.a(rail_rf.o)
                0x00012044                RAILCore_ConfigChannels
 .text.RAILInt_GetChannel
                0x0001209c        0x4 C:\Users\shiril\SimplicityStudio\v4_workspace\LED_BLINKY_SDK2_7\platform\radio\rail_lib\autogen\librail_release\librail_efr32xg1_gcc_release.a(rail_rf.o)
                0x0001209c                RAILInt_GetChannel
 .text.RAILCore_SetTxTransitions
                0x000120a0       0x3c C:\Users\shiril\SimplicityStudio\v4_workspace\LED_BLINKY_SDK2_7\platform\radio\rail_lib\autogen\librail_release\librail_efr32xg1_gcc_release.a(rail_rf.o)
                0x000120a0                RAILCore_SetTxTransitions
 .text.RAIL_SetTxTransitions
                0x000120dc        0xa C:\Users\shiril\SimplicityStudio\v4_workspace\LED_BLINKY_SDK2_7\platform\radio\rail_lib\autogen\librail_release\librail_efr32xg1_gcc_release.a(rail_rf.o)
                0x000120dc                RAIL_SetTxTransitions
 .text.RAILCore_SetRxTransitions
                0x000120e6       0x38 C:\Users\shiril\SimplicityStudio\v4_workspace\LED_BLINKY_SDK2_7\platform\radio\rail_lib\autogen\librail_release\librail_efr32xg1_gcc_release.a(rail_rf.o)
                0x000120e6                RAILCore_SetRxTransitions
 .text.RAIL_SetRxTransitions
                0x0001211e        0xa C:\Users\shiril\SimplicityStudio\v4_workspace\LED_BLINKY_SDK2_7\platform\radio\rail_lib\autogen\librail_release\librail_efr32xg1_gcc_release.a(rail_rf.o)
                0x0001211e                RAIL_SetRxTransitions
 .text.RAIL_ConfigEvents
                0x00012128       0x14 C:\Users\shiril\SimplicityStudio\v4_workspace\LED_BLINKY_SDK2_7\platform\radio\rail_lib\autogen\librail_release\librail_efr32xg1_gcc_release.a(rail_rf.o)
                0x00012128                RAIL_ConfigEvents
 .text.RAIL_ConfigRxOptions
                0x0001213c        0xa C:\Users\shiril\SimplicityStudio\v4_workspace\LED_BLINKY_SDK2_7\platform\radio\rail_lib\autogen\librail_release\librail_efr32xg1_gcc_release.a(rail_rx.o)
                0x0001213c                RAIL_ConfigRxOptions
 .text.RAILCore_ScheduleRx
                0x00012146       0x2c C:\Users\shiril\SimplicityStudio\v4_workspace\LED_BLINKY_SDK2_7\platform\radio\rail_lib\autogen\librail_release\librail_efr32xg1_gcc_release.a(rail_rx.o)
                0x00012146                RAILCore_ScheduleRx
 .text.RAILInt_PreTxOps
                0x00012172       0x1c C:\Users\shiril\SimplicityStudio\v4_workspace\LED_BLINKY_SDK2_7\platform\radio\rail_lib\autogen\librail_release\librail_efr32xg1_gcc_release.a(rail_tx.o)
                0x00012172                RAILInt_PreTxOps
 .text.RAILCore_StartTx
                0x0001218e       0x1a C:\Users\shiril\SimplicityStudio\v4_workspace\LED_BLINKY_SDK2_7\platform\radio\rail_lib\autogen\librail_release\librail_efr32xg1_gcc_release.a(rail_tx.o)
                0x0001218e                RAILCore_StartTx
 .text.RAILCore_StartScheduledTx
                0x000121a8       0x1e C:\Users\shiril\SimplicityStudio\v4_workspace\LED_BLINKY_SDK2_7\platform\radio\rail_lib\autogen\librail_release\librail_efr32xg1_gcc_release.a(rail_tx.o)
                0x000121a8                RAILCore_StartScheduledTx
 .text.RAIL_SetTxPower
                0x000121c6        0xa C:\Users\shiril\SimplicityStudio\v4_workspace\LED_BLINKY_SDK2_7\platform\radio\rail_lib\autogen\librail_release\librail_efr32xg1_gcc_release.a(rail_tx.o)
                0x000121c6                RAIL_SetTxPower
 .text.RAIL_GetTxPower
                0x000121d0        0xa C:\Users\shiril\SimplicityStudio\v4_workspace\LED_BLINKY_SDK2_7\platform\radio\rail_lib\autogen\librail_release\librail_efr32xg1_gcc_release.a(rail_tx.o)
                0x000121d0                RAIL_GetTxPower
 .text.RAIL_ConfigTxPower
                0x000121da       0x1a C:\Users\shiril\SimplicityStudio\v4_workspace\LED_BLINKY_SDK2_7\platform\radio\rail_lib\autogen\librail_release\librail_efr32xg1_gcc_release.a(rail_tx.o)
                0x000121da                RAIL_ConfigTxPower
 .text.RAILInt_PendCal
                0x000121f4       0x24 C:\Users\shiril\SimplicityStudio\v4_workspace\LED_BLINKY_SDK2_7\platform\radio\rail_lib\autogen\librail_release\librail_efr32xg1_gcc_release.a(rail_calibration.o)
                0x000121f4                RAILInt_PendCal
 .text.RAILCb_AssertFailed
                0x00012218       0x14 C:\Users\shiril\SimplicityStudio\v4_workspace\LED_BLINKY_SDK2_7\platform\radio\rail_lib\autogen\librail_release\librail_efr32xg1_gcc_release.a(rail_assert.o)
                0x00012218                RAILCb_AssertFailed
 .text.RAILInt_Assert
                0x0001222c       0x1c C:\Users\shiril\SimplicityStudio\v4_workspace\LED_BLINKY_SDK2_7\platform\radio\rail_lib\autogen\librail_release\librail_efr32xg1_gcc_release.a(rail_assert.o)
                0x0001222c                RAILInt_Assert
 .text.RAILCore_GetRadioEntropy
                0x00012248        0x4 C:\Users\shiril\SimplicityStudio\v4_workspace\LED_BLINKY_SDK2_7\platform\radio\rail_lib\autogen\librail_release\librail_efr32xg1_gcc_release.a(rail_rssi.o)
                0x00012248                RAILCore_GetRadioEntropy
 .text.BUFC_ReadHelper
                0x0001224c       0x7c C:\Users\shiril\SimplicityStudio\v4_workspace\LED_BLINKY_SDK2_7\platform\radio\rail_lib\autogen\librail_release\librail_efr32xg1_gcc_release.a(bufc.o)
 .text.checkAndAddRxLenOverflowEntry
                0x000122c8       0x3c C:\Users\shiril\SimplicityStudio\v4_workspace\LED_BLINKY_SDK2_7\platform\radio\rail_lib\autogen\librail_release\librail_efr32xg1_gcc_release.a(bufc.o)
 .text.BUFC_SetTxBuffer
                0x00012304       0x38 C:\Users\shiril\SimplicityStudio\v4_workspace\LED_BLINKY_SDK2_7\platform\radio\rail_lib\autogen\librail_release\librail_efr32xg1_gcc_release.a(bufc.o)
                0x00012304                BUFC_SetTxBuffer
 .text.BUFC_WriteBuffer
                0x0001233c       0xa8 C:\Users\shiril\SimplicityStudio\v4_workspace\LED_BLINKY_SDK2_7\platform\radio\rail_lib\autogen\librail_release\librail_efr32xg1_gcc_release.a(bufc.o)
                0x0001233c                BUFC_WriteBuffer
 .text.BUFC_Peek
                0x000123e4       0x12 C:\Users\shiril\SimplicityStudio\v4_workspace\LED_BLINKY_SDK2_7\platform\radio\rail_lib\autogen\librail_release\librail_efr32xg1_gcc_release.a(bufc.o)
                0x000123e4                BUFC_Peek
 .text.BUFC_PeekByte
                0x000123f6       0x34 C:\Users\shiril\SimplicityStudio\v4_workspace\LED_BLINKY_SDK2_7\platform\radio\rail_lib\autogen\librail_release\librail_efr32xg1_gcc_release.a(bufc.o)
                0x000123f6                BUFC_PeekByte
 *fill*         0x0001242a        0x2 
 .text.BUFC_GetSpaceAvailable
                0x0001242c       0x28 C:\Users\shiril\SimplicityStudio\v4_workspace\LED_BLINKY_SDK2_7\platform\radio\rail_lib\autogen\librail_release\librail_efr32xg1_gcc_release.a(bufc.o)
                0x0001242c                BUFC_GetSpaceAvailable
 .text.BUFC_GetBytesAvailable
                0x00012454       0x14 C:\Users\shiril\SimplicityStudio\v4_workspace\LED_BLINKY_SDK2_7\platform\radio\rail_lib\autogen\librail_release\librail_efr32xg1_gcc_release.a(bufc.o)
                0x00012454                BUFC_GetBytesAvailable
 .text.BUFC_TxAckBufferSet
                0x00012468       0x38 C:\Users\shiril\SimplicityStudio\v4_workspace\LED_BLINKY_SDK2_7\platform\radio\rail_lib\autogen\librail_release\librail_efr32xg1_gcc_release.a(bufc.o)
                0x00012468                BUFC_TxAckBufferSet
 .text.BUFC_TxAckBufferReset
                0x000124a0        0x8 C:\Users\shiril\SimplicityStudio\v4_workspace\LED_BLINKY_SDK2_7\platform\radio\rail_lib\autogen\librail_release\librail_efr32xg1_gcc_release.a(bufc.o)
                0x000124a0                BUFC_TxAckBufferReset
 .text.BUFC_RxBufferReset
                0x000124a8       0x5c C:\Users\shiril\SimplicityStudio\v4_workspace\LED_BLINKY_SDK2_7\platform\radio\rail_lib\autogen\librail_release\librail_efr32xg1_gcc_release.a(bufc.o)
                0x000124a8                BUFC_RxBufferReset
 .text.BUFC_Init
                0x00012504       0x98 C:\Users\shiril\SimplicityStudio\v4_workspace\LED_BLINKY_SDK2_7\platform\radio\rail_lib\autogen\librail_release\librail_efr32xg1_gcc_release.a(bufc.o)
                0x00012504                BUFC_Init
 .text.BUFC_RxBufferBytesAvailable
                0x0001259c       0x10 C:\Users\shiril\SimplicityStudio\v4_workspace\LED_BLINKY_SDK2_7\platform\radio\rail_lib\autogen\librail_release\librail_efr32xg1_gcc_release.a(bufc.o)
                0x0001259c                BUFC_RxBufferBytesAvailable
 .text.BUFC_ReleaseRxPacket
                0x000125ac      0x10c C:\Users\shiril\SimplicityStudio\v4_workspace\LED_BLINKY_SDK2_7\platform\radio\rail_lib\autogen\librail_release\librail_efr32xg1_gcc_release.a(bufc.o)
                0x000125ac                BUFC_ReleaseRxPacket
 .text.BUFC_StartRxLenThrEvent
                0x000126b8       0x8c C:\Users\shiril\SimplicityStudio\v4_workspace\LED_BLINKY_SDK2_7\platform\radio\rail_lib\autogen\librail_release\librail_efr32xg1_gcc_release.a(bufc.o)
                0x000126b8                BUFC_StartRxLenThrEvent
 .text.BUFC_EndRxLenThrEvent
                0x00012744       0x1c C:\Users\shiril\SimplicityStudio\v4_workspace\LED_BLINKY_SDK2_7\platform\radio\rail_lib\autogen\librail_release\librail_efr32xg1_gcc_release.a(bufc.o)
                0x00012744                BUFC_EndRxLenThrEvent
 .text.BUFC_HandleRxLenOvfEvent
                0x00012760       0x28 C:\Users\shiril\SimplicityStudio\v4_workspace\LED_BLINKY_SDK2_7\platform\radio\rail_lib\autogen\librail_release\librail_efr32xg1_gcc_release.a(bufc.o)
                0x00012760                BUFC_HandleRxLenOvfEvent
 .text.BUFC_GetRxPacketInfo
                0x00012788      0x138 C:\Users\shiril\SimplicityStudio\v4_workspace\LED_BLINKY_SDK2_7\platform\radio\rail_lib\autogen\librail_release\librail_efr32xg1_gcc_release.a(bufc.o)
                0x00012788                BUFC_GetRxPacketInfo
 .text.IRCAL_Set
                0x000128c0       0x1c C:\Users\shiril\SimplicityStudio\v4_workspace\LED_BLINKY_SDK2_7\platform\radio\rail_lib\autogen\librail_release\librail_efr32xg1_gcc_release.a(ir_cal.o)
                0x000128c0                IRCAL_Set
 .text.IRCAL_Init
                0x000128dc       0xa8 C:\Users\shiril\SimplicityStudio\v4_workspace\LED_BLINKY_SDK2_7\platform\radio\rail_lib\autogen\librail_release\librail_efr32xg1_gcc_release.a(ir_cal.o)
                0x000128dc                IRCAL_Init
 .text.PA_ProtectPa
                0x00012984       0xbc C:\Users\shiril\SimplicityStudio\v4_workspace\LED_BLINKY_SDK2_7\platform\radio\rail_lib\autogen\librail_release\librail_efr32xg1_gcc_release.a(pa.o)
 .text.getRampTimeFromLevelAndRate
                0x00012a40       0x20 C:\Users\shiril\SimplicityStudio\v4_workspace\LED_BLINKY_SDK2_7\platform\radio\rail_lib\autogen\librail_release\librail_efr32xg1_gcc_release.a(pa.o)
 .text.PA_GetTxPowerConfig
                0x00012a60       0x14 C:\Users\shiril\SimplicityStudio\v4_workspace\LED_BLINKY_SDK2_7\platform\radio\rail_lib\autogen\librail_release\librail_efr32xg1_gcc_release.a(pa.o)
                0x00012a60                PA_GetTxPowerConfig
 .text.PA_GetPowerLevel
                0x00012a74        0xc C:\Users\shiril\SimplicityStudio\v4_workspace\LED_BLINKY_SDK2_7\platform\radio\rail_lib\autogen\librail_release\librail_efr32xg1_gcc_release.a(pa.o)
                0x00012a74                PA_GetPowerLevel
 .text.PA_SetPowerLevel
                0x00012a80      0x194 C:\Users\shiril\SimplicityStudio\v4_workspace\LED_BLINKY_SDK2_7\platform\radio\rail_lib\autogen\librail_release\librail_efr32xg1_gcc_release.a(pa.o)
                0x00012a80                PA_SetPowerLevel
 .text.PA_RunPeakDetectorHigh
                0x00012c14       0x4c C:\Users\shiril\SimplicityStudio\v4_workspace\LED_BLINKY_SDK2_7\platform\radio\rail_lib\autogen\librail_release\librail_efr32xg1_gcc_release.a(pa.o)
                0x00012c14                PA_RunPeakDetectorHigh
 .text.PA_RunPeakDetectorLow
                0x00012c60        0x2 C:\Users\shiril\SimplicityStudio\v4_workspace\LED_BLINKY_SDK2_7\platform\radio\rail_lib\autogen\librail_release\librail_efr32xg1_gcc_release.a(pa.o)
                0x00012c60                PA_RunPeakDetectorLow
 *fill*         0x00012c62        0x2 
 .text.PA_RunBatHigh
                0x00012c64       0x2c C:\Users\shiril\SimplicityStudio\v4_workspace\LED_BLINKY_SDK2_7\platform\radio\rail_lib\autogen\librail_release\librail_efr32xg1_gcc_release.a(pa.o)
                0x00012c64                PA_RunBatHigh
 .text.PA_GetRampTime
                0x00012c90        0xc C:\Users\shiril\SimplicityStudio\v4_workspace\LED_BLINKY_SDK2_7\platform\radio\rail_lib\autogen\librail_release\librail_efr32xg1_gcc_release.a(pa.o)
                0x00012c90                PA_GetRampTime
 .text.PA_ConfigRamp
                0x00012c9c       0x20 C:\Users\shiril\SimplicityStudio\v4_workspace\LED_BLINKY_SDK2_7\platform\radio\rail_lib\autogen\librail_release\librail_efr32xg1_gcc_release.a(pa.o)
                0x00012c9c                PA_ConfigRamp
 .text.PA_CalcRampTime
                0x00012cbc       0x44 C:\Users\shiril\SimplicityStudio\v4_workspace\LED_BLINKY_SDK2_7\platform\radio\rail_lib\autogen\librail_release\librail_efr32xg1_gcc_release.a(pa.o)
                0x00012cbc                PA_CalcRampTime
 .text.PA_SetRampTime
                0x00012d00       0xac C:\Users\shiril\SimplicityStudio\v4_workspace\LED_BLINKY_SDK2_7\platform\radio\rail_lib\autogen\librail_release\librail_efr32xg1_gcc_release.a(pa.o)
                0x00012d00                PA_SetRampTime
 .text.PA_SelectBand
                0x00012dac       0x50 C:\Users\shiril\SimplicityStudio\v4_workspace\LED_BLINKY_SDK2_7\platform\radio\rail_lib\autogen\librail_release\librail_efr32xg1_gcc_release.a(pa.o)
                0x00012dac                PA_SelectBand
 .text.PA_Config
                0x00012dfc      0x15c C:\Users\shiril\SimplicityStudio\v4_workspace\LED_BLINKY_SDK2_7\platform\radio\rail_lib\autogen\librail_release\librail_efr32xg1_gcc_release.a(pa.o)
                0x00012dfc                PA_Config
 .text.PA_UpdateConfig
                0x00012f58       0x38 C:\Users\shiril\SimplicityStudio\v4_workspace\LED_BLINKY_SDK2_7\platform\radio\rail_lib\autogen\librail_release\librail_efr32xg1_gcc_release.a(pa.o)
                0x00012f58                PA_UpdateConfig
 .text.PROTIMER_Init
                0x00012f90      0x108 C:\Users\shiril\SimplicityStudio\v4_workspace\LED_BLINKY_SDK2_7\platform\radio\rail_lib\autogen\librail_release\librail_efr32xg1_gcc_release.a(protimer.o)
                0x00012f90                PROTIMER_Init
 .text.PROTIMER_Start
                0x00013098       0x1c C:\Users\shiril\SimplicityStudio\v4_workspace\LED_BLINKY_SDK2_7\platform\radio\rail_lib\autogen\librail_release\librail_efr32xg1_gcc_release.a(protimer.o)
                0x00013098                PROTIMER_Start
 .text.PROTIMER_IsRunning
                0x000130b4       0x10 C:\Users\shiril\SimplicityStudio\v4_workspace\LED_BLINKY_SDK2_7\platform\radio\rail_lib\autogen\librail_release\librail_efr32xg1_gcc_release.a(protimer.o)
                0x000130b4                PROTIMER_IsRunning
 .text.PROTIMER_ElapsedTime
                0x000130c4       0x18 C:\Users\shiril\SimplicityStudio\v4_workspace\LED_BLINKY_SDK2_7\platform\radio\rail_lib\autogen\librail_release\librail_efr32xg1_gcc_release.a(protimer.o)
                0x000130c4                PROTIMER_ElapsedTime
 .text.PROTIMER_CCTimerStop
                0x000130dc       0x20 C:\Users\shiril\SimplicityStudio\v4_workspace\LED_BLINKY_SDK2_7\platform\radio\rail_lib\autogen\librail_release\librail_efr32xg1_gcc_release.a(protimer.o)
                0x000130dc                PROTIMER_CCTimerStop
 .text.PROTIMER_CCTimerStart
                0x000130fc      0x164 C:\Users\shiril\SimplicityStudio\v4_workspace\LED_BLINKY_SDK2_7\platform\radio\rail_lib\autogen\librail_release\librail_efr32xg1_gcc_release.a(protimer.o)
                0x000130fc                PROTIMER_CCTimerStart
 .text.PROTIMER_WrapMultiple
                0x00013260       0x12 C:\Users\shiril\SimplicityStudio\v4_workspace\LED_BLINKY_SDK2_7\platform\radio\rail_lib\autogen\librail_release\librail_efr32xg1_gcc_release.a(protimer.o)
                0x00013260                PROTIMER_WrapMultiple
 *fill*         0x00013272        0x2 
 .text.PROTIMER_CCTimerIsEnabled
                0x00013274       0x10 C:\Users\shiril\SimplicityStudio\v4_workspace\LED_BLINKY_SDK2_7\platform\radio\rail_lib\autogen\librail_release\librail_efr32xg1_gcc_release.a(protimer.o)
                0x00013274                PROTIMER_CCTimerIsEnabled
 .text.PROTIMER_CCTimerCapture
                0x00013284       0x14 C:\Users\shiril\SimplicityStudio\v4_workspace\LED_BLINKY_SDK2_7\platform\radio\rail_lib\autogen\librail_release\librail_efr32xg1_gcc_release.a(protimer.o)
                0x00013284                PROTIMER_CCTimerCapture
 .text.PROTIMER_ScheduleTxEnable
                0x00013298       0x2c C:\Users\shiril\SimplicityStudio\v4_workspace\LED_BLINKY_SDK2_7\platform\radio\rail_lib\autogen\librail_release\librail_efr32xg1_gcc_release.a(protimer.o)
                0x00013298                PROTIMER_ScheduleTxEnable
 .text.PROTIMER_ClearTxEnable
                0x000132c4        0xc C:\Users\shiril\SimplicityStudio\v4_workspace\LED_BLINKY_SDK2_7\platform\radio\rail_lib\autogen\librail_release\librail_efr32xg1_gcc_release.a(protimer.o)
                0x000132c4                PROTIMER_ClearTxEnable
 .text.PROTIMER_ScheduleRxEnable
                0x000132d0       0x2c C:\Users\shiril\SimplicityStudio\v4_workspace\LED_BLINKY_SDK2_7\platform\radio\rail_lib\autogen\librail_release\librail_efr32xg1_gcc_release.a(protimer.o)
                0x000132d0                PROTIMER_ScheduleRxEnable
 .text.PROTIMER_ScheduleRxDisable
                0x000132fc       0x38 C:\Users\shiril\SimplicityStudio\v4_workspace\LED_BLINKY_SDK2_7\platform\radio\rail_lib\autogen\librail_release\librail_efr32xg1_gcc_release.a(protimer.o)
                0x000132fc                PROTIMER_ScheduleRxDisable
 .text.PROTIMER_ClearRxEnable
                0x00013334       0x10 C:\Users\shiril\SimplicityStudio\v4_workspace\LED_BLINKY_SDK2_7\platform\radio\rail_lib\autogen\librail_release\librail_efr32xg1_gcc_release.a(protimer.o)
                0x00013334                PROTIMER_ClearRxEnable
 .text.PROTIMER_GetTime
                0x00013344        0xc C:\Users\shiril\SimplicityStudio\v4_workspace\LED_BLINKY_SDK2_7\platform\radio\rail_lib\autogen\librail_release\librail_efr32xg1_gcc_release.a(protimer.o)
                0x00013344                PROTIMER_GetTime
 .text.PROTIMER_LBTStop
                0x00013350       0x18 C:\Users\shiril\SimplicityStudio\v4_workspace\LED_BLINKY_SDK2_7\platform\radio\rail_lib\autogen\librail_release\librail_efr32xg1_gcc_release.a(protimer.o)
                0x00013350                PROTIMER_LBTStop
 .text.PROTIMER_PrecntOverflowToUs
                0x00013368       0x38 C:\Users\shiril\SimplicityStudio\v4_workspace\LED_BLINKY_SDK2_7\platform\radio\rail_lib\autogen\librail_release\librail_efr32xg1_gcc_release.a(protimer.o)
                0x00013368                PROTIMER_PrecntOverflowToUs
 .text.PROTIMER_UsToPrecntOverflow
                0x000133a0       0x2c C:\Users\shiril\SimplicityStudio\v4_workspace\LED_BLINKY_SDK2_7\platform\radio\rail_lib\autogen\librail_release\librail_efr32xg1_gcc_release.a(protimer.o)
                0x000133a0                PROTIMER_UsToPrecntOverflow
 .text.PROTIMER_DelayUs
                0x000133cc       0x44 C:\Users\shiril\SimplicityStudio\v4_workspace\LED_BLINKY_SDK2_7\platform\radio\rail_lib\autogen\librail_release\librail_efr32xg1_gcc_release.a(protimer.o)
                0x000133cc                PROTIMER_DelayUs
 .text.PROTIMER_CheckCcaReallyFailed
                0x00013410       0xbc C:\Users\shiril\SimplicityStudio\v4_workspace\LED_BLINKY_SDK2_7\platform\radio\rail_lib\autogen\librail_release\librail_efr32xg1_gcc_release.a(protimer.o)
                0x00013410                PROTIMER_CheckCcaReallyFailed
 .text.PTI_EnableAppendedInfo
                0x000134cc       0x18 C:\Users\shiril\SimplicityStudio\v4_workspace\LED_BLINKY_SDK2_7\platform\radio\rail_lib\autogen\librail_release\librail_efr32xg1_gcc_release.a(pti.o)
                0x000134cc                PTI_EnableAppendedInfo
 .text.PTI_Enable
                0x000134e4       0x58 C:\Users\shiril\SimplicityStudio\v4_workspace\LED_BLINKY_SDK2_7\platform\radio\rail_lib\autogen\librail_release\librail_efr32xg1_gcc_release.a(pti.o)
                0x000134e4                PTI_Enable
 .text.PTI_AuxdataOutput
                0x0001353c       0x1c C:\Users\shiril\SimplicityStudio\v4_workspace\LED_BLINKY_SDK2_7\platform\radio\rail_lib\autogen\librail_release\librail_efr32xg1_gcc_release.a(pti.o)
                0x0001353c                PTI_AuxdataOutput
 .text.PTI_EnableSyncword
                0x00013558       0x18 C:\Users\shiril\SimplicityStudio\v4_workspace\LED_BLINKY_SDK2_7\platform\radio\rail_lib\autogen\librail_release\librail_efr32xg1_gcc_release.a(pti.o)
                0x00013558                PTI_EnableSyncword
 .text.RADIO_SetAndForgetWrite
                0x00013570       0x8c C:\Users\shiril\SimplicityStudio\v4_workspace\LED_BLINKY_SDK2_7\platform\radio\rail_lib\autogen\librail_release\librail_efr32xg1_gcc_release.a(radio.o)
                0x00013570                RADIO_SetAndForgetWrite
 .text.RADIO_SeqInit
                0x000135fc       0x68 C:\Users\shiril\SimplicityStudio\v4_workspace\LED_BLINKY_SDK2_7\platform\radio\rail_lib\autogen\librail_release\librail_efr32xg1_gcc_release.a(radio.o)
                0x000135fc                RADIO_SeqInit
 .text.RADIO_CLKEnable
                0x00013664       0x68 C:\Users\shiril\SimplicityStudio\v4_workspace\LED_BLINKY_SDK2_7\platform\radio\rail_lib\autogen\librail_release\librail_efr32xg1_gcc_release.a(radio.o)
                0x00013664                RADIO_CLKEnable
 .text.RADIO_Init
                0x000136cc       0x40 C:\Users\shiril\SimplicityStudio\v4_workspace\LED_BLINKY_SDK2_7\platform\radio\rail_lib\autogen\librail_release\librail_efr32xg1_gcc_release.a(radio.o)
                0x000136cc                RADIO_Init
 .text.RADIO_Config
                0x0001370c       0xa8 C:\Users\shiril\SimplicityStudio\v4_workspace\LED_BLINKY_SDK2_7\platform\radio\rail_lib\autogen\librail_release\librail_efr32xg1_gcc_release.a(radio.o)
                0x0001370c                RADIO_Config
 .text.RADIO_IsRxOnForRssi
                0x000137b4       0x18 C:\Users\shiril\SimplicityStudio\v4_workspace\LED_BLINKY_SDK2_7\platform\radio\rail_lib\autogen\librail_release\librail_efr32xg1_gcc_release.a(radio.o)
                0x000137b4                RADIO_IsRxOnForRssi
 .text.RADIO_RxTrailDataLength
                0x000137cc       0x3c C:\Users\shiril\SimplicityStudio\v4_workspace\LED_BLINKY_SDK2_7\platform\radio\rail_lib\autogen\librail_release\librail_efr32xg1_gcc_release.a(radio.o)
                0x000137cc                RADIO_RxTrailDataLength
 .text.RADIO_FrameControlDescrBufferIdSet
                0x00013808       0x20 C:\Users\shiril\SimplicityStudio\v4_workspace\LED_BLINKY_SDK2_7\platform\radio\rail_lib\autogen\librail_release\librail_efr32xg1_gcc_release.a(radio.o)
                0x00013808                RADIO_FrameControlDescrBufferIdSet
 .text.RADIO_ComputeTxBaudrate
                0x00013828       0x28 C:\Users\shiril\SimplicityStudio\v4_workspace\LED_BLINKY_SDK2_7\platform\radio\rail_lib\autogen\librail_release\librail_efr32xg1_gcc_release.a(radio.o)
                0x00013828                RADIO_ComputeTxBaudrate
 .text.RADIO_ComputeTxSymbolRate
                0x00013850       0x2c C:\Users\shiril\SimplicityStudio\v4_workspace\LED_BLINKY_SDK2_7\platform\radio\rail_lib\autogen\librail_release\librail_efr32xg1_gcc_release.a(radio.o)
                0x00013850                RADIO_ComputeTxSymbolRate
 .text.RADIO_ComputeTxBitRate
                0x0001387c       0x50 C:\Users\shiril\SimplicityStudio\v4_workspace\LED_BLINKY_SDK2_7\platform\radio\rail_lib\autogen\librail_release\librail_efr32xg1_gcc_release.a(radio.o)
                0x0001387c                RADIO_ComputeTxBitRate
 .text.RADIO_GetRssi
                0x000138cc       0x54 C:\Users\shiril\SimplicityStudio\v4_workspace\LED_BLINKY_SDK2_7\platform\radio\rail_lib\autogen\librail_release\librail_efr32xg1_gcc_release.a(radio.o)
                0x000138cc                RADIO_GetRssi
 .text.RADIO_SetCRCInitVal
                0x00013920       0x10 C:\Users\shiril\SimplicityStudio\v4_workspace\LED_BLINKY_SDK2_7\platform\radio\rail_lib\autogen\librail_release\librail_efr32xg1_gcc_release.a(radio.o)
                0x00013920                RADIO_SetCRCInitVal
 .text.RADIO_RACClearRxOverflow
                0x00013930       0x20 C:\Users\shiril\SimplicityStudio\v4_workspace\LED_BLINKY_SDK2_7\platform\radio\rail_lib\autogen\librail_release\librail_efr32xg1_gcc_release.a(radio.o)
                0x00013930                RADIO_RACClearRxOverflow
 .text.RFSENSE_Disable
                0x00013950       0x44 C:\Users\shiril\SimplicityStudio\v4_workspace\LED_BLINKY_SDK2_7\platform\radio\rail_lib\autogen\librail_release\librail_efr32xg1_gcc_release.a(rfsense.o)
 .text.RFSENSE_Sensed
                0x00013994       0x50 C:\Users\shiril\SimplicityStudio\v4_workspace\LED_BLINKY_SDK2_7\platform\radio\rail_lib\autogen\librail_release\librail_efr32xg1_gcc_release.a(rfsense.o)
                0x00013994                RFSENSE_Sensed
 .text.RFSENSE_IRQHandler
                0x000139e4        0x4 C:\Users\shiril\SimplicityStudio\v4_workspace\LED_BLINKY_SDK2_7\platform\radio\rail_lib\autogen\librail_release\librail_efr32xg1_gcc_release.a(rfsense.o)
                0x000139e4                RFSENSE_IRQHandler
 .text.RTCCSYNC_Init
                0x000139e8       0x10 C:\Users\shiril\SimplicityStudio\v4_workspace\LED_BLINKY_SDK2_7\platform\radio\rail_lib\autogen\librail_release\librail_efr32xg1_gcc_release.a(rtccsync.o)
                0x000139e8                RTCCSYNC_Init
 .text.SYNTH_RfFreqGet
                0x000139f8        0xc C:\Users\shiril\SimplicityStudio\v4_workspace\LED_BLINKY_SDK2_7\platform\radio\rail_lib\autogen\librail_release\librail_efr32xg1_gcc_release.a(synth.o)
                0x000139f8                SYNTH_RfFreqGet
 .text.SYNTH_ChSpacingGet
                0x00013a04        0xc C:\Users\shiril\SimplicityStudio\v4_workspace\LED_BLINKY_SDK2_7\platform\radio\rail_lib\autogen\librail_release\librail_efr32xg1_gcc_release.a(synth.o)
                0x00013a04                SYNTH_ChSpacingGet
 .text.SYNTH_LoDivGet
                0x00013a10       0x20 C:\Users\shiril\SimplicityStudio\v4_workspace\LED_BLINKY_SDK2_7\platform\radio\rail_lib\autogen\librail_release\librail_efr32xg1_gcc_release.a(synth.o)
                0x00013a10                SYNTH_LoDivGet
 .text.SYNTH_Is2p4GHz
                0x00013a30       0x14 C:\Users\shiril\SimplicityStudio\v4_workspace\LED_BLINKY_SDK2_7\platform\radio\rail_lib\autogen\librail_release\librail_efr32xg1_gcc_release.a(synth.o)
                0x00013a30                SYNTH_Is2p4GHz
 .text.SYNTH_VcoRangeIsValid
                0x00013a44       0x30 C:\Users\shiril\SimplicityStudio\v4_workspace\LED_BLINKY_SDK2_7\platform\radio\rail_lib\autogen\librail_release\librail_efr32xg1_gcc_release.a(synth.o)
                0x00013a44                SYNTH_VcoRangeIsValid
 .text.SYNTH_RetimeLimitsConfig
                0x00013a74       0x64 C:\Users\shiril\SimplicityStudio\v4_workspace\LED_BLINKY_SDK2_7\platform\radio\rail_lib\autogen\librail_release\librail_efr32xg1_gcc_release.a(synth.o)
                0x00013a74                SYNTH_RetimeLimitsConfig
 .text.SYNTH_RetimeClkConfig
                0x00013ad8       0xb4 C:\Users\shiril\SimplicityStudio\v4_workspace\LED_BLINKY_SDK2_7\platform\radio\rail_lib\autogen\librail_release\librail_efr32xg1_gcc_release.a(synth.o)
                0x00013ad8                SYNTH_RetimeClkConfig
 .text.SYNTH_Config
                0x00013b8c      0x108 C:\Users\shiril\SimplicityStudio\v4_workspace\LED_BLINKY_SDK2_7\platform\radio\rail_lib\autogen\librail_release\librail_efr32xg1_gcc_release.a(synth.o)
                0x00013b8c                SYNTH_Config
 .text.SYNTH_ChannelSet
                0x00013c94       0x40 C:\Users\shiril\SimplicityStudio\v4_workspace\LED_BLINKY_SDK2_7\platform\radio\rail_lib\autogen\librail_release\librail_efr32xg1_gcc_release.a(synth.o)
                0x00013c94                SYNTH_ChannelSet
 .text.SYNTH_DCDCRetimeClkSet
                0x00013cd4       0x6c C:\Users\shiril\SimplicityStudio\v4_workspace\LED_BLINKY_SDK2_7\platform\radio\rail_lib\autogen\librail_release\librail_efr32xg1_gcc_release.a(synth.o)
                0x00013cd4                SYNTH_DCDCRetimeClkSet
 .text.SYNTH_DCDCRetimeEnable
                0x00013d40       0x18 C:\Users\shiril\SimplicityStudio\v4_workspace\LED_BLINKY_SDK2_7\platform\radio\rail_lib\autogen\librail_release\librail_efr32xg1_gcc_release.a(synth.o)
                0x00013d40                SYNTH_DCDCRetimeEnable
 .text.SYNTH_DCDCRetimeDisable
                0x00013d58       0x18 C:\Users\shiril\SimplicityStudio\v4_workspace\LED_BLINKY_SDK2_7\platform\radio\rail_lib\autogen\librail_release\librail_efr32xg1_gcc_release.a(synth.o)
                0x00013d58                SYNTH_DCDCRetimeDisable
 .text.SYNTH_KvnFreqCompensationEnable
                0x00013d70        0xc C:\Users\shiril\SimplicityStudio\v4_workspace\LED_BLINKY_SDK2_7\platform\radio\rail_lib\autogen\librail_release\librail_efr32xg1_gcc_release.a(synth.o)
                0x00013d70                SYNTH_KvnFreqCompensationEnable
 .text.RADIOCMU_ClockEnable
                0x00013d7c       0x40 C:\Users\shiril\SimplicityStudio\v4_workspace\LED_BLINKY_SDK2_7\platform\radio\rail_lib\autogen\librail_release\librail_efr32xg1_gcc_release.a(radio_cmu.o)
                0x00013d7c                RADIOCMU_ClockEnable
 .text.RADIOCMU_ClockFreqGet
                0x00013dbc       0x88 C:\Users\shiril\SimplicityStudio\v4_workspace\LED_BLINKY_SDK2_7\platform\radio\rail_lib\autogen\librail_release\librail_efr32xg1_gcc_release.a(radio_cmu.o)
                0x00013dbc                RADIOCMU_ClockFreqGet
 .text.RADIOCMU_ClockPrescGet
                0x00013e44       0x1c C:\Users\shiril\SimplicityStudio\v4_workspace\LED_BLINKY_SDK2_7\platform\radio\rail_lib\autogen\librail_release\librail_efr32xg1_gcc_release.a(radio_cmu.o)
                0x00013e44                RADIOCMU_ClockPrescGet
 .text.TEMPCAL_Init
                0x00013e60       0x40 C:\Users\shiril\SimplicityStudio\v4_workspace\LED_BLINKY_SDK2_7\platform\radio\rail_lib\autogen\librail_release\librail_efr32xg1_gcc_release.a(tempcal.o)
                0x00013e60                TEMPCAL_Init
 .text.TIMING_PreambleSyncBits
                0x00013ea0       0x2c C:\Users\shiril\SimplicityStudio\v4_workspace\LED_BLINKY_SDK2_7\platform\radio\rail_lib\autogen\librail_release\librail_efr32xg1_gcc_release.a(timings.o)
 .text.TIMING_CalcAdjustUs
                0x00013ecc       0x28 C:\Users\shiril\SimplicityStudio\v4_workspace\LED_BLINKY_SDK2_7\platform\radio\rail_lib\autogen\librail_release\librail_efr32xg1_gcc_release.a(timings.o)
 .text.TIMING_SeqTimingInit
                0x00013ef4        0x2 C:\Users\shiril\SimplicityStudio\v4_workspace\LED_BLINKY_SDK2_7\platform\radio\rail_lib\autogen\librail_release\librail_efr32xg1_gcc_release.a(timings.o)
                0x00013ef4                TIMING_SeqTimingInit
 *fill*         0x00013ef6        0x2 
 .text.TIMING_NsToStimerTickCalcSigned
                0x00013ef8       0x28 C:\Users\shiril\SimplicityStudio\v4_workspace\LED_BLINKY_SDK2_7\platform\radio\rail_lib\autogen\librail_release\librail_efr32xg1_gcc_release.a(timings.o)
                0x00013ef8                TIMING_NsToStimerTickCalcSigned
 .text.TIMING_NsToStimerTickCalc
                0x00013f20        0xc C:\Users\shiril\SimplicityStudio\v4_workspace\LED_BLINKY_SDK2_7\platform\radio\rail_lib\autogen\librail_release\librail_efr32xg1_gcc_release.a(timings.o)
                0x00013f20                TIMING_NsToStimerTickCalc
 .text.TIMING_InitStimer
                0x00013f2c       0x58 C:\Users\shiril\SimplicityStudio\v4_workspace\LED_BLINKY_SDK2_7\platform\radio\rail_lib\autogen\librail_release\librail_efr32xg1_gcc_release.a(timings.o)
                0x00013f2c                TIMING_InitStimer
 .text.TIMING_TxWarmTimeRecalculate
                0x00013f84       0x34 C:\Users\shiril\SimplicityStudio\v4_workspace\LED_BLINKY_SDK2_7\platform\radio\rail_lib\autogen\librail_release\librail_efr32xg1_gcc_release.a(timings.o)
                0x00013f84                TIMING_TxWarmTimeRecalculate
 .text.TIMING_TxWarmTimeSet
                0x00013fb8       0x18 C:\Users\shiril\SimplicityStudio\v4_workspace\LED_BLINKY_SDK2_7\platform\radio\rail_lib\autogen\librail_release\librail_efr32xg1_gcc_release.a(timings.o)
                0x00013fb8                TIMING_TxWarmTimeSet
 .text.TIMING_RxToTxTimeRecalculate
                0x00013fd0       0x34 C:\Users\shiril\SimplicityStudio\v4_workspace\LED_BLINKY_SDK2_7\platform\radio\rail_lib\autogen\librail_release\librail_efr32xg1_gcc_release.a(timings.o)
                0x00013fd0                TIMING_RxToTxTimeRecalculate
 .text.TIMING_RxFrameToTxTimeRecalculate
                0x00014004       0x38 C:\Users\shiril\SimplicityStudio\v4_workspace\LED_BLINKY_SDK2_7\platform\radio\rail_lib\autogen\librail_release\librail_efr32xg1_gcc_release.a(timings.o)
                0x00014004                TIMING_RxFrameToTxTimeRecalculate
 .text.TIMING_RxFrameToTxTimeSet
                0x0001403c       0x18 C:\Users\shiril\SimplicityStudio\v4_workspace\LED_BLINKY_SDK2_7\platform\radio\rail_lib\autogen\librail_release\librail_efr32xg1_gcc_release.a(timings.o)
                0x0001403c                TIMING_RxFrameToTxTimeSet
 .text.TIMING_TxToTxTimeRecalculate
                0x00014054       0x24 C:\Users\shiril\SimplicityStudio\v4_workspace\LED_BLINKY_SDK2_7\platform\radio\rail_lib\autogen\librail_release\librail_efr32xg1_gcc_release.a(timings.o)
                0x00014054                TIMING_TxToTxTimeRecalculate
 .text.TIMING_TxToRxTimeRecalculate
                0x00014078       0x24 C:\Users\shiril\SimplicityStudio\v4_workspace\LED_BLINKY_SDK2_7\platform\radio\rail_lib\autogen\librail_release\librail_efr32xg1_gcc_release.a(timings.o)
                0x00014078                TIMING_TxToRxTimeRecalculate
 .text.TIMING_TxToRxTimeSet
                0x0001409c       0x18 C:\Users\shiril\SimplicityStudio\v4_workspace\LED_BLINKY_SDK2_7\platform\radio\rail_lib\autogen\librail_release\librail_efr32xg1_gcc_release.a(timings.o)
                0x0001409c                TIMING_TxToRxTimeSet
 .text.TIMING_RxWarmTimeRecalculate
                0x000140b4       0x20 C:\Users\shiril\SimplicityStudio\v4_workspace\LED_BLINKY_SDK2_7\platform\radio\rail_lib\autogen\librail_release\librail_efr32xg1_gcc_release.a(timings.o)
                0x000140b4                TIMING_RxWarmTimeRecalculate
 .text.TIMING_RxWarmTimeSet
                0x000140d4       0x18 C:\Users\shiril\SimplicityStudio\v4_workspace\LED_BLINKY_SDK2_7\platform\radio\rail_lib\autogen\librail_release\librail_efr32xg1_gcc_release.a(timings.o)
                0x000140d4                TIMING_RxWarmTimeSet
 .text.TIMING_RxSearchTimeRecalculate
                0x000140ec       0x28 C:\Users\shiril\SimplicityStudio\v4_workspace\LED_BLINKY_SDK2_7\platform\radio\rail_lib\autogen\librail_release\librail_efr32xg1_gcc_release.a(timings.o)
                0x000140ec                TIMING_RxSearchTimeRecalculate
 .text.TIMING_RxSearchTimeSet
                0x00014114       0x10 C:\Users\shiril\SimplicityStudio\v4_workspace\LED_BLINKY_SDK2_7\platform\radio\rail_lib\autogen\librail_release\librail_efr32xg1_gcc_release.a(timings.o)
                0x00014114                TIMING_RxSearchTimeSet
 .text.TIMING_TxToRxSearchTimeRecalculate
                0x00014124       0x28 C:\Users\shiril\SimplicityStudio\v4_workspace\LED_BLINKY_SDK2_7\platform\radio\rail_lib\autogen\librail_release\librail_efr32xg1_gcc_release.a(timings.o)
                0x00014124                TIMING_TxToRxSearchTimeRecalculate
 .text.TIMING_TxToRxSearchTimeSet
                0x0001414c       0x10 C:\Users\shiril\SimplicityStudio\v4_workspace\LED_BLINKY_SDK2_7\platform\radio\rail_lib\autogen\librail_release\librail_efr32xg1_gcc_release.a(timings.o)
                0x0001414c                TIMING_TxToRxSearchTimeSet
 .text.TIMING_RecalculateAll
                0x0001415c       0x3a C:\Users\shiril\SimplicityStudio\v4_workspace\LED_BLINKY_SDK2_7\platform\radio\rail_lib\autogen\librail_release\librail_efr32xg1_gcc_release.a(timings.o)
                0x0001415c                TIMING_RecalculateAll
 .text.TIMING_RecalculatePaRampChanged
                0x00014196       0x22 C:\Users\shiril\SimplicityStudio\v4_workspace\LED_BLINKY_SDK2_7\platform\radio\rail_lib\autogen\librail_release\librail_efr32xg1_gcc_release.a(timings.o)
                0x00014196                TIMING_RecalculatePaRampChanged
 .text.TIMING_SetChainDelays
                0x000141b8        0x8 C:\Users\shiril\SimplicityStudio\v4_workspace\LED_BLINKY_SDK2_7\platform\radio\rail_lib\autogen\librail_release\librail_efr32xg1_gcc_release.a(timings.o)
                0x000141b8                TIMING_SetChainDelays
 .text.TIMING_SetRxDoneDelay
                0x000141c0        0x6 C:\Users\shiril\SimplicityStudio\v4_workspace\LED_BLINKY_SDK2_7\platform\radio\rail_lib\autogen\librail_release\librail_efr32xg1_gcc_release.a(timings.o)
                0x000141c0                TIMING_SetRxDoneDelay
 .text.TIMING_CalcRxTimeStampUs
                0x000141c6       0x7a C:\Users\shiril\SimplicityStudio\v4_workspace\LED_BLINKY_SDK2_7\platform\radio\rail_lib\autogen\librail_release\librail_efr32xg1_gcc_release.a(timings.o)
                0x000141c6                TIMING_CalcRxTimeStampUs
 .text.RFRAND_GetRadioEntropy
                0x00014240       0xf0 C:\Users\shiril\SimplicityStudio\v4_workspace\LED_BLINKY_SDK2_7\platform\radio\rail_lib\autogen\librail_release\librail_efr32xg1_gcc_release.a(rf_rand.o)
                0x00014240                RFRAND_GetRadioEntropy
 .text.RFRAND_SeedProtimerRandom
                0x00014330       0x3c C:\Users\shiril\SimplicityStudio\v4_workspace\LED_BLINKY_SDK2_7\platform\radio\rail_lib\autogen\librail_release\librail_efr32xg1_gcc_release.a(rf_rand.o)
                0x00014330                RFRAND_SeedProtimerRandom
 .text.RAIL_GetTxPowerCurve
                0x0001436c       0x14 C:\Users\shiril\SimplicityStudio\v4_workspace\LED_BLINKY_SDK2_7\platform\radio\rail_lib\autogen\librail_release\librail_efr32xg1_gcc_release.a(pa_conversions_efr32.o)
                0x0001436c                RAIL_GetTxPowerCurve
 .text.RAIL_InitTxPowerCurves
                0x00014380       0x2c C:\Users\shiril\SimplicityStudio\v4_workspace\LED_BLINKY_SDK2_7\platform\radio\rail_lib\autogen\librail_release\librail_efr32xg1_gcc_release.a(pa_conversions_efr32.o)
                0x00014380                RAIL_InitTxPowerCurves
 .text.RAIL_ConvertDbmToRaw
                0x000143ac       0xe4 C:\Users\shiril\SimplicityStudio\v4_workspace\LED_BLINKY_SDK2_7\platform\radio\rail_lib\autogen\librail_release\librail_efr32xg1_gcc_release.a(pa_conversions_efr32.o)
                0x000143ac                RAIL_ConvertDbmToRaw
 .text.RAIL_ConvertRawToDbm
                0x00014490       0xb4 C:\Users\shiril\SimplicityStudio\v4_workspace\LED_BLINKY_SDK2_7\platform\radio\rail_lib\autogen\librail_release\librail_efr32xg1_gcc_release.a(pa_conversions_efr32.o)
                0x00014490                RAIL_ConvertRawToDbm
 .text.GENERIC_PHY_ConfigureRollbackReporting
                0x00014544       0x64 C:\Users\shiril\SimplicityStudio\v4_workspace\LED_BLINKY_SDK2_7\platform\radio\rail_lib\autogen\librail_release\librail_efr32xg1_gcc_release.a(generic_phy.o)
 .text.GENERIC_PHY_ClearPendedRxWindowEnd
                0x000145a8       0x1c C:\Users\shiril\SimplicityStudio\v4_workspace\LED_BLINKY_SDK2_7\platform\radio\rail_lib\autogen\librail_release\librail_efr32xg1_gcc_release.a(generic_phy.o)
 .text.RADIO_RACRxAbort
                0x000145c4       0x3c C:\Users\shiril\SimplicityStudio\v4_workspace\LED_BLINKY_SDK2_7\platform\radio\rail_lib\autogen\librail_release\librail_efr32xg1_gcc_release.a(generic_phy.o)
 .text.GENERIC_PHY_RxOverflowHook
                0x00014600       0x34 C:\Users\shiril\SimplicityStudio\v4_workspace\LED_BLINKY_SDK2_7\platform\radio\rail_lib\autogen\librail_release\librail_efr32xg1_gcc_release.a(generic_phy.o)
 .text.GENERIC_PHY_DisableRadioIrqs
                0x00014634       0x50 C:\Users\shiril\SimplicityStudio\v4_workspace\LED_BLINKY_SDK2_7\platform\radio\rail_lib\autogen\librail_release\librail_efr32xg1_gcc_release.a(generic_phy.o)
 .text.GENERIC_PHY_CheckPendedRxWindowEnd
                0x00014684       0x3c C:\Users\shiril\SimplicityStudio\v4_workspace\LED_BLINKY_SDK2_7\platform\radio\rail_lib\autogen\librail_release\librail_efr32xg1_gcc_release.a(generic_phy.o)
 .text.GENERIC_PHY_ConfigureEvents
                0x000146c0      0x35c C:\Users\shiril\SimplicityStudio\v4_workspace\LED_BLINKY_SDK2_7\platform\radio\rail_lib\autogen\librail_release\librail_efr32xg1_gcc_release.a(generic_phy.o)
                0x000146c0                GENERIC_PHY_ConfigureEvents
 .text.GENERIC_PHY_PacketTxCommon
                0x00014a1c       0x3c C:\Users\shiril\SimplicityStudio\v4_workspace\LED_BLINKY_SDK2_7\platform\radio\rail_lib\autogen\librail_release\librail_efr32xg1_gcc_release.a(generic_phy.o)
                0x00014a1c                GENERIC_PHY_PacketTxCommon
 .text.GENERIC_PHY_PacketTx
                0x00014a58       0x40 C:\Users\shiril\SimplicityStudio\v4_workspace\LED_BLINKY_SDK2_7\platform\radio\rail_lib\autogen\librail_release\librail_efr32xg1_gcc_release.a(generic_phy.o)
                0x00014a58                GENERIC_PHY_PacketTx
 .text.GENERIC_PHY_SchedulePacketRx
                0x00014a98      0x10c C:\Users\shiril\SimplicityStudio\v4_workspace\LED_BLINKY_SDK2_7\platform\radio\rail_lib\autogen\librail_release\librail_efr32xg1_gcc_release.a(generic_phy.o)
                0x00014a98                GENERIC_PHY_SchedulePacketRx
 .text.GENERIC_PHY_SchedulePacketTx
                0x00014ba4       0x7c C:\Users\shiril\SimplicityStudio\v4_workspace\LED_BLINKY_SDK2_7\platform\radio\rail_lib\autogen\librail_release\librail_efr32xg1_gcc_release.a(generic_phy.o)
                0x00014ba4                GENERIC_PHY_SchedulePacketTx
 .text.GENERIC_PHY_ChannelSet
                0x00014c20        0x6 C:\Users\shiril\SimplicityStudio\v4_workspace\LED_BLINKY_SDK2_7\platform\radio\rail_lib\autogen\librail_release\librail_efr32xg1_gcc_release.a(generic_phy.o)
                0x00014c20                GENERIC_PHY_ChannelSet
 *fill*         0x00014c26        0x2 
 .text.GENERIC_PHY_SeqAtomicLock
                0x00014c28       0x34 C:\Users\shiril\SimplicityStudio\v4_workspace\LED_BLINKY_SDK2_7\platform\radio\rail_lib\autogen\librail_release\librail_efr32xg1_gcc_release.a(generic_phy.o)
                0x00014c28                GENERIC_PHY_SeqAtomicLock
 .text.GENERIC_PHY_PreviousTxTime
                0x00014c5c        0xc C:\Users\shiril\SimplicityStudio\v4_workspace\LED_BLINKY_SDK2_7\platform\radio\rail_lib\autogen\librail_release\librail_efr32xg1_gcc_release.a(generic_phy.o)
                0x00014c5c                GENERIC_PHY_PreviousTxTime
 .text.GENERIC_PHY_RACConfig
                0x00014c68       0x40 C:\Users\shiril\SimplicityStudio\v4_workspace\LED_BLINKY_SDK2_7\platform\radio\rail_lib\autogen\librail_release\librail_efr32xg1_gcc_release.a(generic_phy.o)
                0x00014c68                GENERIC_PHY_RACConfig
 .text.GENERIC_PHY_ResetRxFifo
                0x00014ca8       0x30 C:\Users\shiril\SimplicityStudio\v4_workspace\LED_BLINKY_SDK2_7\platform\radio\rail_lib\autogen\librail_release\librail_efr32xg1_gcc_release.a(generic_phy.o)
                0x00014ca8                GENERIC_PHY_ResetRxFifo
 .text.GENERIC_PHY_RadioIdle
                0x00014cd8      0x138 C:\Users\shiril\SimplicityStudio\v4_workspace\LED_BLINKY_SDK2_7\platform\radio\rail_lib\autogen\librail_release\librail_efr32xg1_gcc_release.a(generic_phy.o)
                0x00014cd8                GENERIC_PHY_RadioIdle
 .text.FRC_IRQHandler
                0x00014e10      0x448 C:\Users\shiril\SimplicityStudio\v4_workspace\LED_BLINKY_SDK2_7\platform\radio\rail_lib\autogen\librail_release\librail_efr32xg1_gcc_release.a(generic_phy.o)
                0x00014e10                FRC_IRQHandler
 .text.FRC_PRI_IRQHandler
                0x00015258        0x4 C:\Users\shiril\SimplicityStudio\v4_workspace\LED_BLINKY_SDK2_7\platform\radio\rail_lib\autogen\librail_release\librail_efr32xg1_gcc_release.a(generic_phy.o)
                0x00015258                FRC_PRI_IRQHandler
 .text.BUFC_IRQHandler
                0x0001525c        0x4 C:\Users\shiril\SimplicityStudio\v4_workspace\LED_BLINKY_SDK2_7\platform\radio\rail_lib\autogen\librail_release\librail_efr32xg1_gcc_release.a(generic_phy.o)
                0x0001525c                BUFC_IRQHandler
 .text.PROTIMER_IRQHandler
                0x00015260        0x4 C:\Users\shiril\SimplicityStudio\v4_workspace\LED_BLINKY_SDK2_7\platform\radio\rail_lib\autogen\librail_release\librail_efr32xg1_gcc_release.a(generic_phy.o)
                0x00015260                PROTIMER_IRQHandler
 .text.RAC_SEQ_IRQHandler